Component: Arm Compiler for Embedded 6.19 Tool: armlink [5e73cb00]

==============================================================================

Section Cross References

    startup_stm32f407xx.o(RESET) refers to startup_stm32f407xx.o(STACK) for __initial_sp
    startup_stm32f407xx.o(RESET) refers to startup_stm32f407xx.o(.text) for Reset_Handler
    startup_stm32f407xx.o(RESET) refers to stm32f4xx_it.o(.text.NMI_Handler) for NMI_Handler
    startup_stm32f407xx.o(RESET) refers to stm32f4xx_it.o(.text.HardFault_Handler) for HardFault_Handler
    startup_stm32f407xx.o(RESET) refers to stm32f4xx_it.o(.text.MemManage_Handler) for MemManage_Handler
    startup_stm32f407xx.o(RESET) refers to stm32f4xx_it.o(.text.BusFault_Handler) for BusFault_Handler
    startup_stm32f407xx.o(RESET) refers to stm32f4xx_it.o(.text.UsageFault_Handler) for UsageFault_Handler
    startup_stm32f407xx.o(RESET) refers to stm32f4xx_it.o(.text.SVC_Handler) for SVC_Handler
    startup_stm32f407xx.o(RESET) refers to stm32f4xx_it.o(.text.DebugMon_Handler) for DebugMon_Handler
    startup_stm32f407xx.o(RESET) refers to stm32f4xx_it.o(.text.PendSV_Handler) for PendSV_Handler
    startup_stm32f407xx.o(RESET) refers to stm32f4xx_it.o(.text.SysTick_Handler) for SysTick_Handler
    startup_stm32f407xx.o(RESET) refers to stm32f4xx_it.o(.text.CAN1_RX0_IRQHandler) for CAN1_RX0_IRQHandler
    startup_stm32f407xx.o(RESET) refers to stm32f4xx_it.o(.text.TIM2_IRQHandler) for TIM2_IRQHandler
    startup_stm32f407xx.o(RESET) refers to stm32f4xx_it.o(.text.TIM4_IRQHandler) for TIM4_IRQHandler
    startup_stm32f407xx.o(RESET) refers to stm32f4xx_it.o(.text.USART1_IRQHandler) for USART1_IRQHandler
    startup_stm32f407xx.o(RESET) refers to stm32f4xx_it.o(.text.USART3_IRQHandler) for USART3_IRQHandler
    startup_stm32f407xx.o(.text) refers to system_stm32f4xx.o(.text.SystemInit) for SystemInit
    startup_stm32f407xx.o(.text) refers to entry.o(.ARM.Collect$$$$00000000) for __main
    main.o(.text.main) refers to stm32f4xx_hal.o(.text.HAL_Init) for HAL_Init
    main.o(.text.main) refers to main.o(.text.SystemClock_Config) for SystemClock_Config
    main.o(.text.main) refers to gpio.o(.text.MX_GPIO_Init) for MX_GPIO_Init
    main.o(.text.main) refers to adc.o(.text.MX_ADC1_Init) for MX_ADC1_Init
    main.o(.text.main) refers to can.o(.text.MX_CAN1_Init) for MX_CAN1_Init
    main.o(.text.main) refers to tim.o(.text.MX_TIM2_Init) for MX_TIM2_Init
    main.o(.text.main) refers to tim.o(.text.MX_TIM3_Init) for MX_TIM3_Init
    main.o(.text.main) refers to usart.o(.text.MX_USART1_UART_Init) for MX_USART1_UART_Init
    main.o(.text.main) refers to usart.o(.text.MX_USART3_UART_Init) for MX_USART3_UART_Init
    main.o(.text.main) refers to tim.o(.text.MX_TIM4_Init) for MX_TIM4_Init
    main.o(.text.main) refers to can.o(.text.CAN_Filter_Init) for CAN_Filter_Init
    main.o(.text.main) refers to protocol.o(.text.protocol_init) for protocol_init
    main.o(.text.main) refers to lkmoto.o(.text.motor_run) for motor_run
    main.o(.text.main) refers to ids830can.o(.text.LinearActuator_startRun_maxspeed_position) for LinearActuator_startRun_maxspeed_position
    main.o(.text.main) refers to stm32f4xx_hal.o(.text.HAL_Delay) for HAL_Delay
    main.o(.text.main) refers to lkmoto.o(.text.angle_close_loop_with_speed) for angle_close_loop_with_speed
    main.o(.text.main) refers to fourier_series_traj_exciting.o(.text.compensation_singleJoint_GF_angle) for compensation_singleJoint_GF_angle
    main.o(.ARM.exidx.text.main) refers to main.o(.text.main) for [Anonymous Symbol]
    main.o(.text.SystemClock_Config) refers to stm32f4xx_hal_rcc.o(.text.HAL_RCC_OscConfig) for HAL_RCC_OscConfig
    main.o(.text.SystemClock_Config) refers to stm32f4xx_hal_rcc.o(.text.HAL_RCC_ClockConfig) for HAL_RCC_ClockConfig
    main.o(.ARM.exidx.text.SystemClock_Config) refers to main.o(.text.SystemClock_Config) for [Anonymous Symbol]
    main.o(.ARM.exidx.text.Error_Handler) refers to main.o(.text.Error_Handler) for [Anonymous Symbol]
    gpio.o(.ARM.exidx.text.MX_GPIO_Init) refers to gpio.o(.text.MX_GPIO_Init) for [Anonymous Symbol]
    adc.o(.text.MX_ADC1_Init) refers to adc.o(.bss.hadc1) for hadc1
    adc.o(.text.MX_ADC1_Init) refers to stm32f4xx_hal_adc.o(.text.HAL_ADC_Init) for HAL_ADC_Init
    adc.o(.text.MX_ADC1_Init) refers to main.o(.text.Error_Handler) for Error_Handler
    adc.o(.text.MX_ADC1_Init) refers to stm32f4xx_hal_adc.o(.text.HAL_ADC_ConfigChannel) for HAL_ADC_ConfigChannel
    adc.o(.ARM.exidx.text.MX_ADC1_Init) refers to adc.o(.text.MX_ADC1_Init) for [Anonymous Symbol]
    adc.o(.text.HAL_ADC_MspInit) refers to stm32f4xx_hal_gpio.o(.text.HAL_GPIO_Init) for HAL_GPIO_Init
    adc.o(.ARM.exidx.text.HAL_ADC_MspInit) refers to adc.o(.text.HAL_ADC_MspInit) for [Anonymous Symbol]
    adc.o(.text.HAL_ADC_MspDeInit) refers to stm32f4xx_hal_gpio.o(.text.HAL_GPIO_DeInit) for HAL_GPIO_DeInit
[...]
    [Anonymous Symbol]                       0x080018b8   Section        0  stm32f4xx_hal_can.o(.text.HAL_CAN_WakeUpFromRxMsgCallback)
    [Anonymous Symbol]                       0x080018bc   Section        0  stm32f4xx_hal_dma.o(.text.HAL_DMA_Abort)
    [Anonymous Symbol]                       0x0800194c   Section        0  stm32f4xx_hal_dma.o(.text.HAL_DMA_Abort_IT)
    [Anonymous Symbol]                       0x08001970   Section        0  stm32f4xx_hal.o(.text.HAL_Delay)
    [Anonymous Symbol]                       0x08001998   Section        0  stm32f4xx_hal_gpio.o(.text.HAL_GPIO_Init)
    [Anonymous Symbol]                       0x08001b40   Section        0  stm32f4xx_hal.o(.text.HAL_GetTick)
    [Anonymous Symbol]                       0x08001b4c   Section        0  stm32f4xx_hal.o(.text.HAL_IncTick)
    [Anonymous Symbol]                       0x08001b68   Section        0  stm32f4xx_hal.o(.text.HAL_Init)
    [Anonymous Symbol]                       0x08001ba0   Section        0  stm32f4xx_hal.o(.text.HAL_InitTick)
    [Anonymous Symbol]                       0x08001be8   Section        0  stm32f4xx_hal_msp.o(.text.HAL_MspInit)
    [Anonymous Symbol]                       0x08001c20   Section        0  stm32f4xx_hal_cortex.o(.text.HAL_NVIC_EnableIRQ)
    [Anonymous Symbol]                       0x08001c48   Section        0  stm32f4xx_hal_cortex.o(.text.HAL_NVIC_SetPriority)
    [Anonymous Symbol]                       0x08001ca0   Section        0  stm32f4xx_hal_cortex.o(.text.HAL_NVIC_SetPriorityGrouping)
    [Anonymous Symbol]                       0x08001cc0   Section        0  stm32f4xx_hal_rcc.o(.text.HAL_RCC_ClockConfig)
    [Anonymous Symbol]                       0x08001e20   Section        0  stm32f4xx_hal_rcc.o(.text.HAL_RCC_GetPCLK1Freq)
    [Anonymous Symbol]                       0x08001e48   Section        0  stm32f4xx_hal_rcc.o(.text.HAL_RCC_GetPCLK2Freq)
    [Anonymous Symbol]                       0x08001e70   Section        0  stm32f4xx_hal_rcc.o(.text.HAL_RCC_GetSysClockFreq)
    [Anonymous Symbol]                       0x08001edc   Section        0  stm32f4xx_hal_rcc.o(.text.HAL_RCC_OscConfig)
    [Anonymous Symbol]                       0x08002250   Section        0  stm32f4xx_hal_cortex.o(.text.HAL_SYSTICK_Config)
    [Anonymous Symbol]                       0x0800227c   Section        0  stm32f4xx_hal_tim_ex.o(.text.HAL_TIMEx_BreakCallback)
    [Anonymous Symbol]                       0x08002280   Section        0  stm32f4xx_hal_tim_ex.o(.text.HAL_TIMEx_CommutCallback)
    [Anonymous Symbol]                       0x08002284   Section        0  stm32f4xx_hal_tim_ex.o(.text.HAL_TIMEx_MasterConfigSynchronization)
    [Anonymous Symbol]                       0x0800233c   Section        0  stm32f4xx_hal_tim.o(.text.HAL_TIM_Base_Init)
    [Anonymous Symbol]                       0x08002398   Section        0  tim.o(.text.HAL_TIM_Base_MspInit)
    [Anonymous Symbol]                       0x08002448   Section        0  stm32f4xx_hal_tim.o(.text.HAL_TIM_Base_Start)
    [Anonymous Symbol]                       0x080024ec   Section        0  stm32f4xx_hal_tim.o(.text.HAL_TIM_Base_Stop)
    [Anonymous Symbol]                       0x08002520   Section        0  stm32f4xx_hal_tim.o(.text.HAL_TIM_Base_Stop_IT)
    [Anonymous Symbol]                       0x0800255c   Section        0  stm32f4xx_hal_tim.o(.text.HAL_TIM_ConfigClockSource)
    [Anonymous Symbol]                       0x080026f8   Section        0  stm32f4xx_hal_tim.o(.text.HAL_TIM_IC_CaptureCallback)
    [Anonymous Symbol]                       0x080026fc   Section        0  stm32f4xx_hal_tim.o(.text.HAL_TIM_IRQHandler)
    [Anonymous Symbol]                       0x0800286c   Section        0  stm32f4xx_hal_tim.o(.text.HAL_TIM_OC_DelayElapsedCallback)
    [Anonymous Symbol]                       0x08002870   Section        0  stm32f4xx_hal_tim.o(.text.HAL_TIM_PWM_PulseFinishedCallback)
    [Anonymous Symbol]                       0x08002874   Section        0  tim.o(.text.HAL_TIM_PeriodElapsedCallback)
    [Anonymous Symbol]                       0x080028e4   Section        0  stm32f4xx_hal_tim.o(.text.HAL_TIM_TriggerCallback)
    [Anonymous Symbol]                       0x080028e8   Section        0  stm32f4xx_hal_uart.o(.text.HAL_UARTEx_RxEventCallback)
    [Anonymous Symbol]                       0x080028ec   Section        0  stm32f4xx_hal_uart.o(.text.HAL_UART_ErrorCallback)
    [Anonymous Symbol]                       0x080028f0   Section        0  stm32f4xx_hal_uart.o(.text.HAL_UART_IRQHandler)
    [Anonymous Symbol]                       0x08002e54   Section        0  stm32f4xx_hal_uart.o(.text.HAL_UART_Init)
    [Anonymous Symbol]                       0x08002eb4   Section        0  usart.o(.text.HAL_UART_MspInit)
    [Anonymous Symbol]                       0x08002f8c   Section        0  usart.o(.text.HAL_UART_RxCpltCallback)
    [Anonymous Symbol]                       0x08002fe8   Section        0  stm32f4xx_hal_uart.o(.text.HAL_UART_Transmit)
    [Anonymous Symbol]                       0x08003270   Section        0  stm32f4xx_hal_uart.o(.text.HAL_UART_TxCpltCallback)
    [Anonymous Symbol]                       0x08003274   Section        0  stm32f4xx_it.o(.text.HardFault_Handler)
    [Anonymous Symbol]                       0x08003278   Section        0  ids830can.o(.text.LinearActuator_read_CurrentandSpeed)
    [Anonymous Symbol]                       0x08003330   Section        0  ids830can.o(.text.LinearActuator_read_position)
    [Anonymous Symbol]                       0x080033b4   Section        0  ids830can.o(.text.LinearActuator_startRun_maxspeed_position)
    [Anonymous Symbol]                       0x080034c8   Section        0  adc.o(.text.MX_ADC1_Init)
    [Anonymous Symbol]                       0x080035b0   Section        0  can.o(.text.MX_CAN1_Init)
    [Anonymous Symbol]                       0x080035f8   Section        0  gpio.o(.text.MX_GPIO_Init)
    [Anonymous Symbol]                       0x08003658   Section        0  tim.o(.text.MX_TIM2_Init)
    [Anonymous Symbol]                       0x080036cc   Section        0  tim.o(.text.MX_TIM3_Init)
    [Anonymous Symbol]                       0x08003740   Section        0  tim.o(.text.MX_TIM4_Init)
    [Anonymous Symbol]                       0x080037b8   Section        0  usart.o(.text.MX_USART1_UART_Init)
    [Anonymous Symbol]                       0x080037f4   Section        0  usart.o(.text.MX_USART3_UART_Init)
    [Anonymous Symbol]                       0x08003830   Section        0  stm32f4xx_it.o(.text.MemManage_Handler)
    [Anonymous Symbol]                       0x08003834   Section        0  stm32f4xx_it.o(.text.NMI_Handler)
    [Anonymous Symbol]                       0x08003838   Section        0  stm32f4xx_it.o(.text.PendSV_Handler)
    [Anonymous Symbol]                       0x0800383c   Section        0  stm32f4xx_it.o(.text.SVC_Handler)
    [Anonymous Symbol]                       0x08003840   Section        0  stm32f4xx_it.o(.text.SysTick_Handler)
    [Anonymous Symbol]                       0x08003844   Section        0  main.o(.text.SystemClock_Config)
    [Anonymous Symbol]                       0x080038f4   Section        0  system_stm32f4xx.o(.text.SystemInit)
    [Anonymous Symbol]                       0x08003908   Section        0  stm32f4xx_it.o(.text.TIM2_IRQHandler)
    [Anonymous Symbol]                       0x08003914   Section        0  stm32f4xx_it.o(.text.TIM4_IRQHandler)
    [Anonymous Symbol]                       0x08003920   Section        0  stm32f4xx_hal_tim.o(.text.TIM_Base_SetConfig)
    UART_DMAAbortOnError                     0x08003a5d   Thumb Code    12  stm32f4xx_hal_uart.o(.text.UART_DMAAbortOnError)
    [Anonymous Symbol]                       0x08003a5c   Section        0  stm32f4xx_hal_uart.o(.text.UART_DMAAbortOnError)
    UART_Receive_IT                          0x08003a69   Thumb Code   254  stm32f4xx_hal_uart.o(.text.UART_Receive_IT)
    [Anonymous Symbol]                       0x08003a68   Section        0  stm32f4xx_hal_uart.o(.text.UART_Receive_IT)
    UART_SetConfig                           0x08003b69   Thumb Code   238  stm32f4xx_hal_uart.o(.text.UART_SetConfig)
    [Anonymous Symbol]                       0x08003b68   Section        0  stm32f4xx_hal_uart.o(.text.UART_SetConfig)
    [Anonymous Symbol]                       0x08003c58   Section        0  stm32f4xx_it.o(.text.USART1_IRQHandler)
    [Anonymous Symbol]                       0x08003c64   Section        0  stm32f4xx_it.o(.text.USART3_IRQHandler)
    [Anonymous Symbol]                       0x08003c90   Section        0  stm32f4xx_it.o(.text.UsageFault_Handler)
    [Anonymous Symbol]                       0x08003c94   Section        0  lkmoto.o(.text.angle_close_loop_with_speed)
    [Anonymous Symbol]                       0x08003dc0   Section        0  fourier_series_traj_exciting.o(.text.compensation_singleJoint_GF_angle)
    [Anonymous Symbol]                       0x08003fa8   Section        0  fourier_series_traj_exciting.o(.text.compute_TAU)
    [Anonymous Symbol]                       0x0802a190   Section        0  lkmoto.o(.text.driv_ans_singlejoint)
    [Anonymous Symbol]                       0x0802a2f0   Section        0  fourier_series_traj_exciting.o(.text.fourier_series_traj)
    [Anonymous Symbol]                       0x0802a484   Section        0  usart.o(.text.fputc)
    [Anonymous Symbol]                       0x0802a4a4   Section        0  main.o(.text.main)
    [Anonymous Symbol]                       0x0802a580   Section        0  lkmoto.o(.text.motor_run)
    [Anonymous Symbol]                       0x0802a5e0   Section        0  sensors_reading.o(.text.pressure_SensorReading)
    [Anonymous Symbol]                       0x0802a710   Section        0  protocol.o(.text.protocol_data_recv)
    [Anonymous Symbol]                       0x0802a770   Section        0  protocol.o(.text.protocol_init)
    [Anonymous Symbol]                       0x0802a78c   Section        0  lkmoto.o(.text.read_angle)
    [Anonymous Symbol]                       0x0802a8e0   Section        0  lkmoto.o(.text.read_status2)
    [Anonymous Symbol]                       0x0802aaa8   Section        0  protocol.o(.text.receiving_process)
    [Anonymous Symbol]                       0x0802ac88   Section        0  fourier_series_traj_exciting.o(.text.run_fourier_series_traj)
    __arm_cp.7_7                             0x0802ae1c   Number         4  fourier_series_traj_exciting.o(.text.run_fourier_series_traj)
    __arm_cp.7_8                             0x0802ae20   Number         4  fourier_series_traj_exciting.o(.text.run_fourier_series_traj)
    __arm_cp.7_9                             0x0802ae24   Number         4  fourier_series_traj_exciting.o(.text.run_fourier_series_traj)
    __arm_cp.7_10                            0x0802ae28   Number         4  fourier_series_traj_exciting.o(.text.run_fourier_series_traj)
    __arm_cp.7_11                            0x0802ae2c   Number         4  fourier_series_traj_exciting.o(.text.run_fourier_series_traj)
    i.__0printf                              0x0802b100   Section        0  printfa.o(i.__0printf)
    i.__ARM_fpclassify                       0x0802b120   Section        0  fpclassify.o(i.__ARM_fpclassify)
    i.__hardfp_cos                           0x0802b150   Section        0  cos.o(i.__hardfp_cos)
    i.__hardfp_sin                           0x0802b218   Section        0  sin.o(i.__hardfp_sin)
    i.__ieee754_rem_pio2                     0x0802b2e0   Section        0  rred.o(i.__ieee754_rem_pio2)
    i.__kernel_cos                           0x0802b718   Section        0  cos_i.o(i.__kernel_cos)
    i.__kernel_poly                          0x0802b888   Section        0  poly.o(i.__kernel_poly)
    i.__kernel_sin                           0x0802b980   Section        0  sin_i.o(i.__kernel_sin)
    i.__mathlib_dbl_infnan                   0x0802bab0   Section        0  dunder.o(i.__mathlib_dbl_infnan)
    i.__mathlib_dbl_invalid                  0x0802bac8   Section        0  dunder.o(i.__mathlib_dbl_invalid)
    i.__mathlib_dbl_underflow                0x0802bae8   Section        0  dunder.o(i.__mathlib_dbl_underflow)
    i.__scatterload_copy                     0x0802bb08   Section       14  handlers.o(i.__scatterload_copy)
    i.__scatterload_null                     0x0802bb16   Section        2  handlers.o(i.__scatterload_null)
    i.__scatterload_zeroinit                 0x0802bb18   Section       14  handlers.o(i.__scatterload_zeroinit)
    i.__set_errno                            0x0802bb28   Section        0  errno.o(i.__set_errno)
    _fp_digits                               0x0802bb35   Thumb Code   366  printfa.o(i._fp_digits)
    i._fp_digits                             0x0802bb34   Section        0  printfa.o(i._fp_digits)
    _printf_core                             0x0802bcb9   Thumb Code  1744  printfa.o(i._printf_core)
    i._printf_core                           0x0802bcb8   Section        0  printfa.o(i._printf_core)
    _printf_post_padding                     0x0802c395   Thumb Code    36  printfa.o(i._printf_post_padding)
    i._printf_post_padding                   0x0802c394   Section        0  printfa.o(i._printf_post_padding)
    _printf_pre_padding                      0x0802c3b9   Thumb Code    46  printfa.o(i._printf_pre_padding)
    i._printf_pre_padding                    0x0802c3b8   Section        0  printfa.o(i._printf_pre_padding)
    i.fabs                                   0x0802c3e6   Section        0  fabs.o(i.fabs)
    i.puts                                   0x0802c400   Section        0  puts.o(i.puts)
    C                                        0x0802c428   Data          48  cos_i.o(.constdata)
    .constdata                               0x0802c428   Section       48  cos_i.o(.constdata)
    pio2s                                    0x0802c458   Data          48  rred.o(.constdata)
    .constdata                               0x0802c458   Section      204  rred.o(.constdata)
    twooverpi                                0x0802c488   Data         156  rred.o(.constdata)
    S                                        0x0802c528   Data          40  sin_i.o(.constdata)
    .constdata                               0x0802c528   Section       40  sin_i.o(.constdata)
    .L.str.1                                 0x0802c568   Data          10  fourier_series_traj_exciting.o(.rodata.str1.1)
    [Anonymous Symbol]                       0x0802c568   Section        0  fourier_series_traj_exciting.o(.rodata.str1.1)
    .L.str.5                                 0x0802c572   Data         386  fourier_series_traj_exciting.o(.rodata.str1.1)
    .L.str.4                                 0x0802c6f4   Data          13  fourier_series_traj_exciting.o(.rodata.str1.1)
    .L.str.2                                 0x0802c701   Data         369  lkmoto.o(.rodata.str1.1)
    .Lstr.7                                  0x0802c701   Data           9  lkmoto.o(.rodata.str1.1)
    [Anonymous Symbol]                       0x0802c701   Section        0  lkmoto.o(.rodata.str1.1)
    .data                                    0x20000000   Section        4  stdout.o(.data)
    _errno                                   0x20000004   Data           4  errno.o(.data)
    .data                                    0x20000004   Section        4  errno.o(.data)
    .L_MergedGlobals                         0x20000008   Data          12  fourier_series_traj_exciting.o(.data..L_MergedGlobals)
    [Anonymous Symbol]                       0x20000008   Section        0  fourier_series_traj_exciting.o(.data..L_MergedGlobals)
    .L_MergedGlobals                         0x20000014   Data           8  stm32f4xx_hal.o(.data..L_MergedGlobals)
    [Anonymous Symbol]                       0x20000014   Section        0  stm32f4xx_hal.o(.data..L_MergedGlobals)
    .L_MergedGlobals                         0x20000130   Data         112  can.o(.bss..L_MergedGlobals)
    [Anonymous Symbol]                       0x20000130   Section        0  can.o(.bss..L_MergedGlobals)
    .L_MergedGlobals                         0x200001a0   Data           4  usart.o(.bss..L_MergedGlobals)
    [Anonymous Symbol]                       0x200001a0   Section        0  usart.o(.bss..L_MergedGlobals)
    .L_MergedGlobals                         0x200001a4   Data          32  ids830can.o(.bss..L_MergedGlobals)
    [Anonymous Symbol]                       0x200001a4   Section        0  ids830can.o(.bss..L_MergedGlobals)
    IDS830_can_send.txMailBox                0x200001b0   Data           4  ids830can.o(.bss..L_MergedGlobals)
    .L_MergedGlobals                         0x200001c4   Data         112  lkmoto.o(.bss..L_MergedGlobals)
    [Anonymous Symbol]                       0x200001c4   Section        0  lkmoto.o(.bss..L_MergedGlobals)
    can_send.txMailBox                       0x200001c8   Data           4  lkmoto.o(.bss..L_MergedGlobals)
    .L_MergedGlobals                         0x20000234   Data          80  sensors_reading.o(.bss..L_MergedGlobals)
    [Anonymous Symbol]                       0x20000234   Section        0  sensors_reading.o(.bss..L_MergedGlobals)
    .L_MergedGlobals                         0x20000284   Data          84  protocol.o(.bss..L_MergedGlobals)
    [Anonymous Symbol]                       0x20000284   Section        0  protocol.o(.bss..L_MergedGlobals)
    parser                                   0x20000290   Data          12  protocol.o(.bss..L_MergedGlobals)
    .L_MergedGlobals.2                       0x200002d8   Data          80  can.o(.bss..L_MergedGlobals.2)
    [Anonymous Symbol]                       0x200002d8   Section        0  can.o(.bss..L_MergedGlobals.2)
    .L_MergedGlobals.6                       0x20000328   Data         120  fourier_series_traj_exciting.o(.bss..L_MergedGlobals.6)
    [Anonymous Symbol]                       0x20000328   Section        0  fourier_series_traj_exciting.o(.bss..L_MergedGlobals.6)
    .L_MergedGlobals.8                       0x200003a0   Data          56  lkmoto.o(.bss..L_MergedGlobals.8)
    [Anonymous Symbol]                       0x200003a0   Section        0  lkmoto.o(.bss..L_MergedGlobals.8)
    recv_buf                                 0x200008d4   Data         128  protocol.o(.bss.recv_buf)
    [Anonymous Symbol]                       0x200008d4   Section        0  protocol.o(.bss.recv_buf)
    STACK                                    0x200009e8   Section     1024  startup_stm32f407xx.o(STACK)

    Global Symbols

    Symbol Name                              Value     Ov Type        Size  Object(Section)

    BuildAttributes$$THM_ISAv4$E$P$D$K$B$S$7EM$VFPi3$EXTD16$VFPS$VFMA$PE$A:L22UL41UL21$X:L11$S22US41US21$IEEE1$IW$~IW$USESV6$~STKCKD$USESV7$~SHL$OTIME$ROPI$IEEEX$EBA8$MICROLIB$REQ8$PRES8$EABIv2 0x00000000   Number         0  anon$$obj.o ABSOLUTE
    _printf_a                                0x00000000   Number         0  printfstubs.o ABSOLUTE
    _printf_c                                0x00000000   Number         0  printfstubs.o ABSOLUTE
    _printf_charcount                        0x00000000   Number         0  printfstubs.o ABSOLUTE
    _printf_d                                0x00000000   Number         0  printfstubs.o ABSOLUTE
    _printf_e                                0x00000000   Number         0  printfstubs.o ABSOLUTE
    _printf_f                                0x00000000   Number         0  printfstubs.o ABSOLUTE
    _printf_flags                            0x00000000   Number         0  printfstubs.o ABSOLUTE
    _printf_fp_dec                           0x00000000   Number         0  printfstubs.o ABSOLUTE
    _printf_fp_hex                           0x00000000   Number         0  printfstubs.o ABSOLUTE
    _printf_g                                0x00000000   Number         0  printfstubs.o ABSOLUTE
    _printf_i                                0x00000000   Number         0  printfstubs.o ABSOLUTE
    _printf_int_dec                          0x00000000   Number         0  printfstubs.o ABSOLUTE
    _printf_l                                0x00000000   Number         0  printfstubs.o ABSOLUTE
    _printf_lc                               0x00000000   Number         0  printfstubs.o ABSOLUTE
    _printf_ll                               0x00000000   Number         0  printfstubs.o ABSOLUTE
    _printf_lld                              0x00000000   Number         0  printfstubs.o ABSOLUTE
    _printf_lli                              0x00000000   Number         0  printfstubs.o ABSOLUTE
    _printf_llo                              0x00000000   Number         0  printfstubs.o ABSOLUTE
    _printf_llu                              0x00000000   Number         0  printfstubs.o ABSOLUTE
    _printf_llx                              0x00000000   Number         0  printfstubs.o ABSOLUTE
    _printf_longlong_dec                     0x00000000   Number         0  printfstubs.o ABSOLUTE
    _printf_longlong_hex                     0x00000000   Number         0  printfstubs.o ABSOLUTE
    _printf_longlong_oct                     0x00000000   Number         0  printfstubs.o ABSOLUTE
    _printf_ls                               0x00000000   Number         0  printfstubs.o ABSOLUTE
    _printf_mbtowc                           0x00000000   Number         0  printfstubs.o ABSOLUTE
    _printf_n                                0x00000000   Number         0  printfstubs.o ABSOLUTE
    _printf_o                                0x00000000   Number         0  printfstubs.o ABSOLUTE
    _printf_p                                0x00000000   Number         0  printfstubs.o ABSOLUTE
    _printf_percent                          0x00000000   Number         0  printfstubs.o ABSOLUTE
    _printf_pre_padding                      0x00000000   Number         0  printfstubs.o ABSOLUTE
    _printf_return_value                     0x00000000   Number         0  printfstubs.o ABSOLUTE
    _printf_s                                0x00000000   Number         0  printfstubs.o ABSOLUTE
    _printf_sizespec                         0x00000000   Number         0  printfstubs.o ABSOLUTE
    _printf_str                              0x00000000   Number         0  printfstubs.o ABSOLUTE
    _printf_truncate_signed                  0x00000000   Number         0  printfstubs.o ABSOLUTE
    _printf_truncate_unsigned                0x00000000   Number         0  printfstubs.o ABSOLUTE
    _printf_u                                0x00000000   Number         0  printfstubs.o ABSOLUTE
    _printf_wc                               0x00000000   Number         0  printfstubs.o ABSOLUTE
    _printf_wctomb                           0x00000000   Number         0  printfstubs.o ABSOLUTE
    _printf_widthprec                        0x00000000   Number         0  printfstubs.o ABSOLUTE
    _printf_x                                0x00000000   Number         0  printfstubs.o ABSOLUTE
    __cpp_initialize__aeabi_                  - Undefined Weak Reference
    __cxa_finalize                            - Undefined Weak Reference
    __decompress                              - Undefined Weak Reference
    _clock_init                               - Undefined Weak Reference
    _microlib_exit                            - Undefined Weak Reference
    __Vectors_Size                           0x00000188   Number         0  startup_stm32f407xx.o ABSOLUTE
    __Vectors                                0x08000000   Data           4  startup_stm32f407xx.o(RESET)
    __Vectors_End                            0x08000188   Data           0  startup_stm32f407xx.o(RESET)
    __main                                   0x08000189   Thumb Code     0  entry.o(.ARM.Collect$$$$00000000)
    _main_stk                                0x08000189   Thumb Code     0  entry2.o(.ARM.Collect$$$$00000001)
    _main_scatterload                        0x0800018d   Thumb Code     0  entry5.o(.ARM.Collect$$$$00000004)
    __main_after_scatterload                 0x08000191   Thumb Code     0  entry5.o(.ARM.Collect$$$$00000004)
    _main_clock                              0x08000191   Thumb Code     0  entry7b.o(.ARM.Collect$$$$00000008)
    _main_cpp_init                           0x08000191   Thumb Code     0  entry8b.o(.ARM.Collect$$$$0000000A)
    _main_init                               0x08000191   Thumb Code     0  entry9a.o(.ARM.Collect$$$$0000000B)
    __rt_final_cpp                           0x08000199   Thumb Code     0  entry10a.o(.ARM.Collect$$$$0000000D)
    __rt_final_exit                          0x08000199   Thumb Code     0  entry11a.o(.ARM.Collect$$$$0000000F)
    Reset_Handler                            0x0800019d   Thumb Code     8  startup_stm32f407xx.o(.text)
    ADC_IRQHandler                           0x080001b7   Thumb Code     0  startup_stm32f407xx.o(.text)
    CAN1_RX1_IRQHandler                      0x080001b7   Thumb Code     0  startup_stm32f407xx.o(.text)
    CAN1_SCE_IRQHandler                      0x080001b7   Thumb Code     0  startup_stm32f407xx.o(.text)
    CAN1_TX_IRQHandler                       0x080001b7   Thumb Code     0  startup_stm32f407xx.o(.text)
    CAN2_RX0_IRQHandler                      0x080001b7   Thumb Code     0  startup_stm32f407xx.o(.text)
    CAN2_RX1_IRQHandler                      0x080001b7   Thumb Code     0  startup_stm32f407xx.o(.text)
    CAN2_SCE_IRQHandler                      0x080001b7   Thumb Code     0  startup_stm32f407xx.o(.text)
    CAN2_TX_IRQHandler                       0x080001b7   Thumb Code     0  startup_stm32f407xx.o(.text)
    DCMI_IRQHandler                          0x080001b7   Thumb Code     0  startup_stm32f407xx.o(.text)
    DMA1_Stream0_IRQHandler                  0x080001b7   Thumb Code     0  startup_stm32f407xx.o(.text)
    DMA1_Stream1_IRQHandler                  0x080001b7   Thumb Code     0  startup_stm32f407xx.o(.text)
    DMA1_Stream2_IRQHandler                  0x080001b7   Thumb Code     0  startup_stm32f407xx.o(.text)
    DMA1_Stream3_IRQHandler                  0x080001b7   Thumb Code     0  startup_stm32f407xx.o(.text)
    DMA1_Stream4_IRQHandler                  0x080001b7   Thumb Code     0  startup_stm32f407xx.o(.text)
    DMA1_Stream5_IRQHandler                  0x080001b7   Thumb Code     0  startup_stm32f407xx.o(.text)
    DMA1_Stream6_IRQHandler                  0x080001b7   Thumb Code     0  startup_stm32f407xx.o(.text)
    DMA1_Stream7_IRQHandler                  0x080001b7   Thumb Code     0  startup_stm32f407xx.o(.text)
    DMA2_Stream0_IRQHandler                  0x080001b7   Thumb Code     0  startup_stm32f407xx.o(.text)
    DMA2_Stream1_IRQHandler                  0x080001b7   Thumb Code     0  startup_stm32f407xx.o(.text)
    DMA2_Stream2_IRQHandler                  0x080001b7   Thumb Code     0  startup_stm32f407xx.o(.text)
    DMA2_Stream3_IRQHandler                  0x080001b7   Thumb Code     0  startup_stm32f407xx.o(.text)
    DMA2_Stream4_IRQHandler                  0x080001b7   Thumb Code     0  startup_stm32f407xx.o(.text)
    DMA2_Stream5_IRQHandler                  0x080001b7   Thumb Code     0  startup_stm32f407xx.o(.text)
    DMA2_Stream6_IRQHandler                  0x080001b7   Thumb Code     0  startup_stm32f407xx.o(.text)
    DMA2_Stream7_IRQHandler                  0x080001b7   Thumb Code     0  startup_stm32f407xx.o(.text)
    ETH_IRQHandler                           0x080001b7   Thumb Code     0  startup_stm32f407xx.o(.text)
    ETH_WKUP_IRQHandler                      0x080001b7   Thumb Code     0  startup_stm32f407xx.o(.text)
    EXTI0_IRQHandler                         0x080001b7   Thumb Code     0  startup_stm32f407xx.o(.text)
    EXTI15_10_IRQHandler                     0x080001b7   Thumb Code     0  startup_stm32f407xx.o(.text)
    EXTI1_IRQHandler                         0x080001b7   Thumb Code     0  startup_stm32f407xx.o(.text)
    EXTI2_IRQHandler                         0x080001b7   Thumb Code     0  startup_stm32f407xx.o(.text)
    EXTI3_IRQHandler                         0x080001b7   Thumb Code     0  startup_stm32f407xx.o(.text)
    EXTI4_IRQHandler                         0x080001b7   Thumb Code     0  startup_stm32f407xx.o(.text)
    EXTI9_5_IRQHandler                       0x080001b7   Thumb Code     0  startup_stm32f407xx.o(.text)
    FLASH_IRQHandler                         0x080001b7   Thumb Code     0  startup_stm32f407xx.o(.text)
    FMC_IRQHandler                           0x080001b7   Thumb Code     0  startup_stm32f407xx.o(.text)
    FPU_IRQHandler                           0x080001b7   Thumb Code     0  startup_stm32f407xx.o(.text)
    HASH_RNG_IRQHandler                      0x080001b7   Thumb Code     0  startup_stm32f407xx.o(.text)
    I2C1_ER_IRQHandler                       0x080001b7   Thumb Code     0  startup_stm32f407xx.o(.text)
    I2C1_EV_IRQHandler                       0x080001b7   Thumb Code     0  startup_stm32f407xx.o(.text)
    I2C2_ER_IRQHandler                       0x080001b7   Thumb Code     0  startup_stm32f407xx.o(.text)
    I2C2_EV_IRQHandler                       0x080001b7   Thumb Code     0  startup_stm32f407xx.o(.text)
    I2C3_ER_IRQHandler                       0x080001b7   Thumb Code     0  startup_stm32f407xx.o(.text)
    I2C3_EV_IRQHandler                       0x080001b7   Thumb Code     0  startup_stm32f407xx.o(.text)
    OTG_FS_IRQHandler                        0x080001b7   Thumb Code     0  startup_stm32f407xx.o(.text)
    OTG_FS_WKUP_IRQHandler                   0x080001b7   Thumb Code     0  startup_stm32f407xx.o(.text)
    OTG_HS_EP1_IN_IRQHandler                 0x080001b7   Thumb Code     0  startup_stm32f407xx.o(.text)
    OTG_HS_EP1_OUT_IRQHandler                0x080001b7   Thumb Code     0  startup_stm32f407xx.o(.text)
    OTG_HS_IRQHandler                        0x080001b7   Thumb Code     0  startup_stm32f407xx.o(.text)
    OTG_HS_WKUP_IRQHandler                   0x080001b7   Thumb Code     0  startup_stm32f407xx.o(.text)
    PVD_IRQHandler                           0x080001b7   Thumb Code     0  startup_stm32f407xx.o(.text)
    RCC_IRQHandler                           0x080001b7   Thumb Code     0  startup_stm32f407xx.o(.text)
    RTC_Alarm_IRQHandler                     0x080001b7   Thumb Code     0  startup_stm32f407xx.o(.text)
    RTC_WKUP_IRQHandler                      0x080001b7   Thumb Code     0  startup_stm32f407xx.o(.text)
    SDIO_IRQHandler                          0x080001b7   Thumb Code     0  startup_stm32f407xx.o(.text)
    SPI1_IRQHandler                          0x080001b7   Thumb Code     0  startup_stm32f407xx.o(.text)
    SPI2_IRQHandler                          0x080001b7   Thumb Code     0  startup_stm32f407xx.o(.text)
    SPI3_IRQHandler                          0x080001b7   Thumb Code     0  startup_stm32f407xx.o(.text)
    TAMP_STAMP_IRQHandler                    0x080001b7   Thumb Code     0  startup_stm32f407xx.o(.text)
    TIM1_BRK_TIM9_IRQHandler                 0x080001b7   Thumb Code     0  startup_stm32f407xx.o(.text)
    TIM1_CC_IRQHandler                       0x080001b7   Thumb Code     0  startup_stm32f407xx.o(.text)
    TIM1_TRG_COM_TIM11_IRQHandler            0x080001b7   Thumb Code     0  startup_stm32f407xx.o(.text)
    TIM1_UP_TIM10_IRQHandler                 0x080001b7   Thumb Code     0  startup_stm32f407xx.o(.text)
    TIM3_IRQHandler                          0x080001b7   Thumb Code     0  startup_stm32f407xx.o(.text)
    TIM5_IRQHandler                          0x080001b7   Thumb Code     0  startup_stm32f407xx.o(.text)
    TIM6_DAC_IRQHandler                      0x080001b7   Thumb Code     0  startup_stm32f407xx.o(.text)
    TIM7_IRQHandler                          0x080001b7   Thumb Code     0  startup_stm32f407xx.o(.text)
    TIM8_BRK_TIM12_IRQHandler                0x080001b7   Thumb Code     0  startup_stm32f407xx.o(.text)
    TIM8_CC_IRQHandler                       0x080001b7   Thumb Code     0  startup_stm32f407xx.o(.text)
    TIM8_TRG_COM_TIM14_IRQHandler            0x080001b7   Thumb Code     0  startup_stm32f407xx.o(.text)
    TIM8_UP_TIM13_IRQHandler                 0x080001b7   Thumb Code     0  startup_stm32f407xx.o(.text)
    UART4_IRQHandler                         0x080001b7   Thumb Code     0  startup_stm32f407xx.o(.text)
    UART5_IRQHandler                         0x080001b7   Thumb Code     0  startup_stm32f407xx.o(.text)
    USART2_IRQHandler                        0x080001b7   Thumb Code     0  startup_stm32f407xx.o(.text)
    USART6_IRQHandler                        0x080001b7   Thumb Code     0  startup_stm32f407xx.o(.text)
    WWDG_IRQHandler                          0x080001b7   Thumb Code     0  startup_stm32f407xx.o(.text)
    __aeabi_uldivmod                         0x080001c1   Thumb Code    98  uldiv.o(.text)
    __aeabi_memcpy                           0x08000223   Thumb Code    36  memcpya.o(.text)
    __aeabi_memcpy4                          0x08000223   Thumb Code     0  memcpya.o(.text)
    __aeabi_memcpy8                          0x08000223   Thumb Code     0  memcpya.o(.text)
    __aeabi_dadd                             0x08000247   Thumb Code   322  dadd.o(.text)
    __aeabi_dsub                             0x08000389   Thumb Code     6  dadd.o(.text)
    __aeabi_drsub                            0x0800038f   Thumb Code     6  dadd.o(.text)
    __aeabi_dmul                             0x08000395   Thumb Code   228  dmul.o(.text)
    __aeabi_ddiv                             0x08000479   Thumb Code   222  ddiv.o(.text)
    __aeabi_dcmplt                           0x08000557   Thumb Code    54  dcmplt.o(.text)
    __aeabi_i2d                              0x0800058d   Thumb Code    34  dflti.o(.text)
    __aeabi_d2iz                             0x080005af   Thumb Code    62  dfixi.o(.text)
    __aeabi_f2d                              0x080005ed   Thumb Code    38  f2d.o(.text)
    __aeabi_d2f                              0x08000613   Thumb Code    56  d2f.o(.text)
    __aeabi_uidiv                            0x0800064b   Thumb Code     0  uidiv.o(.text)
    __aeabi_uidivmod                         0x0800064b   Thumb Code    44  uidiv.o(.text)
    __aeabi_llsl                             0x08000677   Thumb Code    30  llshl.o(.text)
    _ll_shift_l                              0x08000677   Thumb Code     0  llshl.o(.text)
    __aeabi_llsr                             0x08000695   Thumb Code    32  llushr.o(.text)
    _ll_ushift_r                             0x08000695   Thumb Code     0  llushr.o(.text)
    __aeabi_lasr                             0x080006b5   Thumb Code    36  llsshr.o(.text)
    _ll_sshift_r                             0x080006b5   Thumb Code     0  llsshr.o(.text)
    __I$use$fp                               0x080006d9   Thumb Code     0  iusefp.o(.text)
    _float_round                             0x080006d9   Thumb Code    18  fepilogue.o(.text)
    _float_epilogue                          0x080006eb   Thumb Code    92  fepilogue.o(.text)
    _double_round                            0x08000747   Thumb Code    30  depilogue.o(.text)
    _double_epilogue                         0x08000765   Thumb Code   156  depilogue.o(.text)
    __aeabi_d2ulz                            0x08000801   Thumb Code    48  dfixul.o(.text)
    __aeabi_cdrcmple                         0x08000831   Thumb Code    48  cdrcmple.o(.text)
    __scatterload                            0x08000861   Thumb Code    28  init.o(.text)
    __scatterload_rt2                        0x08000861   Thumb Code     0  init.o(.text)
    __aeabi_ui2d                             0x08000885   Thumb Code    26  dfltui.o(.text)
    BusFault_Handler                         0x080008a1   Thumb Code     2  stm32f4xx_it.o(.text.BusFault_Handler)
    CAN1_RX0_IRQHandler                      0x080008a5   Thumb Code    12  stm32f4xx_it.o(.text.CAN1_RX0_IRQHandler)
    CAN_Filter_Init                          0x080008b1   Thumb Code   108  can.o(.text.CAN_Filter_Init)
    DebugMon_Handler                         0x08000951   Thumb Code     2  stm32f4xx_it.o(.text.DebugMon_Handler)
    Delay_ms                                 0x08000955   Thumb Code    86  tim.o(.text.Delay_ms)
    Delay_us                                 0x080009ad   Thumb Code    68  tim.o(.text.Delay_us)
    Error_Handler                            0x080009f1   Thumb Code    10  main.o(.text.Error_Handler)
    HAL_ADC_ConfigChannel                    0x080009fd   Thumb Code   326  stm32f4xx_hal_adc.o(.text.HAL_ADC_ConfigChannel)
    HAL_ADC_GetState                         0x08000b45   Thumb Code     4  stm32f4xx_hal_adc.o(.text.HAL_ADC_GetState)
    HAL_ADC_GetValue                         0x08000b49   Thumb Code     6  stm32f4xx_hal_adc.o(.text.HAL_ADC_GetValue)
    HAL_ADC_Init                             0x08000b51   Thumb Code   350  stm32f4xx_hal_adc.o(.text.HAL_ADC_Init)
    HAL_ADC_MspInit                          0x08000cb1   Thumb Code   176  adc.o(.text.HAL_ADC_MspInit)
    HAL_ADC_PollForConversion                0x08000d61   Thumb Code   252  stm32f4xx_hal_adc.o(.text.HAL_ADC_PollForConversion)
    HAL_ADC_Start                            0x08000e5d   Thumb Code   342  stm32f4xx_hal_adc.o(.text.HAL_ADC_Start)
    HAL_CAN_ActivateNotification             0x08000fb5   Thumb Code    46  stm32f4xx_hal_can.o(.text.HAL_CAN_ActivateNotification)
    HAL_CAN_AddTxMessage                     0x08000fe5   Thumb Code   192  stm32f4xx_hal_can.o(.text.HAL_CAN_AddTxMessage)
    HAL_CAN_ConfigFilter                     0x080010a5   Thumb Code   222  stm32f4xx_hal_can.o(.text.HAL_CAN_ConfigFilter)
    HAL_CAN_ErrorCallback                    0x08001185   Thumb Code     2  stm32f4xx_hal_can.o(.text.HAL_CAN_ErrorCallback)
    HAL_CAN_GetRxMessage                     0x08001189   Thumb Code   286  stm32f4xx_hal_can.o(.text.HAL_CAN_GetRxMessage)
    HAL_CAN_IRQHandler                       0x080012a9   Thumb Code   606  stm32f4xx_hal_can.o(.text.HAL_CAN_IRQHandler)
    HAL_CAN_Init                             0x08001509   Thumb Code   244  stm32f4xx_hal_can.o(.text.HAL_CAN_Init)
    HAL_CAN_MspInit                          0x080015fd   Thumb Code   124  can.o(.text.HAL_CAN_MspInit)
    HAL_CAN_RxFifo0FullCallback              0x08001679   Thumb Code     2  stm32f4xx_hal_can.o(.text.HAL_CAN_RxFifo0FullCallback)
    HAL_CAN_RxFifo0MsgPendingCallback        0x0800167d   Thumb Code   442  can.o(.text.HAL_CAN_RxFifo0MsgPendingCallback)
    HAL_CAN_RxFifo1FullCallback              0x08001839   Thumb Code     2  stm32f4xx_hal_can.o(.text.HAL_CAN_RxFifo1FullCallback)
    HAL_CAN_RxFifo1MsgPendingCallback        0x0800183d   Thumb Code     2  stm32f4xx_hal_can.o(.text.HAL_CAN_RxFifo1MsgPendingCallback)
    HAL_CAN_SleepCallback                    0x08001841   Thumb Code     2  stm32f4xx_hal_can.o(.text.HAL_CAN_SleepCallback)
    HAL_CAN_Start                            0x08001845   Thumb Code    90  stm32f4xx_hal_can.o(.text.HAL_CAN_Start)
    HAL_CAN_TxMailbox0AbortCallback          0x080018a1   Thumb Code     2  stm32f4xx_hal_can.o(.text.HAL_CAN_TxMailbox0AbortCallback)
    HAL_CAN_TxMailbox0CompleteCallback       0x080018a5   Thumb Code     2  stm32f4xx_hal_can.o(.text.HAL_CAN_TxMailbox0CompleteCallback)
    HAL_CAN_TxMailbox1AbortCallback          0x080018a9   Thumb Code     2  stm32f4xx_hal_can.o(.text.HAL_CAN_TxMailbox1AbortCallback)
    HAL_CAN_TxMailbox1CompleteCallback       0x080018ad   Thumb Code     2  stm32f4xx_hal_can.o(.text.HAL_CAN_TxMailbox1CompleteCallback)
    HAL_CAN_TxMailbox2AbortCallback          0x080018b1   Thumb Code     2  stm32f4xx_hal_can.o(.text.HAL_CAN_TxMailbox2AbortCallback)
    HAL_CAN_TxMailbox2CompleteCallback       0x080018b5   Thumb Code     2  stm32f4xx_hal_can.o(.text.HAL_CAN_TxMailbox2CompleteCallback)
    HAL_CAN_WakeUpFromRxMsgCallback          0x080018b9   Thumb Code     2  stm32f4xx_hal_can.o(.text.HAL_CAN_WakeUpFromRxMsgCallback)
    HAL_DMA_Abort                            0x080018bd   Thumb Code   142  stm32f4xx_hal_dma.o(.text.HAL_DMA_Abort)
    HAL_DMA_Abort_IT                         0x0800194d   Thumb Code    36  stm32f4xx_hal_dma.o(.text.HAL_DMA_Abort_IT)
    HAL_Delay                                0x08001971   Thumb Code    40  stm32f4xx_hal.o(.text.HAL_Delay)
    HAL_GPIO_Init                            0x08001999   Thumb Code   422  stm32f4xx_hal_gpio.o(.text.HAL_GPIO_Init)
    HAL_GetTick                              0x08001b41   Thumb Code    12  stm32f4xx_hal.o(.text.HAL_GetTick)
    HAL_IncTick                              0x08001b4d   Thumb Code    26  stm32f4xx_hal.o(.text.HAL_IncTick)
    HAL_Init                                 0x08001b69   Thumb Code    54  stm32f4xx_hal.o(.text.HAL_Init)
    HAL_InitTick                             0x08001ba1   Thumb Code    72  stm32f4xx_hal.o(.text.HAL_InitTick)
    HAL_MspInit                              0x08001be9   Thumb Code    56  stm32f4xx_hal_msp.o(.text.HAL_MspInit)
    HAL_NVIC_EnableIRQ                       0x08001c21   Thumb Code    38  stm32f4xx_hal_cortex.o(.text.HAL_NVIC_EnableIRQ)
    HAL_NVIC_SetPriority                     0x08001c49   Thumb Code    86  stm32f4xx_hal_cortex.o(.text.HAL_NVIC_SetPriority)
    HAL_NVIC_SetPriorityGrouping             0x08001ca1   Thumb Code    32  stm32f4xx_hal_cortex.o(.text.HAL_NVIC_SetPriorityGrouping)
    HAL_RCC_ClockConfig                      0x08001cc1   Thumb Code   352  stm32f4xx_hal_rcc.o(.text.HAL_RCC_ClockConfig)
    HAL_RCC_GetPCLK1Freq                     0x08001e21   Thumb Code    38  stm32f4xx_hal_rcc.o(.text.HAL_RCC_GetPCLK1Freq)
    HAL_RCC_GetPCLK2Freq                     0x08001e49   Thumb Code    38  stm32f4xx_hal_rcc.o(.text.HAL_RCC_GetPCLK2Freq)
    HAL_RCC_GetSysClockFreq                  0x08001e71   Thumb Code   106  stm32f4xx_hal_rcc.o(.text.HAL_RCC_GetSysClockFreq)
    HAL_RCC_OscConfig                        0x08001edd   Thumb Code   884  stm32f4xx_hal_rcc.o(.text.HAL_RCC_OscConfig)
    HAL_SYSTICK_Config                       0x08002251   Thumb Code    44  stm32f4xx_hal_cortex.o(.text.HAL_SYSTICK_Config)
    HAL_TIMEx_BreakCallback                  0x0800227d   Thumb Code     2  stm32f4xx_hal_tim_ex.o(.text.HAL_TIMEx_BreakCallback)
    HAL_TIMEx_CommutCallback                 0x08002281   Thumb Code     2  stm32f4xx_hal_tim_ex.o(.text.HAL_TIMEx_CommutCallback)
    HAL_TIMEx_MasterConfigSynchronization    0x08002285   Thumb Code   182  stm32f4xx_hal_tim_ex.o(.text.HAL_TIMEx_MasterConfigSynchronization)
    HAL_TIM_Base_Init                        0x0800233d   Thumb Code    90  stm32f4xx_hal_tim.o(.text.HAL_TIM_Base_Init)
    HAL_TIM_Base_MspInit                     0x08002399   Thumb Code   174  tim.o(.text.HAL_TIM_Base_MspInit)
    HAL_TIM_Base_Start                       0x08002449   Thumb Code   162  stm32f4xx_hal_tim.o(.text.HAL_TIM_Base_Start)
    HAL_TIM_Base_Stop                        0x080024ed   Thumb Code    52  stm32f4xx_hal_tim.o(.text.HAL_TIM_Base_Stop)
    HAL_TIM_Base_Stop_IT                     0x08002521   Thumb Code    60  stm32f4xx_hal_tim.o(.text.HAL_TIM_Base_Stop_IT)
    HAL_TIM_ConfigClockSource                0x0800255d   Thumb Code   412  stm32f4xx_hal_tim.o(.text.HAL_TIM_ConfigClockSource)
    HAL_TIM_IC_CaptureCallback               0x080026f9   Thumb Code     2  stm32f4xx_hal_tim.o(.text.HAL_TIM_IC_CaptureCallback)
    HAL_TIM_IRQHandler                       0x080026fd   Thumb Code   368  stm32f4xx_hal_tim.o(.text.HAL_TIM_IRQHandler)
    HAL_TIM_OC_DelayElapsedCallback          0x0800286d   Thumb Code     2  stm32f4xx_hal_tim.o(.text.HAL_TIM_OC_DelayElapsedCallback)
    HAL_TIM_PWM_PulseFinishedCallback        0x08002871   Thumb Code     2  stm32f4xx_hal_tim.o(.text.HAL_TIM_PWM_PulseFinishedCallback)
    HAL_TIM_PeriodElapsedCallback            0x08002875   Thumb Code   110  tim.o(.text.HAL_TIM_PeriodElapsedCallback)
    HAL_TIM_TriggerCallback                  0x080028e5   Thumb Code     2  stm32f4xx_hal_tim.o(.text.HAL_TIM_TriggerCallback)
    HAL_UARTEx_RxEventCallback               0x080028e9   Thumb Code     2  stm32f4xx_hal_uart.o(.text.HAL_UARTEx_RxEventCallback)
    HAL_UART_ErrorCallback                   0x080028ed   Thumb Code     2  stm32f4xx_hal_uart.o(.text.HAL_UART_ErrorCallback)
    HAL_UART_IRQHandler                      0x080028f1   Thumb Code  1380  stm32f4xx_hal_uart.o(.text.HAL_UART_IRQHandler)
    HAL_UART_Init                            0x08002e55   Thumb Code    94  stm32f4xx_hal_uart.o(.text.HAL_UART_Init)
    HAL_UART_MspInit                         0x08002eb5   Thumb Code   216  usart.o(.text.HAL_UART_MspInit)
    HAL_UART_RxCpltCallback                  0x08002f8d   Thumb Code    92  usart.o(.text.HAL_UART_RxCpltCallback)
    HAL_UART_Transmit                        0x08002fe9   Thumb Code   646  stm32f4xx_hal_uart.o(.text.HAL_UART_Transmit)
    HAL_UART_TxCpltCallback                  0x08003271   Thumb Code     2  stm32f4xx_hal_uart.o(.text.HAL_UART_TxCpltCallback)
    HardFault_Handler                        0x08003275   Thumb Code     2  stm32f4xx_it.o(.text.HardFault_Handler)
    LinearActuator_read_CurrentandSpeed      0x08003279   Thumb Code   184  ids830can.o(.text.LinearActuator_read_CurrentandSpeed)
    LinearActuator_read_position             0x08003331   Thumb Code   132  ids830can.o(.text.LinearActuator_read_position)
    LinearActuator_startRun_maxspeed_position 0x080033b5   Thumb Code   276  ids830can.o(.text.LinearActuator_startRun_maxspeed_position)
    MX_ADC1_Init                             0x080034c9   Thumb Code   230  adc.o(.text.MX_ADC1_Init)
    MX_CAN1_Init                             0x080035b1   Thumb Code    72  can.o(.text.MX_CAN1_Init)
    MX_GPIO_Init                             0x080035f9   Thumb Code    96  gpio.o(.text.MX_GPIO_Init)
    MX_TIM2_Init                             0x08003659   Thumb Code   114  tim.o(.text.MX_TIM2_Init)
    MX_TIM3_Init                             0x080036cd   Thumb Code   116  tim.o(.text.MX_TIM3_Init)
    MX_TIM4_Init                             0x08003741   Thumb Code   118  tim.o(.text.MX_TIM4_Init)
    MX_USART1_UART_Init                      0x080037b9   Thumb Code    60  usart.o(.text.MX_USART1_UART_Init)
    MX_USART3_UART_Init                      0x080037f5   Thumb Code    60  usart.o(.text.MX_USART3_UART_Init)
    MemManage_Handler                        0x08003831   Thumb Code     2  stm32f4xx_it.o(.text.MemManage_Handler)
    NMI_Handler                              0x08003835   Thumb Code     2  stm32f4xx_it.o(.text.NMI_Handler)
    PendSV_Handler                           0x08003839   Thumb Code     2  stm32f4xx_it.o(.text.PendSV_Handler)
    SVC_Handler                              0x0800383d   Thumb Code     2  stm32f4xx_it.o(.text.SVC_Handler)
    SysTick_Handler                          0x08003841   Thumb Code     4  stm32f4xx_it.o(.text.SysTick_Handler)
    SystemClock_Config                       0x08003845   Thumb Code   176  main.o(.text.SystemClock_Config)
    SystemInit                               0x080038f5   Thumb Code    18  system_stm32f4xx.o(.text.SystemInit)
    TIM2_IRQHandler                          0x08003909   Thumb Code    12  stm32f4xx_it.o(.text.TIM2_IRQHandler)
    TIM4_IRQHandler                          0x08003915   Thumb Code    12  stm32f4xx_it.o(.text.TIM4_IRQHandler)
    TIM_Base_SetConfig                       0x08003921   Thumb Code   316  stm32f4xx_hal_tim.o(.text.TIM_Base_SetConfig)
    USART1_IRQHandler                        0x08003c59   Thumb Code    12  stm32f4xx_it.o(.text.USART1_IRQHandler)
    USART3_IRQHandler                        0x08003c65   Thumb Code    44  stm32f4xx_it.o(.text.USART3_IRQHandler)
    UsageFault_Handler                       0x08003c91   Thumb Code     2  stm32f4xx_it.o(.text.UsageFault_Handler)
    angle_close_loop_with_speed              0x08003c95   Thumb Code   296  lkmoto.o(.text.angle_close_loop_with_speed)
    compensation_singleJoint_GF_angle        0x08003dc1   Thumb Code   432  fourier_series_traj_exciting.o(.text.compensation_singleJoint_GF_angle)
    compute_TAU                              0x08003fa9   Thumb Code 156088  fourier_series_traj_exciting.o(.text.compute_TAU)
    driv_ans_singlejoint                     0x0802a191   Thumb Code   352  lkmoto.o(.text.driv_ans_singlejoint)
    fourier_series_traj                      0x0802a2f1   Thumb Code   404  fourier_series_traj_exciting.o(.text.fourier_series_traj)
    fputc                                    0x0802a485   Thumb Code    32  usart.o(.text.fputc)
    main                                     0x0802a4a5   Thumb Code   220  main.o(.text.main)
    motor_run                                0x0802a581   Thumb Code    94  lkmoto.o(.text.motor_run)
    pressure_SensorReading                   0x0802a5e1   Thumb Code   304  sensors_reading.o(.text.pressure_SensorReading)
    protocol_data_recv                       0x0802a711   Thumb Code    94  protocol.o(.text.protocol_data_recv)
    protocol_init                            0x0802a771   Thumb Code    28  protocol.o(.text.protocol_init)
    read_angle                               0x0802a78d   Thumb Code   340  lkmoto.o(.text.read_angle)
    read_status2                             0x0802a8e1   Thumb Code   456  lkmoto.o(.text.read_status2)
    receiving_process                        0x0802aaa9   Thumb Code   474  protocol.o(.text.receiving_process)
    run_fourier_series_traj                  0x0802ac89   Thumb Code  1144  fourier_series_traj_exciting.o(.text.run_fourier_series_traj)
    __0printf                                0x0802b101   Thumb Code    22  printfa.o(i.__0printf)
    __1printf                                0x0802b101   Thumb Code     0  printfa.o(i.__0printf)
    __2printf                                0x0802b101   Thumb Code     0  printfa.o(i.__0printf)
    __c89printf                              0x0802b101   Thumb Code     0  printfa.o(i.__0printf)
    printf                                   0x0802b101   Thumb Code     0  printfa.o(i.__0printf)
    __ARM_fpclassify                         0x0802b121   Thumb Code    48  fpclassify.o(i.__ARM_fpclassify)
    __hardfp_cos                             0x0802b151   Thumb Code   180  cos.o(i.__hardfp_cos)
    __hardfp_sin                             0x0802b219   Thumb Code   180  sin.o(i.__hardfp_sin)
    __ieee754_rem_pio2                       0x0802b2e1   Thumb Code   938  rred.o(i.__ieee754_rem_pio2)
    __kernel_cos                             0x0802b719   Thumb Code   322  cos_i.o(i.__kernel_cos)
    __kernel_poly                            0x0802b889   Thumb Code   248  poly.o(i.__kernel_poly)
    __kernel_sin                             0x0802b981   Thumb Code   280  sin_i.o(i.__kernel_sin)
    __mathlib_dbl_infnan                     0x0802bab1   Thumb Code    20  dunder.o(i.__mathlib_dbl_infnan)
    __mathlib_dbl_invalid                    0x0802bac9   Thumb Code    24  dunder.o(i.__mathlib_dbl_invalid)
    __mathlib_dbl_underflow                  0x0802bae9   Thumb Code    24  dunder.o(i.__mathlib_dbl_underflow)
    __scatterload_copy                       0x0802bb09   Thumb Code    14  handlers.o(i.__scatterload_copy)
    __scatterload_null                       0x0802bb17   Thumb Code     2  handlers.o(i.__scatterload_null)
    __scatterload_zeroinit                   0x0802bb19   Thumb Code    14  handlers.o(i.__scatterload_zeroinit)
    __set_errno                              0x0802bb29   Thumb Code     6  errno.o(i.__set_errno)
    fabs                                     0x0802c3e7   Thumb Code    24  fabs.o(i.fabs)
    puts                                     0x0802c401   Thumb Code    30  puts.o(i.puts)
    AHBPrescTable                            0x0802c550   Data          16  system_stm32f4xx.o(.rodata.AHBPrescTable)
    APBPrescTable                            0x0802c560   Data           8  system_stm32f4xx.o(.rodata.APBPrescTable)
    Region$$Table$$Base                      0x0802c70c   Number         0  anon$$obj.o(Region$$Table)
    Region$$Table$$Limit                     0x0802c72c   Number         0  anon$$obj.o(Region$$Table)
    __stdout                                 0x20000000   Data           4  stdout.o(.data)
    traj_order                               0x20000008   Data           1  fourier_series_traj_exciting.o(.data..L_MergedGlobals)
    dof                                      0x20000009   Data           1  fourier_series_traj_exciting.o(.data..L_MergedGlobals)
    control_interval_time                    0x2000000c   Data           4  fourier_series_traj_exciting.o(.data..L_MergedGlobals)
    traj_f                                   0x20000010   Data           4  fourier_series_traj_exciting.o(.data..L_MergedGlobals)
    uwTickFreq                               0x20000014   Data           1  stm32f4xx_hal.o(.data..L_MergedGlobals)
    uwTickPrio                               0x20000018   Data           4  stm32f4xx_hal.o(.data..L_MergedGlobals)
    SystemCoreClock                          0x2000001c   Data           4  system_stm32f4xx.o(.data.SystemCoreClock)
    traj_param                               0x20000020   Data         268  fourier_series_traj_exciting.o(.data.traj_param)
    hCAN1_RxHeader                           0x20000130   Data          28  can.o(.bss..L_MergedGlobals)
    fingerAngle                              0x20000150   Data          40  can.o(.bss..L_MergedGlobals)
    fingerPressure                           0x20000178   Data          40  can.o(.bss..L_MergedGlobals)
    temp_rx                                  0x200001a0   Data           1  usart.o(.bss..L_MergedGlobals)
    USART3_RX_STA                            0x200001a2   Data           2  usart.o(.bss..L_MergedGlobals)
    LinAcr_position_float                    0x200001a4   Data           4  ids830can.o(.bss..L_MergedGlobals)
    LinAcr_current_float                     0x200001a8   Data           4  ids830can.o(.bss..L_MergedGlobals)
    LinAcr_speed_float                       0x200001ac   Data           4  ids830can.o(.bss..L_MergedGlobals)
    ids830_position                          0x200001b4   Data           8  ids830can.o(.bss..L_MergedGlobals)
    ids830_currentAndspeed                   0x200001bc   Data           8  ids830can.o(.bss..L_MergedGlobals)
    motor_current                            0x200001c4   Data           2  lkmoto.o(.bss..L_MergedGlobals)
    motor_speed                              0x200001c6   Data           2  lkmoto.o(.bss..L_MergedGlobals)
    motorAccel                               0x200001cc   Data           4  lkmoto.o(.bss..L_MergedGlobals)
    circleAngle                              0x200001d0   Data           4  lkmoto.o(.bss..L_MergedGlobals)
    CAN_motor_data                           0x200001d4   Data           8  lkmoto.o(.bss..L_MergedGlobals)
    CAN_motor_angle                          0x200001dc   Data           8  lkmoto.o(.bss..L_MergedGlobals)
    CAN_motor_currentAndspeed                0x200001e4   Data           8  lkmoto.o(.bss..L_MergedGlobals)
    CAN_motor_PosCurntSpd_ans                0x200001ec   Data           8  lkmoto.o(.bss..L_MergedGlobals)
    CAN_motor_accel                          0x200001f4   Data           8  lkmoto.o(.bss..L_MergedGlobals)
    motor_current_float                      0x200001fc   Data          28  lkmoto.o(.bss..L_MergedGlobals)
    motor_speed_float                        0x20000218   Data          28  lkmoto.o(.bss..L_MergedGlobals)
    ADC_Pressure_InitValue                   0x20000234   Data          20  sensors_reading.o(.bss..L_MergedGlobals)
    ADC_value                                0x20000248   Data          20  sensors_reading.o(.bss..L_MergedGlobals)
    ADC_Pressure_Value                       0x2000025c   Data          20  sensors_reading.o(.bss..L_MergedGlobals)
    ADC_Pressure_Value_filter                0x20000270   Data          20  sensors_reading.o(.bss..L_MergedGlobals)
    receivech                                0x20000284   Data           1  protocol.o(.bss..L_MergedGlobals)
    master_finger_press                      0x20000286   Data          10  protocol.o(.bss..L_MergedGlobals)
    master_arm_angle                         0x2000029c   Data          20  protocol.o(.bss..L_MergedGlobals)
    master_finger_angle                      0x200002b0   Data          40  protocol.o(.bss..L_MergedGlobals)
    hcan1                                    0x200002d8   Data          40  can.o(.bss..L_MergedGlobals.2)
    sFilterConfig                            0x20000300   Data          40  can.o(.bss..L_MergedGlobals.2)
    motor_control_k                          0x20000328   Data           4  fourier_series_traj_exciting.o(.bss..L_MergedGlobals.6)
    traj_wf                                  0x2000032c   Data           4  fourier_series_traj_exciting.o(.bss..L_MergedGlobals.6)
    q                                        0x20000330   Data          28  fourier_series_traj_exciting.o(.bss..L_MergedGlobals.6)
    qd                                       0x2000034c   Data          28  fourier_series_traj_exciting.o(.bss..L_MergedGlobals.6)
    qdd                                      0x20000368   Data          28  fourier_series_traj_exciting.o(.bss..L_MergedGlobals.6)
    q_last                                   0x20000384   Data          28  fourier_series_traj_exciting.o(.bss..L_MergedGlobals.6)
    motorAngle_float                         0x200003a0   Data          28  lkmoto.o(.bss..L_MergedGlobals.8)
    motorAccel_float                         0x200003bc   Data          28  lkmoto.o(.bss..L_MergedGlobals.8)
    TAU                                      0x200003d8   Data          28  fourier_series_traj_exciting.o(.bss.TAU)
    USART3_RX_BUF                            0x200003f4   Data         800  usart.o(.bss.USART3_RX_BUF)
    hCAN1_TxHeader                           0x20000714   Data          24  can.o(.bss.hCAN1_TxHeader)
    hadc1                                    0x2000072c   Data          72  adc.o(.bss.hadc1)
    htim2                                    0x20000774   Data          72  tim.o(.bss.htim2)
    htim3                                    0x200007bc   Data          72  tim.o(.bss.htim3)
    htim4                                    0x20000804   Data          72  tim.o(.bss.htim4)
    huart1                                   0x2000084c   Data          68  usart.o(.bss.huart1)
    huart3                                   0x20000890   Data          68  usart.o(.bss.huart3)
    uwTick                                   0x20000954   Data           4  stm32f4xx_hal.o(.bss.uwTick)
    wifisendbuf                              0x20000958   Data         144  esp8266.o(.bss.wifisendbuf)
    __initial_sp                             0x20000de8   Data           0  startup_stm32f407xx.o(STACK)



==============================================================================

Memory Map of the image

  Image Entry point : 0x08000189

  Load Region LR_IROM1 (Base: 0x08000000, Size: 0x0002c860, Max: 0x00100000, ABSOLUTE)

    Execution Region ER_IROM1 (Exec base: 0x08000000, Load base: 0x08000000, Size: 0x0002c72c, Max: 0x00100000, ABSOLUTE)

    Exec Addr    Load Addr    Size         Type   Attr      Idx    E Section Name        Object

    0x08000000   0x08000000   0x00000188   Data   RO            3    RESET               startup_stm32f407xx.o
    0x08000188   0x08000188   0x00000000   Code   RO         1419  * .ARM.Collect$$$$00000000  mc_w.l(entry.o)
    0x08000188   0x08000188   0x00000004   Code   RO         1768    .ARM.Collect$$$$00000001  mc_w.l(entry2.o)
    0x0800018c   0x0800018c   0x00000004   Code   RO         1771    .ARM.Collect$$$$00000004  mc_w.l(entry5.o)
    0x08000190   0x08000190   0x00000000   Code   RO         1773    .ARM.Collect$$$$00000008  mc_w.l(entry7b.o)
    0x08000190   0x08000190   0x00000000   Code   RO         1775    .ARM.Collect$$$$0000000A  mc_w.l(entry8b.o)
    0x08000190   0x08000190   0x00000008   Code   RO         1776    .ARM.Collect$$$$0000000B  mc_w.l(entry9a.o)
    0x08000198   0x08000198   0x00000000   Code   RO         1778    .ARM.Collect$$$$0000000D  mc_w.l(entry10a.o)
    0x08000198   0x08000198   0x00000000   Code   RO         1780    .ARM.Collect$$$$0000000F  mc_w.l(entry11a.o)
    0x08000198   0x08000198   0x00000004   Code   RO         1769    .ARM.Collect$$$$00002712  mc_w.l(entry2.o)
    0x0800019c   0x0800019c   0x00000024   Code   RO            4    .text               startup_stm32f407xx.o
    0x080001c0   0x080001c0   0x00000062   Code   RO         1426    .text               mc_w.l(uldiv.o)
    0x08000222   0x08000222   0x00000024   Code   RO         1428    .text               mc_w.l(memcpya.o)
    0x08000246   0x08000246   0x0000014e   Code   RO         1727    .text               mf_w.l(dadd.o)
    0x08000394   0x08000394   0x000000e4   Code   RO         1729    .text               mf_w.l(dmul.o)
    0x08000478   0x08000478   0x000000de   Code   RO         1731    .text               mf_w.l(ddiv.o)
    0x08000556   0x08000556   0x00000036   Code   RO         1733    .text               mf_w.l(dcmplt.o)
    0x0800058c   0x0800058c   0x00000022   Code   RO         1735    .text               mf_w.l(dflti.o)
    0x080005ae   0x080005ae   0x0000003e   Code   RO         1737    .text               mf_w.l(dfixi.o)
    0x080005ec   0x080005ec   0x00000026   Code   RO         1739    .text               mf_w.l(f2d.o)
    0x08000612   0x08000612   0x00000038   Code   RO         1741    .text               mf_w.l(d2f.o)
    0x0800064a   0x0800064a   0x0000002c   Code   RO         1792    .text               mc_w.l(uidiv.o)
    0x08000676   0x08000676   0x0000001e   Code   RO         1794    .text               mc_w.l(llshl.o)
    0x08000694   0x08000694   0x00000020   Code   RO         1796    .text               mc_w.l(llushr.o)
    0x080006b4   0x080006b4   0x00000024   Code   RO         1798    .text               mc_w.l(llsshr.o)
    0x080006d8   0x080006d8   0x00000000   Code   RO         1809    .text               mc_w.l(iusefp.o)
    0x080006d8   0x080006d8   0x0000006e   Code   RO         1810    .text               mf_w.l(fepilogue.o)
    0x08000746   0x08000746   0x000000ba   Code   RO         1812    .text               mf_w.l(depilogue.o)
    0x08000800   0x08000800   0x00000030   Code   RO         1816    .text               mf_w.l(dfixul.o)
    0x08000830   0x08000830   0x00000030   Code   RO         1818    .text               mf_w.l(cdrcmple.o)
    0x08000860   0x08000860   0x00000024   Code   RO         1830    .text               mc_w.l(init.o)
    0x08000884   0x08000884   0x0000001a   Code   RO         1832    .text               mf_w.l(dfltui.o)
    0x0800089e   0x0800089e   0x00000002   PAD
    0x080008a0   0x080008a0   0x00000002   Code   RO          135    .text.BusFault_Handler  stm32f4xx_it.o
    0x080008a2   0x080008a2   0x00000002   PAD
    0x080008a4   0x080008a4   0x0000000c   Code   RO          147    .text.CAN1_RX0_IRQHandler  stm32f4xx_it.o
    0x080008b0   0x080008b0   0x000000a0   Code   RO           55    .text.CAN_Filter_Init  can.o
    0x08000950   0x08000950   0x00000002   Code   RO          141    .text.DebugMon_Handler  stm32f4xx_it.o
    0x08000952   0x08000952   0x00000002   PAD
    0x08000954   0x08000954   0x00000056   Code   RO           72    .text.Delay_ms      tim.o
    0x080009aa   0x080009aa   0x00000002   PAD
    0x080009ac   0x080009ac   0x00000044   Code   RO           70    .text.Delay_us      tim.o
    0x080009f0   0x080009f0   0x0000000a   Code   RO           15    .text.Error_Handler  main.o
    0x080009fa   0x080009fa   0x00000002   PAD
    0x080009fc   0x080009fc   0x00000146   Code   RO          440    .text.HAL_ADC_ConfigChannel  stm32f4xx_hal_adc.o
    0x08000b42   0x08000b42   0x00000002   PAD
    0x08000b44   0x08000b44   0x00000004   Code   RO          444    .text.HAL_ADC_GetState  stm32f4xx_hal_adc.o
    0x08000b48   0x08000b48   0x00000006   Code   RO          436    .text.HAL_ADC_GetValue  stm32f4xx_hal_adc.o
    0x08000b4e   0x08000b4e   0x00000002   PAD
    0x08000b50   0x08000b50   0x0000015e   Code   RO          398    .text.HAL_ADC_Init  stm32f4xx_hal_adc.o
    0x08000cae   0x08000cae   0x00000002   PAD
    0x08000cb0   0x08000cb0   0x000000b0   Code   RO           36    .text.HAL_ADC_MspInit  adc.o
    0x08000d60   0x08000d60   0x000000fc   Code   RO          410    .text.HAL_ADC_PollForConversion  stm32f4xx_hal_adc.o
    0x08000e5c   0x08000e5c   0x00000156   Code   RO          406    .text.HAL_ADC_Start  stm32f4xx_hal_adc.o
    0x08000fb2   0x08000fb2   0x00000002   PAD
    0x08000fb4   0x08000fb4   0x0000002e   Code   RO          908    .text.HAL_CAN_ActivateNotification  stm32f4xx_hal_can.o
    0x08000fe2   0x08000fe2   0x00000002   PAD
    0x08000fe4   0x08000fe4   0x000000c0   Code   RO          894    .text.HAL_CAN_AddTxMessage  stm32f4xx_hal_can.o
    0x080010a4   0x080010a4   0x000000de   Code   RO          884    .text.HAL_CAN_ConfigFilter  stm32f4xx_hal_can.o
    0x08001182   0x08001182   0x00000002   PAD
    0x08001184   0x08001184   0x00000002   Code   RO          938    .text.HAL_CAN_ErrorCallback  stm32f4xx_hal_can.o
    0x08001186   0x08001186   0x00000002   PAD
    0x08001188   0x08001188   0x0000011e   Code   RO          904    .text.HAL_CAN_GetRxMessage  stm32f4xx_hal_can.o
    0x080012a6   0x080012a6   0x00000002   PAD
    0x080012a8   0x080012a8   0x0000025e   Code   RO          912    .text.HAL_CAN_IRQHandler  stm32f4xx_hal_can.o
    0x08001506   0x08001506   0x00000002   PAD
    0x08001508   0x08001508   0x000000f4   Code   RO          874    .text.HAL_CAN_Init  stm32f4xx_hal_can.o
    0x080015fc   0x080015fc   0x0000007c   Code   RO           51    .text.HAL_CAN_MspInit  can.o
    0x08001678   0x08001678   0x00000002   Code   RO          926    .text.HAL_CAN_RxFifo0FullCallback  stm32f4xx_hal_can.o
    0x0800167a   0x0800167a   0x00000002   PAD
    0x0800167c   0x0800167c   0x000001ba   Code   RO           57    .text.HAL_CAN_RxFifo0MsgPendingCallback  can.o
    0x08001836   0x08001836   0x00000002   PAD
    0x08001838   0x08001838   0x00000002   Code   RO          930    .text.HAL_CAN_RxFifo1FullCallback  stm32f4xx_hal_can.o
    0x0800183a   0x0800183a   0x00000002   PAD
    0x0800183c   0x0800183c   0x00000002   Code   RO          932    .text.HAL_CAN_RxFifo1MsgPendingCallback  stm32f4xx_hal_can.o
    0x0800183e   0x0800183e   0x00000002   PAD
    0x08001840   0x08001840   0x00000002   Code   RO          934    .text.HAL_CAN_SleepCallback  stm32f4xx_hal_can.o
    0x08001842   0x08001842   0x00000002   PAD
    0x08001844   0x08001844   0x0000005a   Code   RO          886    .text.HAL_CAN_Start  stm32f4xx_hal_can.o
    0x0800189e   0x0800189e   0x00000002   PAD
    0x080018a0   0x080018a0   0x00000002   Code   RO          916    .text.HAL_CAN_TxMailbox0AbortCallback  stm32f4xx_hal_can.o
    0x080018a2   0x080018a2   0x00000002   PAD
    0x080018a4   0x080018a4   0x00000002   Code   RO          914    .text.HAL_CAN_TxMailbox0CompleteCallback  stm32f4xx_hal_can.o
    0x080018a6   0x080018a6   0x00000002   PAD
    0x080018a8   0x080018a8   0x00000002   Code   RO          920    .text.HAL_CAN_TxMailbox1AbortCallback  stm32f4xx_hal_can.o
    0x080018aa   0x080018aa   0x00000002   PAD
    0x080018ac   0x080018ac   0x00000002   Code   RO          918    .text.HAL_CAN_TxMailbox1CompleteCallback  stm32f4xx_hal_can.o
    0x080018ae   0x080018ae   0x00000002   PAD
    0x080018b0   0x080018b0   0x00000002   Code   RO          924    .text.HAL_CAN_TxMailbox2AbortCallback  stm32f4xx_hal_can.o
    0x080018b2   0x080018b2   0x00000002   PAD
    0x080018b4   0x080018b4   0x00000002   Code   RO          922    .text.HAL_CAN_TxMailbox2CompleteCallback  stm32f4xx_hal_can.o
    0x080018b6   0x080018b6   0x00000002   PAD
    0x080018b8   0x080018b8   0x00000002   Code   RO          936    .text.HAL_CAN_WakeUpFromRxMsgCallback  stm32f4xx_hal_can.o
    0x080018ba   0x080018ba   0x00000002   PAD
    0x080018bc   0x080018bc   0x0000008e   Code   RO          651    .text.HAL_DMA_Abort  stm32f4xx_hal_dma.o
    0x0800194a   0x0800194a   0x00000002   PAD
    0x0800194c   0x0800194c   0x00000024   Code   RO          653    .text.HAL_DMA_Abort_IT  stm32f4xx_hal_dma.o
    0x08001970   0x08001970   0x00000028   Code   RO          804    .text.HAL_Delay     stm32f4xx_hal.o
    0x08001998   0x08001998   0x000001a6   Code   RO          605    .text.HAL_GPIO_Init  stm32f4xx_hal_gpio.o
    0x08001b3e   0x08001b3e   0x00000002   PAD
    0x08001b40   0x08001b40   0x0000000c   Code   RO          796    .text.HAL_GetTick   stm32f4xx_hal.o
    0x08001b4c   0x08001b4c   0x0000001a   Code   RO          794    .text.HAL_IncTick   stm32f4xx_hal.o
    0x08001b66   0x08001b66   0x00000002   PAD
    0x08001b68   0x08001b68   0x00000036   Code   RO          784    .text.HAL_Init      stm32f4xx_hal.o
    0x08001b9e   0x08001b9e   0x00000002   PAD
    0x08001ba0   0x08001ba0   0x00000048   Code   RO          786    .text.HAL_InitTick  stm32f4xx_hal.o
    0x08001be8   0x08001be8   0x00000038   Code   RO          165    .text.HAL_MspInit   stm32f4xx_hal_msp.o
    0x08001c20   0x08001c20   0x00000026   Code   RO          742    .text.HAL_NVIC_EnableIRQ  stm32f4xx_hal_cortex.o
    0x08001c46   0x08001c46   0x00000002   PAD
    0x08001c48   0x08001c48   0x00000056   Code   RO          740    .text.HAL_NVIC_SetPriority  stm32f4xx_hal_cortex.o
    0x08001c9e   0x08001c9e   0x00000002   PAD
    0x08001ca0   0x08001ca0   0x00000020   Code   RO          738    .text.HAL_NVIC_SetPriorityGrouping  stm32f4xx_hal_cortex.o
    0x08001cc0   0x08001cc0   0x00000160   Code   RO          499    .text.HAL_RCC_ClockConfig  stm32f4xx_hal_rcc.o
    0x08001e20   0x08001e20   0x00000026   Code   RO          511    .text.HAL_RCC_GetPCLK1Freq  stm32f4xx_hal_rcc.o
    0x08001e46   0x08001e46   0x00000002   PAD
    0x08001e48   0x08001e48   0x00000026   Code   RO          513    .text.HAL_RCC_GetPCLK2Freq  stm32f4xx_hal_rcc.o
    0x08001e6e   0x08001e6e   0x00000002   PAD
    0x08001e70   0x08001e70   0x0000006a   Code   RO          501    .text.HAL_RCC_GetSysClockFreq  stm32f4xx_hal_rcc.o
    0x08001eda   0x08001eda   0x00000002   PAD
    0x08001edc   0x08001edc   0x00000374   Code   RO          497    .text.HAL_RCC_OscConfig  stm32f4xx_hal_rcc.o
    0x08002250   0x08002250   0x0000002c   Code   RO          750    .text.HAL_SYSTICK_Config  stm32f4xx_hal_cortex.o
    0x0800227c   0x0800227c   0x00000002   Code   RO         1259    .text.HAL_TIMEx_BreakCallback  stm32f4xx_hal_tim_ex.o
    0x0800227e   0x0800227e   0x00000002   PAD
    0x08002280   0x08002280   0x00000002   Code   RO         1255    .text.HAL_TIMEx_CommutCallback  stm32f4xx_hal_tim_ex.o
    0x08002282   0x08002282   0x00000002   PAD
    0x08002284   0x08002284   0x000000b6   Code   RO         1249    .text.HAL_TIMEx_MasterConfigSynchronization  stm32f4xx_hal_tim_ex.o
    0x0800233a   0x0800233a   0x00000002   PAD
    0x0800233c   0x0800233c   0x0000005a   Code   RO          954    .text.HAL_TIM_Base_Init  stm32f4xx_hal_tim.o
    0x08002396   0x08002396   0x00000002   PAD
    0x08002398   0x08002398   0x000000ae   Code   RO           80    .text.HAL_TIM_Base_MspInit  tim.o
    0x08002446   0x08002446   0x00000002   PAD
    0x08002448   0x08002448   0x000000a2   Code   RO          964    .text.HAL_TIM_Base_Start  stm32f4xx_hal_tim.o
    0x080024ea   0x080024ea   0x00000002   PAD
    0x080024ec   0x080024ec   0x00000034   Code   RO          966    .text.HAL_TIM_Base_Stop  stm32f4xx_hal_tim.o
    0x08002520   0x08002520   0x0000003c   Code   RO          970    .text.HAL_TIM_Base_Stop_IT  stm32f4xx_hal_tim.o
    0x0800255c   0x0800255c   0x0000019c   Code   RO         1134    .text.HAL_TIM_ConfigClockSource  stm32f4xx_hal_tim.o
    0x080026f8   0x080026f8   0x00000002   Code   RO         1090    .text.HAL_TIM_IC_CaptureCallback  stm32f4xx_hal_tim.o
    0x080026fa   0x080026fa   0x00000002   PAD
    0x080026fc   0x080026fc   0x00000170   Code   RO         1088    .text.HAL_TIM_IRQHandler  stm32f4xx_hal_tim.o
    0x0800286c   0x0800286c   0x00000002   Code   RO         1092    .text.HAL_TIM_OC_DelayElapsedCallback  stm32f4xx_hal_tim.o
    0x0800286e   0x0800286e   0x00000002   PAD
    0x08002870   0x08002870   0x00000002   Code   RO         1094    .text.HAL_TIM_PWM_PulseFinishedCallback  stm32f4xx_hal_tim.o
    0x08002872   0x08002872   0x00000002   PAD
    0x08002874   0x08002874   0x0000006e   Code   RO           84    .text.HAL_TIM_PeriodElapsedCallback  tim.o
    0x080028e2   0x080028e2   0x00000002   PAD
    0x080028e4   0x080028e4   0x00000002   Code   RO         1098    .text.HAL_TIM_TriggerCallback  stm32f4xx_hal_tim.o
    0x080028e6   0x080028e6   0x00000002   PAD
    0x080028e8   0x080028e8   0x00000002   Code   RO         1357    .text.HAL_UARTEx_RxEventCallback  stm32f4xx_hal_uart.o
    0x080028ea   0x080028ea   0x00000002   PAD
    0x080028ec   0x080028ec   0x00000002   Code   RO         1355    .text.HAL_UART_ErrorCallback  stm32f4xx_hal_uart.o
    0x080028ee   0x080028ee   0x00000002   PAD
    0x080028f0   0x080028f0   0x00000564   Code   RO         1349    .text.HAL_UART_IRQHandler  stm32f4xx_hal_uart.o
    0x08002e54   0x08002e54   0x0000005e   Code   RO         1273    .text.HAL_UART_Init  stm32f4xx_hal_uart.o
    0x08002eb2   0x08002eb2   0x00000002   PAD
    0x08002eb4   0x08002eb4   0x000000d8   Code   RO          105    .text.HAL_UART_MspInit  usart.o
    0x08002f8c   0x08002f8c   0x0000005c   Code   RO          109    .text.HAL_UART_RxCpltCallback  usart.o
    0x08002fe8   0x08002fe8   0x00000286   Code   RO         1289    .text.HAL_UART_Transmit  stm32f4xx_hal_uart.o
    0x0800326e   0x0800326e   0x00000002   PAD
    0x08003270   0x08003270   0x00000002   Code   RO         1359    .text.HAL_UART_TxCpltCallback  stm32f4xx_hal_uart.o
    0x08003272   0x08003272   0x00000002   PAD
    0x08003274   0x08003274   0x00000002   Code   RO          131    .text.HardFault_Handler  stm32f4xx_it.o
    0x08003276   0x08003276   0x00000002   PAD
    0x08003278   0x08003278   0x000000b8   Code   RO          255    .text.LinearActuator_read_CurrentandSpeed  ids830can.o
    0x08003330   0x08003330   0x00000084   Code   RO          253    .text.LinearActuator_read_position  ids830can.o
    0x080033b4   0x080033b4   0x00000114   Code   RO          251    .text.LinearActuator_startRun_maxspeed_position  ids830can.o
    0x080034c8   0x080034c8   0x000000e6   Code   RO           34    .text.MX_ADC1_Init  adc.o
    0x080035ae   0x080035ae   0x00000002   PAD
    0x080035b0   0x080035b0   0x00000048   Code   RO           49    .text.MX_CAN1_Init  can.o
    0x080035f8   0x080035f8   0x00000060   Code   RO           26    .text.MX_GPIO_Init  gpio.o
    0x08003658   0x08003658   0x00000072   Code   RO           74    .text.MX_TIM2_Init  tim.o
    0x080036ca   0x080036ca   0x00000002   PAD
    0x080036cc   0x080036cc   0x00000074   Code   RO           76    .text.MX_TIM3_Init  tim.o
    0x08003740   0x08003740   0x00000076   Code   RO           78    .text.MX_TIM4_Init  tim.o
    0x080037b6   0x080037b6   0x00000002   PAD
    0x080037b8   0x080037b8   0x0000003c   Code   RO          101    .text.MX_USART1_UART_Init  usart.o
    0x080037f4   0x080037f4   0x0000003c   Code   RO          103    .text.MX_USART3_UART_Init  usart.o
    0x08003830   0x08003830   0x00000002   Code   RO          133    .text.MemManage_Handler  stm32f4xx_it.o
    0x08003832   0x08003832   0x00000002   PAD
    0x08003834   0x08003834   0x00000002   Code   RO          129    .text.NMI_Handler   stm32f4xx_it.o
    0x08003836   0x08003836   0x00000002   PAD
    0x08003838   0x08003838   0x00000002   Code   RO          143    .text.PendSV_Handler  stm32f4xx_it.o
    0x0800383a   0x0800383a   0x00000002   PAD
    0x0800383c   0x0800383c   0x00000002   Code   RO          139    .text.SVC_Handler   stm32f4xx_it.o
    0x0800383e   0x0800383e   0x00000002   PAD
    0x08003840   0x08003840   0x00000004   Code   RO          145    .text.SysTick_Handler  stm32f4xx_it.o
    0x08003844   0x08003844   0x000000b0   Code   RO           13    .text.SystemClock_Config  main.o
    0x080038f4   0x080038f4   0x00000012   Code   RO         1393    .text.SystemInit    system_stm32f4xx.o
    0x08003906   0x08003906   0x00000002   PAD
    0x08003908   0x08003908   0x0000000c   Code   RO          149    .text.TIM2_IRQHandler  stm32f4xx_it.o
    0x08003914   0x08003914   0x0000000c   Code   RO          151    .text.TIM4_IRQHandler  stm32f4xx_it.o
    0x08003920   0x08003920   0x0000013c   Code   RO          958    .text.TIM_Base_SetConfig  stm32f4xx_hal_tim.o
    0x08003a5c   0x08003a5c   0x0000000c   Code   RO         1353    .text.UART_DMAAbortOnError  stm32f4xx_hal_uart.o
    0x08003a68   0x08003a68   0x000000fe   Code   RO         1351    .text.UART_Receive_IT  stm32f4xx_hal_uart.o
    0x08003b66   0x08003b66   0x00000002   PAD
    0x08003b68   0x08003b68   0x000000ee   Code   RO         1277    .text.UART_SetConfig  stm32f4xx_hal_uart.o
    0x08003c56   0x08003c56   0x00000002   PAD
    0x08003c58   0x08003c58   0x0000000c   Code   RO          153    .text.USART1_IRQHandler  stm32f4xx_it.o
    0x08003c64   0x08003c64   0x0000002c   Code   RO          155    .text.USART3_IRQHandler  stm32f4xx_it.o
    0x08003c90   0x08003c90   0x00000002   Code   RO          137    .text.UsageFault_Handler  stm32f4xx_it.o
    0x08003c92   0x08003c92   0x00000002   PAD
    0x08003c94   0x08003c94   0x00000128   Code   RO          312    .text.angle_close_loop_with_speed  lkmoto.o
    0x08003dbc   0x08003dbc   0x00000004   PAD
    0x08003dc0   0x08003dc0   0x000001e8   Code   RO          211    .text.compensation_singleJoint_GF_angle  fourier_series_traj_exciting.o
    0x08003fa8   0x08003fa8   0x000261e8   Code   RO          207    .text.compute_TAU   fourier_series_traj_exciting.o
    0x0802a190   0x0802a190   0x00000160   Code   RO          328    .text.driv_ans_singlejoint  lkmoto.o
    0x0802a2f0   0x0802a2f0   0x00000194   Code   RO          215    .text.fourier_series_traj  fourier_series_traj_exciting.o
    0x0802a484   0x0802a484   0x00000020   Code   RO           97    .text.fputc         usart.o
    0x0802a4a4   0x0802a4a4   0x000000dc   Code   RO           11    .text.main          main.o
    0x0802a580   0x0802a580   0x0000005e   Code   RO          302    .text.motor_run     lkmoto.o
    0x0802a5de   0x0802a5de   0x00000002   PAD
    0x0802a5e0   0x0802a5e0   0x00000130   Code   RO          341    .text.pressure_SensorReading  sensors_reading.o
    0x0802a710   0x0802a710   0x0000005e   Code   RO          371    .text.protocol_data_recv  protocol.o
    0x0802a76e   0x0802a76e   0x00000002   PAD
    0x0802a770   0x0802a770   0x0000001c   Code   RO          373    .text.protocol_init  protocol.o
    0x0802a78c   0x0802a78c   0x00000154   Code   RO          286    .text.read_angle    lkmoto.o
    0x0802a8e0   0x0802a8e0   0x000001c8   Code   RO          294    .text.read_status2  lkmoto.o
    0x0802aaa8   0x0802aaa8   0x000001da   Code   RO          375    .text.receiving_process  protocol.o
    0x0802ac82   0x0802ac82   0x00000006   PAD
    0x0802ac88   0x0802ac88   0x00000478   Code   RO          219    .text.run_fourier_series_traj  fourier_series_traj_exciting.o
    0x0802b100   0x0802b100   0x00000020   Code   RO         1671    i.__0printf         mc_w.l(printfa.o)
    0x0802b120   0x0802b120   0x00000030   Code   RO         1826    i.__ARM_fpclassify  m_wm.l(fpclassify.o)
    0x0802b150   0x0802b150   0x000000c8   Code   RO         1407    i.__hardfp_cos      m_wm.l(cos.o)
    0x0802b218   0x0802b218   0x000000c8   Code   RO         1413    i.__hardfp_sin      m_wm.l(sin.o)
    0x0802b2e0   0x0802b2e0   0x00000438   Code   RO         1760    i.__ieee754_rem_pio2  m_wm.l(rred.o)
    0x0802b718   0x0802b718   0x00000170   Code   RO         1743    i.__kernel_cos      m_wm.l(cos_i.o)
    0x0802b888   0x0802b888   0x000000f8   Code   RO         1828    i.__kernel_poly     m_wm.l(poly.o)
    0x0802b980   0x0802b980   0x00000130   Code   RO         1765    i.__kernel_sin      m_wm.l(sin_i.o)
    0x0802bab0   0x0802bab0   0x00000014   Code   RO         1747    i.__mathlib_dbl_infnan  m_wm.l(dunder.o)
    0x0802bac4   0x0802bac4   0x00000004   PAD
    0x0802bac8   0x0802bac8   0x00000020   Code   RO         1749    i.__mathlib_dbl_invalid  m_wm.l(dunder.o)
    0x0802bae8   0x0802bae8   0x00000020   Code   RO         1752    i.__mathlib_dbl_underflow  m_wm.l(dunder.o)
    0x0802bb08   0x0802bb08   0x0000000e   Code   RO         1836    i.__scatterload_copy  mc_w.l(handlers.o)
    0x0802bb16   0x0802bb16   0x00000002   Code   RO         1837    i.__scatterload_null  mc_w.l(handlers.o)
    0x0802bb18   0x0802bb18   0x0000000e   Code   RO         1838    i.__scatterload_zeroinit  mc_w.l(handlers.o)
    0x0802bb26   0x0802bb26   0x00000002   PAD
    0x0802bb28   0x0802bb28   0x0000000c   Code   RO         1804    i.__set_errno       mc_w.l(errno.o)
    0x0802bb34   0x0802bb34   0x00000184   Code   RO         1678    i._fp_digits        mc_w.l(printfa.o)
    0x0802bcb8   0x0802bcb8   0x000006dc   Code   RO         1679    i._printf_core      mc_w.l(printfa.o)
    0x0802c394   0x0802c394   0x00000024   Code   RO         1680    i._printf_post_padding  mc_w.l(printfa.o)
    0x0802c3b8   0x0802c3b8   0x0000002e   Code   RO         1681    i._printf_pre_padding  mc_w.l(printfa.o)
    0x0802c3e6   0x0802c3e6   0x00000018   Code   RO         1822    i.fabs              m_wm.l(fabs.o)
    0x0802c3fe   0x0802c3fe   0x00000002   PAD
    0x0802c400   0x0802c400   0x00000024   Code   RO         1422    i.puts              mc_w.l(puts.o)
    0x0802c424   0x0802c424   0x00000004   PAD
    0x0802c428   0x0802c428   0x00000030   Data   RO         1744    .constdata          m_wm.l(cos_i.o)
    0x0802c458   0x0802c458   0x000000cc   Data   RO         1762    .constdata          m_wm.l(rred.o)
    0x0802c524   0x0802c524   0x00000004   PAD
    0x0802c528   0x0802c528   0x00000028   Data   RO         1766    .constdata          m_wm.l(sin_i.o)
    0x0802c550   0x0802c550   0x00000010   Data   RO         1398    .rodata.AHBPrescTable  system_stm32f4xx.o
    0x0802c560   0x0802c560   0x00000008   Data   RO         1399    .rodata.APBPrescTable  system_stm32f4xx.o
    0x0802c568   0x0802c568   0x00000199   Data   RO          225    .rodata.str1.1      fourier_series_traj_exciting.o
    0x0802c701   0x0802c701   0x00000009   Data   RO          330    .rodata.str1.1      lkmoto.o
    0x0802c70a   0x0802c70a   0x00000002   PAD
    0x0802c70c   0x0802c70c   0x00000020   Data   RO         1835    Region$$Table       anon$$obj.o


    Execution Region RW_IRAM1 (Exec base: 0x20000000, Load base: 0x0802c730, Size: 0x00000de8, Max: 0x0001c000, ABSOLUTE)

    Exec Addr    Load Addr    Size         Type   Attr      Idx    E Section Name        Object

    0x20000000   0x0802c730   0x00000004   Data   RW         1782    .data               mc_w.l(stdout.o)
    0x20000004   0x0802c734   0x00000004   Data   RW         1805    .data               mc_w.l(errno.o)
    0x20000008   0x0802c738   0x0000000c   Data   RW          227    .data..L_MergedGlobals  fourier_series_traj_exciting.o
    0x20000014   0x0802c744   0x00000008   Data   RW          839    .data..L_MergedGlobals  stm32f4xx_hal.o
    0x2000001c   0x0802c74c   0x00000004   Data   RW         1397    .data.SystemCoreClock  system_stm32f4xx.o
    0x20000020   0x0802c750   0x0000010c   Data   RW          223    .data.traj_param    fourier_series_traj_exciting.o
    0x2000012c   0x0802c85c   0x00000004   PAD
    0x20000130        -       0x00000070   Zero   RW           60    .bss..L_MergedGlobals  can.o
    0x200001a0        -       0x00000004   Zero   RW          120    .bss..L_MergedGlobals  usart.o
    0x200001a4        -       0x00000020   Zero   RW          257    .bss..L_MergedGlobals  ids830can.o
    0x200001c4        -       0x00000070   Zero   RW          331    .bss..L_MergedGlobals  lkmoto.o
    0x20000234        -       0x00000050   Zero   RW          360    .bss..L_MergedGlobals  sensors_reading.o
    0x20000284        -       0x00000054   Zero   RW          389    .bss..L_MergedGlobals  protocol.o
    0x200002d8        -       0x00000050   Zero   RW           61    .bss..L_MergedGlobals.2  can.o
    0x20000328        -       0x00000078   Zero   RW          228    .bss..L_MergedGlobals.6  fourier_series_traj_exciting.o
    0x200003a0        -       0x00000038   Zero   RW          332    .bss..L_MergedGlobals.8  lkmoto.o
    0x200003d8        -       0x0000001c   Zero   RW          224    .bss.TAU            fourier_series_traj_exciting.o
    0x200003f4        -       0x00000320   Zero   RW          117    .bss.USART3_RX_BUF  usart.o
    0x20000714        -       0x00000018   Zero   RW           59    .bss.hCAN1_TxHeader  can.o
    0x2000072c        -       0x00000048   Zero   RW           40    .bss.hadc1          adc.o
    0x20000774        -       0x00000048   Zero   RW           87    .bss.htim2          tim.o
    0x200007bc        -       0x00000048   Zero   RW           86    .bss.htim3          tim.o
    0x20000804        -       0x00000048   Zero   RW           88    .bss.htim4          tim.o
    0x2000084c        -       0x00000044   Zero   RW          115    .bss.huart1         usart.o
    0x20000890        -       0x00000044   Zero   RW          116    .bss.huart3         usart.o
    0x200008d4        -       0x00000080   Zero   RW          381    .bss.recv_buf       protocol.o
    0x20000954        -       0x00000004   Zero   RW          838    .bss.uwTick         stm32f4xx_hal.o
    0x20000958        -       0x00000090   Zero   RW          195    .bss.wifisendbuf    esp8266.o
    0x200009e8        -       0x00000400   Zero   RW            1    STACK               startup_stm32f407xx.o


    Execution Region RW_IRAM2 (Exec base: 0x2001c000, Load base: 0x0802c860, Size: 0x00000000, Max: 0x00004000, ABSOLUTE)

    **** No section assigned to this execution region ****


==============================================================================

Image component sizes


      Code (inc. data)   RO Data    RW Data    ZI Data      Debug   Object Name

       406          0          0          0         72       5246   adc.o
       798         52          0          0        216       8634   can.o
         0          0          0          0        144      10506   esp8266.o
    158172       1942        409        280        148      97032   fourier_series_traj_exciting.o
        96          0          0          0          0       1487   gpio.o
       592         44          0          0         32       9333   ids830can.o
      1538        146          9          0        168      16457   lkmoto.o
       406          4          0          0          0       3069   main.o
       596          0          0          0        212       8471   protocol.o
       304         40          0          0         80       9443   sensors_reading.o
        36          8        392          0       1024        840   startup_stm32f407xx.o
       204          0          0          8          4       7299   stm32f4xx_hal.o
      1280          0          0          0          0      11919   stm32f4xx_hal_adc.o
      1710          6          0          0          0      13837   stm32f4xx_hal_can.o
       200          0          0          0          0      10529   stm32f4xx_hal_cortex.o
       178          0          0          0          0      10603   stm32f4xx_hal_dma.o
       422          0          0          0          0       5262   stm32f4xx_hal_gpio.o
        56          0          0          0          0       1461   stm32f4xx_hal_msp.o
      1418          0          0          0          0       7365   stm32f4xx_hal_rcc.o
      1468          0          0          0          0      55040   stm32f4xx_hal_tim.o
       186          0          0          0          0      21245   stm32f4xx_hal_tim_ex.o
      2630          0          0          0          0      31722   stm32f4xx_hal_uart.o
       112          0          0          0          0       7711   stm32f4xx_it.o
        18          0         24          4          0       2652   system_stm32f4xx.o
       786          0          0          0        216       8747   tim.o
       460          0          0          0        940       9873   usart.o

    ----------------------------------------------------------------------
    174212       2246        868        292       3260     375783   Object Totals
         0          0         32          0          0          0   (incl. Generated)
       140          4          2          0          4          0   (incl. Padding)

    ----------------------------------------------------------------------

      Code (inc. data)   RO Data    RW Data    ZI Data      Debug   Library Member Name

       200         20          0          0          0        164   cos.o
       368         46         48          0          0        200   cos_i.o
        84         16          0          0          0        372   dunder.o
        24          0          0          0          0        124   fabs.o
        48          0          0          0          0        124   fpclassify.o
       248          0          0          0          0        152   poly.o
      1080        142        204          0          0        188   rred.o
       200         20          0          0          0        164   sin.o
       304         24         40          0          0        208   sin_i.o
         0          0          0          0          0          0   entry.o
         0          0          0          0          0          0   entry10a.o
         0          0          0          0          0          0   entry11a.o
         8          4          0          0          0          0   entry2.o
         4          0          0          0          0          0   entry5.o
         0          0          0          0          0          0   entry7b.o
         0          0          0          0          0          0   entry8b.o
         8          4          0          0          0          0   entry9a.o
        12          6          0          4          0         68   errno.o
        30          0          0          0          0          0   handlers.o
        36          8          0          0          0         68   init.o
         0          0          0          0          0          0   iusefp.o
        30          0          0          0          0         68   llshl.o
        36          0          0          0          0         68   llsshr.o
        32          0          0          0          0         68   llushr.o
        36          0          0          0          0         68   memcpya.o
      2258         90          0          0          0        452   printfa.o
        36          6          0          0          0         80   puts.o
         0          0          0          4          0          0   stdout.o
        44          0          0          0          0         80   uidiv.o
        98          0          0          0          0         92   uldiv.o
        48          0          0          0          0         68   cdrcmple.o
        56          0          0          0          0         88   d2f.o
       334          0          0          0          0        148   dadd.o
        54          0          0          0          0         80   dcmplt.o
       222          0          0          0          0        100   ddiv.o
       186          0          0          0          0        176   depilogue.o
        62          0          0          0          0         80   dfixi.o
        48          0          0          0          0         68   dfixul.o
        34          0          0          0          0         76   dflti.o
        26          0          0          0          0         76   dfltui.o
       228          0          0          0          0         96   dmul.o
        38          0          0          0          0         68   f2d.o
       110          0          0          0          0        168   fepilogue.o

    ----------------------------------------------------------------------
      6684        390        296          8          0       4100   Library Totals
        14          4          4          0          0          0   (incl. Padding)

    ----------------------------------------------------------------------

      Code (inc. data)   RO Data    RW Data    ZI Data      Debug   Library Name

      2556        268        292          0          0       1696   m_wm.l
      2668        118          0          8          0       1112   mc_w.l
      1446          0          0          0          0       1292   mf_w.l

    ----------------------------------------------------------------------
      6684        390        296          8          0       4100   Library Totals

    ----------------------------------------------------------------------

==============================================================================


      Code (inc. data)   RO Data    RW Data    ZI Data      Debug   

    180896       2636       1164        300       3260     377379   Grand Totals
    180896       2636       1164        300       3260     377379   ELF Image Totals
    180896       2636       1164        300          0          0   ROM Totals

==============================================================================

    Total RO  Size (Code + RO Data)               182060 ( 177.79kB)
    Total RW  Size (RW Data + ZI Data)              3560 (   3.48kB)
    Total ROM Size (Code + RO Data + RW Data)     182360 ( 178.09kB)

==============================================================================

