Component: Arm Compiler for Embedded 6.19 Tool: armlink [5e73cb00]

==============================================================================

Section Cross References

    startup_stm32f407xx.o(RESET) refers to startup_stm32f407xx.o(STACK) for __initial_sp
    startup_stm32f407xx.o(RESET) refers to startup_stm32f407xx.o(.text) for Reset_Handler
    startup_stm32f407xx.o(RESET) refers to stm32f4xx_it.o(.text.NMI_Handler) for NMI_Handler
    startup_stm32f407xx.o(RESET) refers to stm32f4xx_it.o(.text.HardFault_Handler) for HardFault_Handler
    startup_stm32f407xx.o(RESET) refers to stm32f4xx_it.o(.text.MemManage_Handler) for MemManage_Handler
    startup_stm32f407xx.o(RESET) refers to stm32f4xx_it.o(.text.BusFault_Handler) for BusFault_Handler
    startup_stm32f407xx.o(RESET) refers to stm32f4xx_it.o(.text.UsageFault_Handler) for UsageFault_Handler
    startup_stm32f407xx.o(RESET) refers to stm32f4xx_it.o(.text.SVC_Handler) for SVC_Handler
    startup_stm32f407xx.o(RESET) refers to stm32f4xx_it.o(.text.DebugMon_Handler) for DebugMon_Handler
    startup_stm32f407xx.o(RESET) refers to stm32f4xx_it.o(.text.PendSV_Handler) for PendSV_Handler
    startup_stm32f407xx.o(RESET) refers to stm32f4xx_it.o(.text.SysTick_Handler) for SysTick_Handler
    startup_stm32f407xx.o(RESET) refers to stm32f4xx_it.o(.text.CAN1_RX0_IRQHandler) for CAN1_RX0_IRQHandler
    startup_stm32f407xx.o(RESET) refers to stm32f4xx_it.o(.text.TIM2_IRQHandler) for TIM2_IRQHandler
    startup_stm32f407xx.o(RESET) refers to stm32f4xx_it.o(.text.TIM4_IRQHandler) for TIM4_IRQHandler
    startup_stm32f407xx.o(RESET) refers to stm32f4xx_it.o(.text.USART1_IRQHandler) for USART1_IRQHandler
    startup_stm32f407xx.o(RESET) refers to stm32f4xx_it.o(.text.USART3_IRQHandler) for USART3_IRQHandler
    startup_stm32f407xx.o(.text) refers to system_stm32f4xx.o(.text.SystemInit) for SystemInit
    startup_stm32f407xx.o(.text) refers to entry.o(.ARM.Collect$$$$00000000) for __main
    main.o(.text.main) refers to stm32f4xx_hal.o(.text.HAL_Init) for HAL_Init
    main.o(.text.main) refers to main.o(.text.SystemClock_Config) for SystemClock_Config
    main.o(.text.main) refers to gpio.o(.text.MX_GPIO_Init) for MX_GPIO_Init
    main.o(.text.main) refers to adc.o(.text.MX_ADC1_Init) for MX_ADC1_Init
    main.o(.text.main) refers to can.o(.text.MX_CAN1_Init) for MX_CAN1_Init
    main.o(.text.main) refers to tim.o(.text.MX_TIM2_Init) for MX_TIM2_Init
    main.o(.text.main) refers to tim.o(.text.MX_TIM3_Init) for MX_TIM3_Init
    main.o(.text.main) refers to usart.o(.text.MX_USART1_UART_Init) for MX_USART1_UART_Init
    main.o(.text.main) refers to usart.o(.text.MX_USART3_UART_Init) for MX_USART3_UART_Init
    main.o(.text.main) refers to tim.o(.text.MX_TIM4_Init) for MX_TIM4_Init
    main.o(.text.main) refers to can.o(.text.CAN_Filter_Init) for CAN_Filter_Init
    main.o(.text.main) refers to sensors_reading.o(.text.L_Pres_filter_1) for L_Pres_filter_1
    main.o(.text.main) refers to sensors_reading.o(.bss..L_MergedGlobals) for ADC_Pressure_Value_filter
    main.o(.text.main) refers to sensors_reading.o(.data.ids830_pid) for ids830_pid
    main.o(.text.main) refers to sensors_reading.o(.text.ids830_compensation_PID_Init) for ids830_compensation_PID_Init
    main.o(.text.main) refers to sensors_reading.o(.text.LinearActuator_compensation_LOW) for LinearActuator_compensation_LOW
    main.o(.ARM.exidx.text.main) refers to main.o(.text.main) for [Anonymous Symbol]
    main.o(.text.SystemClock_Config) refers to stm32f4xx_hal_rcc.o(.text.HAL_RCC_OscConfig) for HAL_RCC_OscConfig
    main.o(.text.SystemClock_Config) refers to stm32f4xx_hal_rcc.o(.text.HAL_RCC_ClockConfig) for HAL_RCC_ClockConfig
    main.o(.ARM.exidx.text.SystemClock_Config) refers to main.o(.text.SystemClock_Config) for [Anonymous Symbol]
    main.o(.ARM.exidx.text.Error_Handler) refers to main.o(.text.Error_Handler) for [Anonymous Symbol]
    gpio.o(.ARM.exidx.text.MX_GPIO_Init) refers to gpio.o(.text.MX_GPIO_Init) for [Anonymous Symbol]
    adc.o(.text.MX_ADC1_Init) refers to adc.o(.bss.hadc1) for hadc1
    adc.o(.text.MX_ADC1_Init) refers to stm32f4xx_hal_adc.o(.text.HAL_ADC_Init) for HAL_ADC_Init
    adc.o(.text.MX_ADC1_Init) refers to main.o(.text.Error_Handler) for Error_Handler
    adc.o(.text.MX_ADC1_Init) refers to stm32f4xx_hal_adc.o(.text.HAL_ADC_ConfigChannel) for HAL_ADC_ConfigChannel
    adc.o(.ARM.exidx.text.MX_ADC1_Init) refers to adc.o(.text.MX_ADC1_Init) for [Anonymous Symbol]
    adc.o(.text.HAL_ADC_MspInit) refers to stm32f4xx_hal_gpio.o(.text.HAL_GPIO_Init) for HAL_GPIO_Init
    adc.o(.ARM.exidx.text.HAL_ADC_MspInit) refers to adc.o(.text.HAL_ADC_MspInit) for [Anonymous Symbol]
    adc.o(.text.HAL_ADC_MspDeInit) refers to stm32f4xx_hal_gpio.o(.text.HAL_GPIO_DeInit) for HAL_GPIO_DeInit
    adc.o(.ARM.exidx.text.HAL_ADC_MspDeInit) refers to adc.o(.text.HAL_ADC_MspDeInit) for [Anonymous Symbol]
[...]
    [Anonymous Symbol]                       0x08000f90   Section        0  stm32f4xx_hal_can.o(.text.HAL_CAN_ActivateNotification)
    [Anonymous Symbol]                       0x08000fc0   Section        0  stm32f4xx_hal_can.o(.text.HAL_CAN_AddTxMessage)
    [Anonymous Symbol]                       0x08001080   Section        0  stm32f4xx_hal_can.o(.text.HAL_CAN_ConfigFilter)
    [Anonymous Symbol]                       0x08001160   Section        0  stm32f4xx_hal_can.o(.text.HAL_CAN_ErrorCallback)
    [Anonymous Symbol]                       0x08001164   Section        0  stm32f4xx_hal_can.o(.text.HAL_CAN_GetRxMessage)
    [Anonymous Symbol]                       0x08001284   Section        0  stm32f4xx_hal_can.o(.text.HAL_CAN_IRQHandler)
    [Anonymous Symbol]                       0x080014e4   Section        0  stm32f4xx_hal_can.o(.text.HAL_CAN_Init)
    [Anonymous Symbol]                       0x080015d8   Section        0  can.o(.text.HAL_CAN_MspInit)
    [Anonymous Symbol]                       0x08001654   Section        0  stm32f4xx_hal_can.o(.text.HAL_CAN_RxFifo0FullCallback)
    [Anonymous Symbol]                       0x08001658   Section        0  can.o(.text.HAL_CAN_RxFifo0MsgPendingCallback)
    [Anonymous Symbol]                       0x08001750   Section        0  stm32f4xx_hal_can.o(.text.HAL_CAN_RxFifo1FullCallback)
    [Anonymous Symbol]                       0x08001754   Section        0  stm32f4xx_hal_can.o(.text.HAL_CAN_RxFifo1MsgPendingCallback)
    [Anonymous Symbol]                       0x08001758   Section        0  stm32f4xx_hal_can.o(.text.HAL_CAN_SleepCallback)
    [Anonymous Symbol]                       0x0800175c   Section        0  stm32f4xx_hal_can.o(.text.HAL_CAN_Start)
    [Anonymous Symbol]                       0x080017b8   Section        0  stm32f4xx_hal_can.o(.text.HAL_CAN_TxMailbox0AbortCallback)
    [Anonymous Symbol]                       0x080017bc   Section        0  stm32f4xx_hal_can.o(.text.HAL_CAN_TxMailbox0CompleteCallback)
    [Anonymous Symbol]                       0x080017c0   Section        0  stm32f4xx_hal_can.o(.text.HAL_CAN_TxMailbox1AbortCallback)
    [Anonymous Symbol]                       0x080017c4   Section        0  stm32f4xx_hal_can.o(.text.HAL_CAN_TxMailbox1CompleteCallback)
    [Anonymous Symbol]                       0x080017c8   Section        0  stm32f4xx_hal_can.o(.text.HAL_CAN_TxMailbox2AbortCallback)
    [Anonymous Symbol]                       0x080017cc   Section        0  stm32f4xx_hal_can.o(.text.HAL_CAN_TxMailbox2CompleteCallback)
    [Anonymous Symbol]                       0x080017d0   Section        0  stm32f4xx_hal_can.o(.text.HAL_CAN_WakeUpFromRxMsgCallback)
    [Anonymous Symbol]                       0x080017d4   Section        0  stm32f4xx_hal_dma.o(.text.HAL_DMA_Abort)
    [Anonymous Symbol]                       0x08001864   Section        0  stm32f4xx_hal_dma.o(.text.HAL_DMA_Abort_IT)
    [Anonymous Symbol]                       0x08001888   Section        0  stm32f4xx_hal.o(.text.HAL_Delay)
    [Anonymous Symbol]                       0x080018b0   Section        0  stm32f4xx_hal_gpio.o(.text.HAL_GPIO_Init)
    [Anonymous Symbol]                       0x08001a58   Section        0  stm32f4xx_hal.o(.text.HAL_GetTick)
    [Anonymous Symbol]                       0x08001a64   Section        0  stm32f4xx_hal.o(.text.HAL_IncTick)
    [Anonymous Symbol]                       0x08001a80   Section        0  stm32f4xx_hal.o(.text.HAL_Init)
    [Anonymous Symbol]                       0x08001ab8   Section        0  stm32f4xx_hal.o(.text.HAL_InitTick)
    [Anonymous Symbol]                       0x08001b00   Section        0  stm32f4xx_hal_msp.o(.text.HAL_MspInit)
    [Anonymous Symbol]                       0x08001b38   Section        0  stm32f4xx_hal_cortex.o(.text.HAL_NVIC_EnableIRQ)
    [Anonymous Symbol]                       0x08001b60   Section        0  stm32f4xx_hal_cortex.o(.text.HAL_NVIC_SetPriority)
    [Anonymous Symbol]                       0x08001bb8   Section        0  stm32f4xx_hal_cortex.o(.text.HAL_NVIC_SetPriorityGrouping)
    [Anonymous Symbol]                       0x08001bd8   Section        0  stm32f4xx_hal_rcc.o(.text.HAL_RCC_ClockConfig)
    [Anonymous Symbol]                       0x08001d38   Section        0  stm32f4xx_hal_rcc.o(.text.HAL_RCC_GetPCLK1Freq)
    [Anonymous Symbol]                       0x08001d60   Section        0  stm32f4xx_hal_rcc.o(.text.HAL_RCC_GetPCLK2Freq)
    [Anonymous Symbol]                       0x08001d88   Section        0  stm32f4xx_hal_rcc.o(.text.HAL_RCC_GetSysClockFreq)
    [Anonymous Symbol]                       0x08001df4   Section        0  stm32f4xx_hal_rcc.o(.text.HAL_RCC_OscConfig)
    [Anonymous Symbol]                       0x08002168   Section        0  stm32f4xx_hal_cortex.o(.text.HAL_SYSTICK_Config)
    [Anonymous Symbol]                       0x08002194   Section        0  stm32f4xx_hal_tim_ex.o(.text.HAL_TIMEx_BreakCallback)
    [Anonymous Symbol]                       0x08002198   Section        0  stm32f4xx_hal_tim_ex.o(.text.HAL_TIMEx_CommutCallback)
    [Anonymous Symbol]                       0x0800219c   Section        0  stm32f4xx_hal_tim_ex.o(.text.HAL_TIMEx_MasterConfigSynchronization)
    [Anonymous Symbol]                       0x08002254   Section        0  stm32f4xx_hal_tim.o(.text.HAL_TIM_Base_Init)
    [Anonymous Symbol]                       0x080022b0   Section        0  tim.o(.text.HAL_TIM_Base_MspInit)
    [Anonymous Symbol]                       0x08002360   Section        0  stm32f4xx_hal_tim.o(.text.HAL_TIM_Base_Start)
    [Anonymous Symbol]                       0x08002404   Section        0  stm32f4xx_hal_tim.o(.text.HAL_TIM_Base_Stop)
    [Anonymous Symbol]                       0x08002438   Section        0  stm32f4xx_hal_tim.o(.text.HAL_TIM_Base_Stop_IT)
    [Anonymous Symbol]                       0x08002474   Section        0  stm32f4xx_hal_tim.o(.text.HAL_TIM_ConfigClockSource)
    [Anonymous Symbol]                       0x08002610   Section        0  stm32f4xx_hal_tim.o(.text.HAL_TIM_IC_CaptureCallback)
    [Anonymous Symbol]                       0x08002614   Section        0  stm32f4xx_hal_tim.o(.text.HAL_TIM_IRQHandler)
    [Anonymous Symbol]                       0x08002784   Section        0  stm32f4xx_hal_tim.o(.text.HAL_TIM_OC_DelayElapsedCallback)
    [Anonymous Symbol]                       0x08002788   Section        0  stm32f4xx_hal_tim.o(.text.HAL_TIM_PWM_PulseFinishedCallback)
    [Anonymous Symbol]                       0x0800278c   Section        0  tim.o(.text.HAL_TIM_PeriodElapsedCallback)
    [Anonymous Symbol]                       0x080027fc   Section        0  stm32f4xx_hal_tim.o(.text.HAL_TIM_TriggerCallback)
    [Anonymous Symbol]                       0x08002800   Section        0  stm32f4xx_hal_uart.o(.text.HAL_UARTEx_RxEventCallback)
    [Anonymous Symbol]                       0x08002804   Section        0  stm32f4xx_hal_uart.o(.text.HAL_UART_ErrorCallback)
    [Anonymous Symbol]                       0x08002808   Section        0  stm32f4xx_hal_uart.o(.text.HAL_UART_IRQHandler)
    [Anonymous Symbol]                       0x08002d6c   Section        0  stm32f4xx_hal_uart.o(.text.HAL_UART_Init)
    [Anonymous Symbol]                       0x08002dcc   Section        0  usart.o(.text.HAL_UART_MspInit)
    [Anonymous Symbol]                       0x08002ea4   Section        0  stm32f4xx_hal_uart.o(.text.HAL_UART_Receive_IT)
    [Anonymous Symbol]                       0x08002f04   Section        0  usart.o(.text.HAL_UART_RxCpltCallback)
    [Anonymous Symbol]                       0x08002f60   Section        0  stm32f4xx_hal_uart.o(.text.HAL_UART_Transmit)
    [Anonymous Symbol]                       0x080031e8   Section        0  stm32f4xx_hal_uart.o(.text.HAL_UART_TxCpltCallback)
    [Anonymous Symbol]                       0x080031ec   Section        0  stm32f4xx_it.o(.text.HardFault_Handler)
    [Anonymous Symbol]                       0x080031f0   Section        0  sensors_reading.o(.text.L_Pres_filter_1)
    [Anonymous Symbol]                       0x08003e04   Section        0  sensors_reading.o(.text.LinearActuator_compensation_LOW)
    [Anonymous Symbol]                       0x08003ea8   Section        0  ids830can.o(.text.LinearActuator_read_CurrentandSpeed)
    [Anonymous Symbol]                       0x08003f60   Section        0  ids830can.o(.text.LinearActuator_read_position)
    [Anonymous Symbol]                       0x08003ff0   Section        0  ids830can.o(.text.LinearActuator_startRun_maxspeed_position)
    [Anonymous Symbol]                       0x08004104   Section        0  adc.o(.text.MX_ADC1_Init)
    [Anonymous Symbol]                       0x080041ec   Section        0  can.o(.text.MX_CAN1_Init)
    [Anonymous Symbol]                       0x08004234   Section        0  gpio.o(.text.MX_GPIO_Init)
    [Anonymous Symbol]                       0x08004294   Section        0  tim.o(.text.MX_TIM2_Init)
    [Anonymous Symbol]                       0x08004308   Section        0  tim.o(.text.MX_TIM3_Init)
    [Anonymous Symbol]                       0x0800437c   Section        0  tim.o(.text.MX_TIM4_Init)
    [Anonymous Symbol]                       0x080043f4   Section        0  usart.o(.text.MX_USART1_UART_Init)
    [Anonymous Symbol]                       0x08004430   Section        0  usart.o(.text.MX_USART3_UART_Init)
    [Anonymous Symbol]                       0x0800446c   Section        0  stm32f4xx_it.o(.text.MemManage_Handler)
    [Anonymous Symbol]                       0x08004470   Section        0  stm32f4xx_it.o(.text.NMI_Handler)
    [Anonymous Symbol]                       0x08004474   Section        0  stm32f4xx_it.o(.text.PendSV_Handler)
    [Anonymous Symbol]                       0x08004478   Section        0  stm32f4xx_it.o(.text.SVC_Handler)
    [Anonymous Symbol]                       0x0800447c   Section        0  stm32f4xx_it.o(.text.SysTick_Handler)
    [Anonymous Symbol]                       0x08004480   Section        0  main.o(.text.SystemClock_Config)
    [Anonymous Symbol]                       0x08004530   Section        0  system_stm32f4xx.o(.text.SystemInit)
    [Anonymous Symbol]                       0x08004544   Section        0  stm32f4xx_it.o(.text.TIM2_IRQHandler)
    [Anonymous Symbol]                       0x08004550   Section        0  stm32f4xx_it.o(.text.TIM4_IRQHandler)
    [Anonymous Symbol]                       0x0800455c   Section        0  stm32f4xx_hal_tim.o(.text.TIM_Base_SetConfig)
    UART_DMAAbortOnError                     0x08004699   Thumb Code    12  stm32f4xx_hal_uart.o(.text.UART_DMAAbortOnError)
    [Anonymous Symbol]                       0x08004698   Section        0  stm32f4xx_hal_uart.o(.text.UART_DMAAbortOnError)
    UART_Receive_IT                          0x080046a5   Thumb Code   254  stm32f4xx_hal_uart.o(.text.UART_Receive_IT)
    [Anonymous Symbol]                       0x080046a4   Section        0  stm32f4xx_hal_uart.o(.text.UART_Receive_IT)
    UART_SetConfig                           0x080047a5   Thumb Code   238  stm32f4xx_hal_uart.o(.text.UART_SetConfig)
    [Anonymous Symbol]                       0x080047a4   Section        0  stm32f4xx_hal_uart.o(.text.UART_SetConfig)
    [Anonymous Symbol]                       0x08004894   Section        0  stm32f4xx_it.o(.text.USART1_IRQHandler)
    [Anonymous Symbol]                       0x080048a0   Section        0  stm32f4xx_it.o(.text.USART3_IRQHandler)
    [Anonymous Symbol]                       0x080048c4   Section        0  stm32f4xx_it.o(.text.UsageFault_Handler)
    [Anonymous Symbol]                       0x080048c8   Section        0  lkmoto.o(.text.angle_close_loop_with_speed)
    [Anonymous Symbol]                       0x08004a14   Section        0  lkmoto.o(.text.can_send)
    [Anonymous Symbol]                       0x08004b38   Section        0  lkmoto.o(.text.driv_ans_singlejoint)
    [Anonymous Symbol]                       0x08004c98   Section        0  fourier_series_traj_exciting.o(.text.fourier_series_traj)
    [Anonymous Symbol]                       0x08004e2c   Section        0  usart.o(.text.fputc)
    [Anonymous Symbol]                       0x08004e4c   Section        0  sensors_reading.o(.text.ids830_compensation_PID_Init)
    [Anonymous Symbol]                       0x08004e80   Section        0  main.o(.text.main)
    [Anonymous Symbol]                       0x08004ef0   Section        0  sensors_reading.o(.text.pressure_SensorReading)
    [Anonymous Symbol]                       0x08005020   Section        0  lkmoto.o(.text.read_angle)
    [Anonymous Symbol]                       0x08005140   Section        0  fourier_series_traj_exciting.o(.text.run_fourier_series_traj)
    __arm_cp.6_7                             0x080052d4   Number         4  fourier_series_traj_exciting.o(.text.run_fourier_series_traj)
    __arm_cp.6_8                             0x080052d8   Number         4  fourier_series_traj_exciting.o(.text.run_fourier_series_traj)
    __arm_cp.6_9                             0x080052dc   Number         4  fourier_series_traj_exciting.o(.text.run_fourier_series_traj)
    __arm_cp.6_10                            0x080052e0   Number         4  fourier_series_traj_exciting.o(.text.run_fourier_series_traj)
    __arm_cp.6_11                            0x080052e4   Number         4  fourier_series_traj_exciting.o(.text.run_fourier_series_traj)
    i.__0printf                              0x080055b8   Section        0  printfa.o(i.__0printf)
    i.__ARM_fpclassify                       0x080055d8   Section        0  fpclassify.o(i.__ARM_fpclassify)
    i.__hardfp_cos                           0x08005608   Section        0  cos.o(i.__hardfp_cos)
    i.__hardfp_sin                           0x080056d0   Section        0  sin.o(i.__hardfp_sin)
    i.__ieee754_rem_pio2                     0x08005798   Section        0  rred.o(i.__ieee754_rem_pio2)
    i.__kernel_cos                           0x08005bd0   Section        0  cos_i.o(i.__kernel_cos)
    i.__kernel_poly                          0x08005d40   Section        0  poly.o(i.__kernel_poly)
    i.__kernel_sin                           0x08005e38   Section        0  sin_i.o(i.__kernel_sin)
    i.__mathlib_dbl_infnan                   0x08005f68   Section        0  dunder.o(i.__mathlib_dbl_infnan)
    i.__mathlib_dbl_invalid                  0x08005f80   Section        0  dunder.o(i.__mathlib_dbl_invalid)
    i.__mathlib_dbl_underflow                0x08005fa0   Section        0  dunder.o(i.__mathlib_dbl_underflow)
    i.__scatterload_copy                     0x08005fc0   Section       14  handlers.o(i.__scatterload_copy)
    i.__scatterload_null                     0x08005fce   Section        2  handlers.o(i.__scatterload_null)
    i.__scatterload_zeroinit                 0x08005fd0   Section       14  handlers.o(i.__scatterload_zeroinit)
    i.__set_errno                            0x08005fe0   Section        0  errno.o(i.__set_errno)
    _fp_digits                               0x08005fed   Thumb Code   366  printfa.o(i._fp_digits)
    i._fp_digits                             0x08005fec   Section        0  printfa.o(i._fp_digits)
    _printf_core                             0x08006171   Thumb Code  1744  printfa.o(i._printf_core)
    i._printf_core                           0x08006170   Section        0  printfa.o(i._printf_core)
    _printf_post_padding                     0x0800684d   Thumb Code    36  printfa.o(i._printf_post_padding)
    i._printf_post_padding                   0x0800684c   Section        0  printfa.o(i._printf_post_padding)
    _printf_pre_padding                      0x08006871   Thumb Code    46  printfa.o(i._printf_pre_padding)
    i._printf_pre_padding                    0x08006870   Section        0  printfa.o(i._printf_pre_padding)
    i.fabs                                   0x0800689e   Section        0  fabs.o(i.fabs)
    i.puts                                   0x080068b8   Section        0  puts.o(i.puts)
    C                                        0x080068e0   Data          48  cos_i.o(.constdata)
    .constdata                               0x080068e0   Section       48  cos_i.o(.constdata)
    pio2s                                    0x08006910   Data          48  rred.o(.constdata)
    .constdata                               0x08006910   Section      204  rred.o(.constdata)
    twooverpi                                0x08006940   Data         156  rred.o(.constdata)
    S                                        0x080069e0   Data          40  sin_i.o(.constdata)
    .constdata                               0x080069e0   Section       40  sin_i.o(.constdata)
    .L.str.3                                 0x08006a20   Data         386  fourier_series_traj_exciting.o(.rodata.str1.1)
    [Anonymous Symbol]                       0x08006a20   Section        0  fourier_series_traj_exciting.o(.rodata.str1.1)
    .L.str.2                                 0x08006ba2   Data           4  lkmoto.o(.rodata.str1.1)
    [Anonymous Symbol]                       0x08006ba2   Section        0  lkmoto.o(.rodata.str1.1)
    .L.str.6                                 0x08006ba6   Data         369  lkmoto.o(.rodata.str1.1)
    .Lstr.12                                 0x08006ba6   Data           9  lkmoto.o(.rodata.str1.1)
    .L.str                                   0x08006baf   Data          20  sensors_reading.o(.rodata.str1.1)
    [Anonymous Symbol]                       0x08006baf   Section        0  sensors_reading.o(.rodata.str1.1)
    .data                                    0x20000000   Section        4  stdout.o(.data)
    _errno                                   0x20000004   Data           4  errno.o(.data)
    .data                                    0x20000004   Section        4  errno.o(.data)
    .L_MergedGlobals                         0x20000008   Data          12  fourier_series_traj_exciting.o(.data..L_MergedGlobals)
    [Anonymous Symbol]                       0x20000008   Section        0  fourier_series_traj_exciting.o(.data..L_MergedGlobals)
    .L_MergedGlobals                         0x20000014   Data           8  stm32f4xx_hal.o(.data..L_MergedGlobals)
    [Anonymous Symbol]                       0x20000014   Section        0  stm32f4xx_hal.o(.data..L_MergedGlobals)
    .L_MergedGlobals                         0x20000130   Data          80  can.o(.bss..L_MergedGlobals)
    [Anonymous Symbol]                       0x20000130   Section        0  can.o(.bss..L_MergedGlobals)
    .L_MergedGlobals                         0x20000180   Data           4  usart.o(.bss..L_MergedGlobals)
    [Anonymous Symbol]                       0x20000180   Section        0  usart.o(.bss..L_MergedGlobals)
    .L_MergedGlobals                         0x20000184   Data          32  ids830can.o(.bss..L_MergedGlobals)
    [Anonymous Symbol]                       0x20000184   Section        0  ids830can.o(.bss..L_MergedGlobals)
    IDS830_can_send.txMailBox                0x20000190   Data           4  ids830can.o(.bss..L_MergedGlobals)
    .L_MergedGlobals                         0x200001a4   Data         108  lkmoto.o(.bss..L_MergedGlobals)
    [Anonymous Symbol]                       0x200001a4   Section        0  lkmoto.o(.bss..L_MergedGlobals)
    .L_MergedGlobals                         0x20000210   Data          80  sensors_reading.o(.bss..L_MergedGlobals)
    [Anonymous Symbol]                       0x20000210   Section        0  sensors_reading.o(.bss..L_MergedGlobals)
    .L_MergedGlobals.14                      0x20000260   Data          56  lkmoto.o(.bss..L_MergedGlobals.14)
    [Anonymous Symbol]                       0x20000260   Section        0  lkmoto.o(.bss..L_MergedGlobals.14)
    .L_MergedGlobals.4                       0x20000298   Data         120  fourier_series_traj_exciting.o(.bss..L_MergedGlobals.4)
    [Anonymous Symbol]                       0x20000298   Section        0  fourier_series_traj_exciting.o(.bss..L_MergedGlobals.4)
    can_send.txMailBox                       0x20000630   Data           4  lkmoto.o(.bss.can_send.txMailBox)
    [Anonymous Symbol]                       0x20000630   Section        0  lkmoto.o(.bss.can_send.txMailBox)
    STACK                                    0x20000848   Section     1024  startup_stm32f407xx.o(STACK)

    Global Symbols

    Symbol Name                              Value     Ov Type        Size  Object(Section)

    BuildAttributes$$THM_ISAv4$E$P$D$K$B$S$7EM$VFPi3$EXTD16$VFPS$VFMA$PE$A:L22UL41UL21$X:L11$S22US41US21$IEEE1$IW$~IW$USESV6$~STKCKD$USESV7$~SHL$OTIME$ROPI$IEEEX$EBA8$MICROLIB$REQ8$PRES8$EABIv2 0x00000000   Number         0  anon$$obj.o ABSOLUTE
    _printf_a                                0x00000000   Number         0  printfstubs.o ABSOLUTE
    _printf_c                                0x00000000   Number         0  printfstubs.o ABSOLUTE
    _printf_charcount                        0x00000000   Number         0  printfstubs.o ABSOLUTE
    _printf_d                                0x00000000   Number         0  printfstubs.o ABSOLUTE
    _printf_e                                0x00000000   Number         0  printfstubs.o ABSOLUTE
    _printf_f                                0x00000000   Number         0  printfstubs.o ABSOLUTE
    _printf_flags                            0x00000000   Number         0  printfstubs.o ABSOLUTE
    _printf_fp_dec                           0x00000000   Number         0  printfstubs.o ABSOLUTE
    _printf_fp_hex                           0x00000000   Number         0  printfstubs.o ABSOLUTE
    _printf_g                                0x00000000   Number         0  printfstubs.o ABSOLUTE
    _printf_i                                0x00000000   Number         0  printfstubs.o ABSOLUTE
    _printf_int_dec                          0x00000000   Number         0  printfstubs.o ABSOLUTE
    _printf_l                                0x00000000   Number         0  printfstubs.o ABSOLUTE
    _printf_lc                               0x00000000   Number         0  printfstubs.o ABSOLUTE
    _printf_ll                               0x00000000   Number         0  printfstubs.o ABSOLUTE
    _printf_lld                              0x00000000   Number         0  printfstubs.o ABSOLUTE
    _printf_lli                              0x00000000   Number         0  printfstubs.o ABSOLUTE
    _printf_llo                              0x00000000   Number         0  printfstubs.o ABSOLUTE
    _printf_llu                              0x00000000   Number         0  printfstubs.o ABSOLUTE
    _printf_llx                              0x00000000   Number         0  printfstubs.o ABSOLUTE
    _printf_longlong_dec                     0x00000000   Number         0  printfstubs.o ABSOLUTE
    _printf_longlong_hex                     0x00000000   Number         0  printfstubs.o ABSOLUTE
    _printf_longlong_oct                     0x00000000   Number         0  printfstubs.o ABSOLUTE
    _printf_ls                               0x00000000   Number         0  printfstubs.o ABSOLUTE
    _printf_mbtowc                           0x00000000   Number         0  printfstubs.o ABSOLUTE
    _printf_n                                0x00000000   Number         0  printfstubs.o ABSOLUTE
    _printf_o                                0x00000000   Number         0  printfstubs.o ABSOLUTE
    _printf_p                                0x00000000   Number         0  printfstubs.o ABSOLUTE
    _printf_percent                          0x00000000   Number         0  printfstubs.o ABSOLUTE
    _printf_pre_padding                      0x00000000   Number         0  printfstubs.o ABSOLUTE
    _printf_return_value                     0x00000000   Number         0  printfstubs.o ABSOLUTE
    _printf_s                                0x00000000   Number         0  printfstubs.o ABSOLUTE
    _printf_sizespec                         0x00000000   Number         0  printfstubs.o ABSOLUTE
    _printf_str                              0x00000000   Number         0  printfstubs.o ABSOLUTE
    _printf_truncate_signed                  0x00000000   Number         0  printfstubs.o ABSOLUTE
    _printf_truncate_unsigned                0x00000000   Number         0  printfstubs.o ABSOLUTE
    _printf_u                                0x00000000   Number         0  printfstubs.o ABSOLUTE
    _printf_wc                               0x00000000   Number         0  printfstubs.o ABSOLUTE
    _printf_wctomb                           0x00000000   Number         0  printfstubs.o ABSOLUTE
    _printf_widthprec                        0x00000000   Number         0  printfstubs.o ABSOLUTE
    _printf_x                                0x00000000   Number         0  printfstubs.o ABSOLUTE
    __cpp_initialize__aeabi_                  - Undefined Weak Reference
    __cxa_finalize                            - Undefined Weak Reference
    __decompress                              - Undefined Weak Reference
    _clock_init                               - Undefined Weak Reference
    _microlib_exit                            - Undefined Weak Reference
    __Vectors_Size                           0x00000188   Number         0  startup_stm32f407xx.o ABSOLUTE
    __Vectors                                0x08000000   Data           4  startup_stm32f407xx.o(RESET)
    __Vectors_End                            0x08000188   Data           0  startup_stm32f407xx.o(RESET)
    __main                                   0x08000189   Thumb Code     0  entry.o(.ARM.Collect$$$$00000000)
    _main_stk                                0x08000189   Thumb Code     0  entry2.o(.ARM.Collect$$$$00000001)
    _main_scatterload                        0x0800018d   Thumb Code     0  entry5.o(.ARM.Collect$$$$00000004)
    __main_after_scatterload                 0x08000191   Thumb Code     0  entry5.o(.ARM.Collect$$$$00000004)
    _main_clock                              0x08000191   Thumb Code     0  entry7b.o(.ARM.Collect$$$$00000008)
    _main_cpp_init                           0x08000191   Thumb Code     0  entry8b.o(.ARM.Collect$$$$0000000A)
    _main_init                               0x08000191   Thumb Code     0  entry9a.o(.ARM.Collect$$$$0000000B)
    __rt_final_cpp                           0x08000199   Thumb Code     0  entry10a.o(.ARM.Collect$$$$0000000D)
    __rt_final_exit                          0x08000199   Thumb Code     0  entry11a.o(.ARM.Collect$$$$0000000F)
    Reset_Handler                            0x0800019d   Thumb Code     8  startup_stm32f407xx.o(.text)
    ADC_IRQHandler                           0x080001b7   Thumb Code     0  startup_stm32f407xx.o(.text)
    CAN1_RX1_IRQHandler                      0x080001b7   Thumb Code     0  startup_stm32f407xx.o(.text)
    CAN1_SCE_IRQHandler                      0x080001b7   Thumb Code     0  startup_stm32f407xx.o(.text)
    CAN1_TX_IRQHandler                       0x080001b7   Thumb Code     0  startup_stm32f407xx.o(.text)
    CAN2_RX0_IRQHandler                      0x080001b7   Thumb Code     0  startup_stm32f407xx.o(.text)
    CAN2_RX1_IRQHandler                      0x080001b7   Thumb Code     0  startup_stm32f407xx.o(.text)
    CAN2_SCE_IRQHandler                      0x080001b7   Thumb Code     0  startup_stm32f407xx.o(.text)
    CAN2_TX_IRQHandler                       0x080001b7   Thumb Code     0  startup_stm32f407xx.o(.text)
    DCMI_IRQHandler                          0x080001b7   Thumb Code     0  startup_stm32f407xx.o(.text)
    DMA1_Stream0_IRQHandler                  0x080001b7   Thumb Code     0  startup_stm32f407xx.o(.text)
    DMA1_Stream1_IRQHandler                  0x080001b7   Thumb Code     0  startup_stm32f407xx.o(.text)
    DMA1_Stream2_IRQHandler                  0x080001b7   Thumb Code     0  startup_stm32f407xx.o(.text)
    DMA1_Stream3_IRQHandler                  0x080001b7   Thumb Code     0  startup_stm32f407xx.o(.text)
    DMA1_Stream4_IRQHandler                  0x080001b7   Thumb Code     0  startup_stm32f407xx.o(.text)
    DMA1_Stream5_IRQHandler                  0x080001b7   Thumb Code     0  startup_stm32f407xx.o(.text)
    DMA1_Stream6_IRQHandler                  0x080001b7   Thumb Code     0  startup_stm32f407xx.o(.text)
    DMA1_Stream7_IRQHandler                  0x080001b7   Thumb Code     0  startup_stm32f407xx.o(.text)
    DMA2_Stream0_IRQHandler                  0x080001b7   Thumb Code     0  startup_stm32f407xx.o(.text)
    DMA2_Stream1_IRQHandler                  0x080001b7   Thumb Code     0  startup_stm32f407xx.o(.text)
    DMA2_Stream2_IRQHandler                  0x080001b7   Thumb Code     0  startup_stm32f407xx.o(.text)
    DMA2_Stream3_IRQHandler                  0x080001b7   Thumb Code     0  startup_stm32f407xx.o(.text)
    DMA2_Stream4_IRQHandler                  0x080001b7   Thumb Code     0  startup_stm32f407xx.o(.text)
    DMA2_Stream5_IRQHandler                  0x080001b7   Thumb Code     0  startup_stm32f407xx.o(.text)
    DMA2_Stream6_IRQHandler                  0x080001b7   Thumb Code     0  startup_stm32f407xx.o(.text)
    DMA2_Stream7_IRQHandler                  0x080001b7   Thumb Code     0  startup_stm32f407xx.o(.text)
    ETH_IRQHandler                           0x080001b7   Thumb Code     0  startup_stm32f407xx.o(.text)
    ETH_WKUP_IRQHandler                      0x080001b7   Thumb Code     0  startup_stm32f407xx.o(.text)
    EXTI0_IRQHandler                         0x080001b7   Thumb Code     0  startup_stm32f407xx.o(.text)
    EXTI15_10_IRQHandler                     0x080001b7   Thumb Code     0  startup_stm32f407xx.o(.text)
    EXTI1_IRQHandler                         0x080001b7   Thumb Code     0  startup_stm32f407xx.o(.text)
    EXTI2_IRQHandler                         0x080001b7   Thumb Code     0  startup_stm32f407xx.o(.text)
    EXTI3_IRQHandler                         0x080001b7   Thumb Code     0  startup_stm32f407xx.o(.text)
    EXTI4_IRQHandler                         0x080001b7   Thumb Code     0  startup_stm32f407xx.o(.text)
    EXTI9_5_IRQHandler                       0x080001b7   Thumb Code     0  startup_stm32f407xx.o(.text)
    FLASH_IRQHandler                         0x080001b7   Thumb Code     0  startup_stm32f407xx.o(.text)
    FMC_IRQHandler                           0x080001b7   Thumb Code     0  startup_stm32f407xx.o(.text)
    FPU_IRQHandler                           0x080001b7   Thumb Code     0  startup_stm32f407xx.o(.text)
    HASH_RNG_IRQHandler                      0x080001b7   Thumb Code     0  startup_stm32f407xx.o(.text)
    I2C1_ER_IRQHandler                       0x080001b7   Thumb Code     0  startup_stm32f407xx.o(.text)
    I2C1_EV_IRQHandler                       0x080001b7   Thumb Code     0  startup_stm32f407xx.o(.text)
    I2C2_ER_IRQHandler                       0x080001b7   Thumb Code     0  startup_stm32f407xx.o(.text)
    I2C2_EV_IRQHandler                       0x080001b7   Thumb Code     0  startup_stm32f407xx.o(.text)
    I2C3_ER_IRQHandler                       0x080001b7   Thumb Code     0  startup_stm32f407xx.o(.text)
    I2C3_EV_IRQHandler                       0x080001b7   Thumb Code     0  startup_stm32f407xx.o(.text)
    OTG_FS_IRQHandler                        0x080001b7   Thumb Code     0  startup_stm32f407xx.o(.text)
    OTG_FS_WKUP_IRQHandler                   0x080001b7   Thumb Code     0  startup_stm32f407xx.o(.text)
    OTG_HS_EP1_IN_IRQHandler                 0x080001b7   Thumb Code     0  startup_stm32f407xx.o(.text)
    OTG_HS_EP1_OUT_IRQHandler                0x080001b7   Thumb Code     0  startup_stm32f407xx.o(.text)
    OTG_HS_IRQHandler                        0x080001b7   Thumb Code     0  startup_stm32f407xx.o(.text)
    OTG_HS_WKUP_IRQHandler                   0x080001b7   Thumb Code     0  startup_stm32f407xx.o(.text)
    PVD_IRQHandler                           0x080001b7   Thumb Code     0  startup_stm32f407xx.o(.text)
    RCC_IRQHandler                           0x080001b7   Thumb Code     0  startup_stm32f407xx.o(.text)
    RTC_Alarm_IRQHandler                     0x080001b7   Thumb Code     0  startup_stm32f407xx.o(.text)
    RTC_WKUP_IRQHandler                      0x080001b7   Thumb Code     0  startup_stm32f407xx.o(.text)
    SDIO_IRQHandler                          0x080001b7   Thumb Code     0  startup_stm32f407xx.o(.text)
    SPI1_IRQHandler                          0x080001b7   Thumb Code     0  startup_stm32f407xx.o(.text)
    SPI2_IRQHandler                          0x080001b7   Thumb Code     0  startup_stm32f407xx.o(.text)
    SPI3_IRQHandler                          0x080001b7   Thumb Code     0  startup_stm32f407xx.o(.text)
    TAMP_STAMP_IRQHandler                    0x080001b7   Thumb Code     0  startup_stm32f407xx.o(.text)
    TIM1_BRK_TIM9_IRQHandler                 0x080001b7   Thumb Code     0  startup_stm32f407xx.o(.text)
    TIM1_CC_IRQHandler                       0x080001b7   Thumb Code     0  startup_stm32f407xx.o(.text)
    TIM1_TRG_COM_TIM11_IRQHandler            0x080001b7   Thumb Code     0  startup_stm32f407xx.o(.text)
    TIM1_UP_TIM10_IRQHandler                 0x080001b7   Thumb Code     0  startup_stm32f407xx.o(.text)
    TIM3_IRQHandler                          0x080001b7   Thumb Code     0  startup_stm32f407xx.o(.text)
    TIM5_IRQHandler                          0x080001b7   Thumb Code     0  startup_stm32f407xx.o(.text)
    TIM6_DAC_IRQHandler                      0x080001b7   Thumb Code     0  startup_stm32f407xx.o(.text)
    TIM7_IRQHandler                          0x080001b7   Thumb Code     0  startup_stm32f407xx.o(.text)
    TIM8_BRK_TIM12_IRQHandler                0x080001b7   Thumb Code     0  startup_stm32f407xx.o(.text)
    TIM8_CC_IRQHandler                       0x080001b7   Thumb Code     0  startup_stm32f407xx.o(.text)
    TIM8_TRG_COM_TIM14_IRQHandler            0x080001b7   Thumb Code     0  startup_stm32f407xx.o(.text)
    TIM8_UP_TIM13_IRQHandler                 0x080001b7   Thumb Code     0  startup_stm32f407xx.o(.text)
    UART4_IRQHandler                         0x080001b7   Thumb Code     0  startup_stm32f407xx.o(.text)
    UART5_IRQHandler                         0x080001b7   Thumb Code     0  startup_stm32f407xx.o(.text)
    USART2_IRQHandler                        0x080001b7   Thumb Code     0  startup_stm32f407xx.o(.text)
    USART6_IRQHandler                        0x080001b7   Thumb Code     0  startup_stm32f407xx.o(.text)
    WWDG_IRQHandler                          0x080001b7   Thumb Code     0  startup_stm32f407xx.o(.text)
    __aeabi_uldivmod                         0x080001c1   Thumb Code    98  uldiv.o(.text)
    __aeabi_dadd                             0x08000223   Thumb Code   322  dadd.o(.text)
    __aeabi_dsub                             0x08000365   Thumb Code     6  dadd.o(.text)
    __aeabi_drsub                            0x0800036b   Thumb Code     6  dadd.o(.text)
    __aeabi_dmul                             0x08000371   Thumb Code   228  dmul.o(.text)
    __aeabi_ddiv                             0x08000455   Thumb Code   222  ddiv.o(.text)
    __aeabi_dcmplt                           0x08000533   Thumb Code    54  dcmplt.o(.text)
    __aeabi_i2d                              0x08000569   Thumb Code    34  dflti.o(.text)
    __aeabi_d2iz                             0x0800058b   Thumb Code    62  dfixi.o(.text)
    __aeabi_f2d                              0x080005c9   Thumb Code    38  f2d.o(.text)
    __aeabi_d2f                              0x080005ef   Thumb Code    56  d2f.o(.text)
    __aeabi_uidiv                            0x08000627   Thumb Code     0  uidiv.o(.text)
    __aeabi_uidivmod                         0x08000627   Thumb Code    44  uidiv.o(.text)
    __aeabi_llsl                             0x08000653   Thumb Code    30  llshl.o(.text)
    _ll_shift_l                              0x08000653   Thumb Code     0  llshl.o(.text)
    __aeabi_llsr                             0x08000671   Thumb Code    32  llushr.o(.text)
    _ll_ushift_r                             0x08000671   Thumb Code     0  llushr.o(.text)
    __aeabi_lasr                             0x08000691   Thumb Code    36  llsshr.o(.text)
    _ll_sshift_r                             0x08000691   Thumb Code     0  llsshr.o(.text)
    __I$use$fp                               0x080006b5   Thumb Code     0  iusefp.o(.text)
    _float_round                             0x080006b5   Thumb Code    18  fepilogue.o(.text)
    _float_epilogue                          0x080006c7   Thumb Code    92  fepilogue.o(.text)
    _double_round                            0x08000723   Thumb Code    30  depilogue.o(.text)
    _double_epilogue                         0x08000741   Thumb Code   156  depilogue.o(.text)
    __aeabi_d2ulz                            0x080007dd   Thumb Code    48  dfixul.o(.text)
    __aeabi_cdrcmple                         0x0800080d   Thumb Code    48  cdrcmple.o(.text)
    __scatterload                            0x0800083d   Thumb Code    28  init.o(.text)
    __scatterload_rt2                        0x0800083d   Thumb Code     0  init.o(.text)
    __aeabi_ui2d                             0x08000861   Thumb Code    26  dfltui.o(.text)
    BusFault_Handler                         0x0800087d   Thumb Code     2  stm32f4xx_it.o(.text.BusFault_Handler)
    CAN1_RX0_IRQHandler                      0x08000881   Thumb Code    12  stm32f4xx_it.o(.text.CAN1_RX0_IRQHandler)
    CAN_Filter_Init                          0x0800088d   Thumb Code   108  can.o(.text.CAN_Filter_Init)
    DebugMon_Handler                         0x0800092d   Thumb Code     2  stm32f4xx_it.o(.text.DebugMon_Handler)
    Delay_ms                                 0x08000931   Thumb Code    86  tim.o(.text.Delay_ms)
    Delay_us                                 0x08000989   Thumb Code    68  tim.o(.text.Delay_us)
    Error_Handler                            0x080009cd   Thumb Code    10  main.o(.text.Error_Handler)
    HAL_ADC_ConfigChannel                    0x080009d9   Thumb Code   326  stm32f4xx_hal_adc.o(.text.HAL_ADC_ConfigChannel)
    HAL_ADC_GetState                         0x08000b21   Thumb Code     4  stm32f4xx_hal_adc.o(.text.HAL_ADC_GetState)
    HAL_ADC_GetValue                         0x08000b25   Thumb Code     6  stm32f4xx_hal_adc.o(.text.HAL_ADC_GetValue)
    HAL_ADC_Init                             0x08000b2d   Thumb Code   350  stm32f4xx_hal_adc.o(.text.HAL_ADC_Init)
    HAL_ADC_MspInit                          0x08000c8d   Thumb Code   176  adc.o(.text.HAL_ADC_MspInit)
    HAL_ADC_PollForConversion                0x08000d3d   Thumb Code   252  stm32f4xx_hal_adc.o(.text.HAL_ADC_PollForConversion)
    HAL_ADC_Start                            0x08000e39   Thumb Code   342  stm32f4xx_hal_adc.o(.text.HAL_ADC_Start)
    HAL_CAN_ActivateNotification             0x08000f91   Thumb Code    46  stm32f4xx_hal_can.o(.text.HAL_CAN_ActivateNotification)
    HAL_CAN_AddTxMessage                     0x08000fc1   Thumb Code   192  stm32f4xx_hal_can.o(.text.HAL_CAN_AddTxMessage)
    HAL_CAN_ConfigFilter                     0x08001081   Thumb Code   222  stm32f4xx_hal_can.o(.text.HAL_CAN_ConfigFilter)
    HAL_CAN_ErrorCallback                    0x08001161   Thumb Code     2  stm32f4xx_hal_can.o(.text.HAL_CAN_ErrorCallback)
    HAL_CAN_GetRxMessage                     0x08001165   Thumb Code   286  stm32f4xx_hal_can.o(.text.HAL_CAN_GetRxMessage)
    HAL_CAN_IRQHandler                       0x08001285   Thumb Code   606  stm32f4xx_hal_can.o(.text.HAL_CAN_IRQHandler)
    HAL_CAN_Init                             0x080014e5   Thumb Code   244  stm32f4xx_hal_can.o(.text.HAL_CAN_Init)
    HAL_CAN_MspInit                          0x080015d9   Thumb Code   124  can.o(.text.HAL_CAN_MspInit)
    HAL_CAN_RxFifo0FullCallback              0x08001655   Thumb Code     2  stm32f4xx_hal_can.o(.text.HAL_CAN_RxFifo0FullCallback)
    HAL_CAN_RxFifo0MsgPendingCallback        0x08001659   Thumb Code   248  can.o(.text.HAL_CAN_RxFifo0MsgPendingCallback)
    HAL_CAN_RxFifo1FullCallback              0x08001751   Thumb Code     2  stm32f4xx_hal_can.o(.text.HAL_CAN_RxFifo1FullCallback)
    HAL_CAN_RxFifo1MsgPendingCallback        0x08001755   Thumb Code     2  stm32f4xx_hal_can.o(.text.HAL_CAN_RxFifo1MsgPendingCallback)
    HAL_CAN_SleepCallback                    0x08001759   Thumb Code     2  stm32f4xx_hal_can.o(.text.HAL_CAN_SleepCallback)
    HAL_CAN_Start                            0x0800175d   Thumb Code    90  stm32f4xx_hal_can.o(.text.HAL_CAN_Start)
    HAL_CAN_TxMailbox0AbortCallback          0x080017b9   Thumb Code     2  stm32f4xx_hal_can.o(.text.HAL_CAN_TxMailbox0AbortCallback)
    HAL_CAN_TxMailbox0CompleteCallback       0x080017bd   Thumb Code     2  stm32f4xx_hal_can.o(.text.HAL_CAN_TxMailbox0CompleteCallback)
    HAL_CAN_TxMailbox1AbortCallback          0x080017c1   Thumb Code     2  stm32f4xx_hal_can.o(.text.HAL_CAN_TxMailbox1AbortCallback)
    HAL_CAN_TxMailbox1CompleteCallback       0x080017c5   Thumb Code     2  stm32f4xx_hal_can.o(.text.HAL_CAN_TxMailbox1CompleteCallback)
    HAL_CAN_TxMailbox2AbortCallback          0x080017c9   Thumb Code     2  stm32f4xx_hal_can.o(.text.HAL_CAN_TxMailbox2AbortCallback)
    HAL_CAN_TxMailbox2CompleteCallback       0x080017cd   Thumb Code     2  stm32f4xx_hal_can.o(.text.HAL_CAN_TxMailbox2CompleteCallback)
    HAL_CAN_WakeUpFromRxMsgCallback          0x080017d1   Thumb Code     2  stm32f4xx_hal_can.o(.text.HAL_CAN_WakeUpFromRxMsgCallback)
    HAL_DMA_Abort                            0x080017d5   Thumb Code   142  stm32f4xx_hal_dma.o(.text.HAL_DMA_Abort)
    HAL_DMA_Abort_IT                         0x08001865   Thumb Code    36  stm32f4xx_hal_dma.o(.text.HAL_DMA_Abort_IT)
    HAL_Delay                                0x08001889   Thumb Code    40  stm32f4xx_hal.o(.text.HAL_Delay)
    HAL_GPIO_Init                            0x080018b1   Thumb Code   422  stm32f4xx_hal_gpio.o(.text.HAL_GPIO_Init)
    HAL_GetTick                              0x08001a59   Thumb Code    12  stm32f4xx_hal.o(.text.HAL_GetTick)
    HAL_IncTick                              0x08001a65   Thumb Code    26  stm32f4xx_hal.o(.text.HAL_IncTick)
    HAL_Init                                 0x08001a81   Thumb Code    54  stm32f4xx_hal.o(.text.HAL_Init)
    HAL_InitTick                             0x08001ab9   Thumb Code    72  stm32f4xx_hal.o(.text.HAL_InitTick)
    HAL_MspInit                              0x08001b01   Thumb Code    56  stm32f4xx_hal_msp.o(.text.HAL_MspInit)
    HAL_NVIC_EnableIRQ                       0x08001b39   Thumb Code    38  stm32f4xx_hal_cortex.o(.text.HAL_NVIC_EnableIRQ)
    HAL_NVIC_SetPriority                     0x08001b61   Thumb Code    86  stm32f4xx_hal_cortex.o(.text.HAL_NVIC_SetPriority)
    HAL_NVIC_SetPriorityGrouping             0x08001bb9   Thumb Code    32  stm32f4xx_hal_cortex.o(.text.HAL_NVIC_SetPriorityGrouping)
    HAL_RCC_ClockConfig                      0x08001bd9   Thumb Code   352  stm32f4xx_hal_rcc.o(.text.HAL_RCC_ClockConfig)
    HAL_RCC_GetPCLK1Freq                     0x08001d39   Thumb Code    38  stm32f4xx_hal_rcc.o(.text.HAL_RCC_GetPCLK1Freq)
    HAL_RCC_GetPCLK2Freq                     0x08001d61   Thumb Code    38  stm32f4xx_hal_rcc.o(.text.HAL_RCC_GetPCLK2Freq)
    HAL_RCC_GetSysClockFreq                  0x08001d89   Thumb Code   106  stm32f4xx_hal_rcc.o(.text.HAL_RCC_GetSysClockFreq)
    HAL_RCC_OscConfig                        0x08001df5   Thumb Code   884  stm32f4xx_hal_rcc.o(.text.HAL_RCC_OscConfig)
    HAL_SYSTICK_Config                       0x08002169   Thumb Code    44  stm32f4xx_hal_cortex.o(.text.HAL_SYSTICK_Config)
    HAL_TIMEx_BreakCallback                  0x08002195   Thumb Code     2  stm32f4xx_hal_tim_ex.o(.text.HAL_TIMEx_BreakCallback)
    HAL_TIMEx_CommutCallback                 0x08002199   Thumb Code     2  stm32f4xx_hal_tim_ex.o(.text.HAL_TIMEx_CommutCallback)
    HAL_TIMEx_MasterConfigSynchronization    0x0800219d   Thumb Code   182  stm32f4xx_hal_tim_ex.o(.text.HAL_TIMEx_MasterConfigSynchronization)
    HAL_TIM_Base_Init                        0x08002255   Thumb Code    90  stm32f4xx_hal_tim.o(.text.HAL_TIM_Base_Init)
    HAL_TIM_Base_MspInit                     0x080022b1   Thumb Code   174  tim.o(.text.HAL_TIM_Base_MspInit)
    HAL_TIM_Base_Start                       0x08002361   Thumb Code   162  stm32f4xx_hal_tim.o(.text.HAL_TIM_Base_Start)
    HAL_TIM_Base_Stop                        0x08002405   Thumb Code    52  stm32f4xx_hal_tim.o(.text.HAL_TIM_Base_Stop)
    HAL_TIM_Base_Stop_IT                     0x08002439   Thumb Code    60  stm32f4xx_hal_tim.o(.text.HAL_TIM_Base_Stop_IT)
    HAL_TIM_ConfigClockSource                0x08002475   Thumb Code   412  stm32f4xx_hal_tim.o(.text.HAL_TIM_ConfigClockSource)
    HAL_TIM_IC_CaptureCallback               0x08002611   Thumb Code     2  stm32f4xx_hal_tim.o(.text.HAL_TIM_IC_CaptureCallback)
    HAL_TIM_IRQHandler                       0x08002615   Thumb Code   368  stm32f4xx_hal_tim.o(.text.HAL_TIM_IRQHandler)
    HAL_TIM_OC_DelayElapsedCallback          0x08002785   Thumb Code     2  stm32f4xx_hal_tim.o(.text.HAL_TIM_OC_DelayElapsedCallback)
    HAL_TIM_PWM_PulseFinishedCallback        0x08002789   Thumb Code     2  stm32f4xx_hal_tim.o(.text.HAL_TIM_PWM_PulseFinishedCallback)
    HAL_TIM_PeriodElapsedCallback            0x0800278d   Thumb Code   110  tim.o(.text.HAL_TIM_PeriodElapsedCallback)
    HAL_TIM_TriggerCallback                  0x080027fd   Thumb Code     2  stm32f4xx_hal_tim.o(.text.HAL_TIM_TriggerCallback)
    HAL_UARTEx_RxEventCallback               0x08002801   Thumb Code     2  stm32f4xx_hal_uart.o(.text.HAL_UARTEx_RxEventCallback)
    HAL_UART_ErrorCallback                   0x08002805   Thumb Code     2  stm32f4xx_hal_uart.o(.text.HAL_UART_ErrorCallback)
    HAL_UART_IRQHandler                      0x08002809   Thumb Code  1380  stm32f4xx_hal_uart.o(.text.HAL_UART_IRQHandler)
    HAL_UART_Init                            0x08002d6d   Thumb Code    94  stm32f4xx_hal_uart.o(.text.HAL_UART_Init)
    HAL_UART_MspInit                         0x08002dcd   Thumb Code   216  usart.o(.text.HAL_UART_MspInit)
    HAL_UART_Receive_IT                      0x08002ea5   Thumb Code    94  stm32f4xx_hal_uart.o(.text.HAL_UART_Receive_IT)
    HAL_UART_RxCpltCallback                  0x08002f05   Thumb Code    92  usart.o(.text.HAL_UART_RxCpltCallback)
    HAL_UART_Transmit                        0x08002f61   Thumb Code   646  stm32f4xx_hal_uart.o(.text.HAL_UART_Transmit)
    HAL_UART_TxCpltCallback                  0x080031e9   Thumb Code     2  stm32f4xx_hal_uart.o(.text.HAL_UART_TxCpltCallback)
    HardFault_Handler                        0x080031ed   Thumb Code     2  stm32f4xx_it.o(.text.HardFault_Handler)
    L_Pres_filter_1                          0x080031f1   Thumb Code  3092  sensors_reading.o(.text.L_Pres_filter_1)
    LinearActuator_compensation_LOW          0x08003e05   Thumb Code   164  sensors_reading.o(.text.LinearActuator_compensation_LOW)
    LinearActuator_read_CurrentandSpeed      0x08003ea9   Thumb Code   184  ids830can.o(.text.LinearActuator_read_CurrentandSpeed)
    LinearActuator_read_position             0x08003f61   Thumb Code   144  ids830can.o(.text.LinearActuator_read_position)
    LinearActuator_startRun_maxspeed_position 0x08003ff1   Thumb Code   276  ids830can.o(.text.LinearActuator_startRun_maxspeed_position)
    MX_ADC1_Init                             0x08004105   Thumb Code   230  adc.o(.text.MX_ADC1_Init)
    MX_CAN1_Init                             0x080041ed   Thumb Code    72  can.o(.text.MX_CAN1_Init)
    MX_GPIO_Init                             0x08004235   Thumb Code    96  gpio.o(.text.MX_GPIO_Init)
    MX_TIM2_Init                             0x08004295   Thumb Code   114  tim.o(.text.MX_TIM2_Init)
    MX_TIM3_Init                             0x08004309   Thumb Code   116  tim.o(.text.MX_TIM3_Init)
    MX_TIM4_Init                             0x0800437d   Thumb Code   118  tim.o(.text.MX_TIM4_Init)
    MX_USART1_UART_Init                      0x080043f5   Thumb Code    60  usart.o(.text.MX_USART1_UART_Init)
    MX_USART3_UART_Init                      0x08004431   Thumb Code    60  usart.o(.text.MX_USART3_UART_Init)
    MemManage_Handler                        0x0800446d   Thumb Code     2  stm32f4xx_it.o(.text.MemManage_Handler)
    NMI_Handler                              0x08004471   Thumb Code     2  stm32f4xx_it.o(.text.NMI_Handler)
    PendSV_Handler                           0x08004475   Thumb Code     2  stm32f4xx_it.o(.text.PendSV_Handler)
    SVC_Handler                              0x08004479   Thumb Code     2  stm32f4xx_it.o(.text.SVC_Handler)
    SysTick_Handler                          0x0800447d   Thumb Code     4  stm32f4xx_it.o(.text.SysTick_Handler)
    SystemClock_Config                       0x08004481   Thumb Code   176  main.o(.text.SystemClock_Config)
    SystemInit                               0x08004531   Thumb Code    18  system_stm32f4xx.o(.text.SystemInit)
    TIM2_IRQHandler                          0x08004545   Thumb Code    12  stm32f4xx_it.o(.text.TIM2_IRQHandler)
    TIM4_IRQHandler                          0x08004551   Thumb Code    12  stm32f4xx_it.o(.text.TIM4_IRQHandler)
    TIM_Base_SetConfig                       0x0800455d   Thumb Code   316  stm32f4xx_hal_tim.o(.text.TIM_Base_SetConfig)
    USART1_IRQHandler                        0x08004895   Thumb Code    12  stm32f4xx_it.o(.text.USART1_IRQHandler)
    USART3_IRQHandler                        0x080048a1   Thumb Code    36  stm32f4xx_it.o(.text.USART3_IRQHandler)
    UsageFault_Handler                       0x080048c5   Thumb Code     2  stm32f4xx_it.o(.text.UsageFault_Handler)
    angle_close_loop_with_speed              0x080048c9   Thumb Code   332  lkmoto.o(.text.angle_close_loop_with_speed)
    can_send                                 0x08004a15   Thumb Code   228  lkmoto.o(.text.can_send)
    driv_ans_singlejoint                     0x08004b39   Thumb Code   352  lkmoto.o(.text.driv_ans_singlejoint)
    fourier_series_traj                      0x08004c99   Thumb Code   404  fourier_series_traj_exciting.o(.text.fourier_series_traj)
    fputc                                    0x08004e2d   Thumb Code    32  usart.o(.text.fputc)
    ids830_compensation_PID_Init             0x08004e4d   Thumb Code    52  sensors_reading.o(.text.ids830_compensation_PID_Init)
    main                                     0x08004e81   Thumb Code   106  main.o(.text.main)
    pressure_SensorReading                   0x08004ef1   Thumb Code   304  sensors_reading.o(.text.pressure_SensorReading)
    read_angle                               0x08005021   Thumb Code   288  lkmoto.o(.text.read_angle)
    run_fourier_series_traj                  0x08005141   Thumb Code  1144  fourier_series_traj_exciting.o(.text.run_fourier_series_traj)
    __0printf                                0x080055b9   Thumb Code    22  printfa.o(i.__0printf)
    __1printf                                0x080055b9   Thumb Code     0  printfa.o(i.__0printf)
    __2printf                                0x080055b9   Thumb Code     0  printfa.o(i.__0printf)
    __c89printf                              0x080055b9   Thumb Code     0  printfa.o(i.__0printf)
    printf                                   0x080055b9   Thumb Code     0  printfa.o(i.__0printf)
    __ARM_fpclassify                         0x080055d9   Thumb Code    48  fpclassify.o(i.__ARM_fpclassify)
    __hardfp_cos                             0x08005609   Thumb Code   180  cos.o(i.__hardfp_cos)
    __hardfp_sin                             0x080056d1   Thumb Code   180  sin.o(i.__hardfp_sin)
    __ieee754_rem_pio2                       0x08005799   Thumb Code   938  rred.o(i.__ieee754_rem_pio2)
    __kernel_cos                             0x08005bd1   Thumb Code   322  cos_i.o(i.__kernel_cos)
    __kernel_poly                            0x08005d41   Thumb Code   248  poly.o(i.__kernel_poly)
    __kernel_sin                             0x08005e39   Thumb Code   280  sin_i.o(i.__kernel_sin)
    __mathlib_dbl_infnan                     0x08005f69   Thumb Code    20  dunder.o(i.__mathlib_dbl_infnan)
    __mathlib_dbl_invalid                    0x08005f81   Thumb Code    24  dunder.o(i.__mathlib_dbl_invalid)
    __mathlib_dbl_underflow                  0x08005fa1   Thumb Code    24  dunder.o(i.__mathlib_dbl_underflow)
    __scatterload_copy                       0x08005fc1   Thumb Code    14  handlers.o(i.__scatterload_copy)
    __scatterload_null                       0x08005fcf   Thumb Code     2  handlers.o(i.__scatterload_null)
    __scatterload_zeroinit                   0x08005fd1   Thumb Code    14  handlers.o(i.__scatterload_zeroinit)
    __set_errno                              0x08005fe1   Thumb Code     6  errno.o(i.__set_errno)
    fabs                                     0x0800689f   Thumb Code    24  fabs.o(i.fabs)
    puts                                     0x080068b9   Thumb Code    30  puts.o(i.puts)
    AHBPrescTable                            0x08006a08   Data          16  system_stm32f4xx.o(.rodata.AHBPrescTable)
    APBPrescTable                            0x08006a18   Data           8  system_stm32f4xx.o(.rodata.APBPrescTable)
    Region$$Table$$Base                      0x08006bc4   Number         0  anon$$obj.o(Region$$Table)
    Region$$Table$$Limit                     0x08006be4   Number         0  anon$$obj.o(Region$$Table)
    __stdout                                 0x20000000   Data           4  stdout.o(.data)
    traj_order                               0x20000008   Data           1  fourier_series_traj_exciting.o(.data..L_MergedGlobals)
    dof                                      0x20000009   Data           1  fourier_series_traj_exciting.o(.data..L_MergedGlobals)
    control_interval_time                    0x2000000c   Data           4  fourier_series_traj_exciting.o(.data..L_MergedGlobals)
    traj_f                                   0x20000010   Data           4  fourier_series_traj_exciting.o(.data..L_MergedGlobals)
    uwTickFreq                               0x20000014   Data           1  stm32f4xx_hal.o(.data..L_MergedGlobals)
    uwTickPrio                               0x20000018   Data           4  stm32f4xx_hal.o(.data..L_MergedGlobals)
    SystemCoreClock                          0x2000001c   Data           4  system_stm32f4xx.o(.data.SystemCoreClock)
    ids830_pid                               0x20000020   Data           4  sensors_reading.o(.data.ids830_pid)
    traj_param                               0x20000024   Data         268  fourier_series_traj_exciting.o(.data.traj_param)
    hcan1                                    0x20000130   Data          40  can.o(.bss..L_MergedGlobals)
    sFilterConfig                            0x20000158   Data          40  can.o(.bss..L_MergedGlobals)
    temp_rx                                  0x20000180   Data           1  usart.o(.bss..L_MergedGlobals)
    USART3_RX_STA                            0x20000182   Data           2  usart.o(.bss..L_MergedGlobals)
    LinAcr_position_float                    0x20000184   Data           4  ids830can.o(.bss..L_MergedGlobals)
    LinAcr_current_float                     0x20000188   Data           4  ids830can.o(.bss..L_MergedGlobals)
    LinAcr_speed_float                       0x2000018c   Data           4  ids830can.o(.bss..L_MergedGlobals)
    ids830_position                          0x20000194   Data           8  ids830can.o(.bss..L_MergedGlobals)
    ids830_currentAndspeed                   0x2000019c   Data           8  ids830can.o(.bss..L_MergedGlobals)
    motor_current                            0x200001a4   Data           2  lkmoto.o(.bss..L_MergedGlobals)
    motor_speed                              0x200001a6   Data           2  lkmoto.o(.bss..L_MergedGlobals)
    motorAccel                               0x200001a8   Data           4  lkmoto.o(.bss..L_MergedGlobals)
    circleAngle                              0x200001ac   Data           4  lkmoto.o(.bss..L_MergedGlobals)
    CAN_motor_data                           0x200001b0   Data           8  lkmoto.o(.bss..L_MergedGlobals)
    CAN_motor_angle                          0x200001b8   Data           8  lkmoto.o(.bss..L_MergedGlobals)
    CAN_motor_currentAndspeed                0x200001c0   Data           8  lkmoto.o(.bss..L_MergedGlobals)
    CAN_motor_PosCurntSpd_ans                0x200001c8   Data           8  lkmoto.o(.bss..L_MergedGlobals)
    CAN_motor_accel                          0x200001d0   Data           8  lkmoto.o(.bss..L_MergedGlobals)
    motor_current_float                      0x200001d8   Data          28  lkmoto.o(.bss..L_MergedGlobals)
    motor_speed_float                        0x200001f4   Data          28  lkmoto.o(.bss..L_MergedGlobals)
    ADC_Pressure_InitValue                   0x20000210   Data          20  sensors_reading.o(.bss..L_MergedGlobals)
    ADC_value                                0x20000224   Data          20  sensors_reading.o(.bss..L_MergedGlobals)
    ADC_Pressure_Value                       0x20000238   Data          20  sensors_reading.o(.bss..L_MergedGlobals)
    ADC_Pressure_Value_filter                0x2000024c   Data          20  sensors_reading.o(.bss..L_MergedGlobals)
    motorAngle_float                         0x20000260   Data          28  lkmoto.o(.bss..L_MergedGlobals.14)
    motorAccel_float                         0x2000027c   Data          28  lkmoto.o(.bss..L_MergedGlobals.14)
    motor_control_k                          0x20000298   Data           4  fourier_series_traj_exciting.o(.bss..L_MergedGlobals.4)
    traj_wf                                  0x2000029c   Data           4  fourier_series_traj_exciting.o(.bss..L_MergedGlobals.4)
    q                                        0x200002a0   Data          28  fourier_series_traj_exciting.o(.bss..L_MergedGlobals.4)
    qd                                       0x200002bc   Data          28  fourier_series_traj_exciting.o(.bss..L_MergedGlobals.4)
    qdd                                      0x200002d8   Data          28  fourier_series_traj_exciting.o(.bss..L_MergedGlobals.4)
    q_last                                   0x200002f4   Data          28  fourier_series_traj_exciting.o(.bss..L_MergedGlobals.4)
    USART3_RX_BUF                            0x20000310   Data         800  usart.o(.bss.USART3_RX_BUF)
    hCAN1_RxHeader                           0x20000634   Data          28  can.o(.bss.hCAN1_RxHeader)
    hCAN1_TxHeader                           0x20000650   Data          24  can.o(.bss.hCAN1_TxHeader)
    hadc1                                    0x20000668   Data          72  adc.o(.bss.hadc1)
    htim2                                    0x200006b0   Data          72  tim.o(.bss.htim2)
    htim3                                    0x200006f8   Data          72  tim.o(.bss.htim3)
    htim4                                    0x20000740   Data          72  tim.o(.bss.htim4)
    huart1                                   0x20000788   Data          68  usart.o(.bss.huart1)
    huart3                                   0x200007cc   Data          68  usart.o(.bss.huart3)
    pid                                      0x20000810   Data          52  sensors_reading.o(.bss.pid)
    uwTick                                   0x20000844   Data           4  stm32f4xx_hal.o(.bss.uwTick)
    __initial_sp                             0x20000c48   Data           0  startup_stm32f407xx.o(STACK)



==============================================================================

Memory Map of the image

  Image Entry point : 0x08000189

  Load Region LR_IROM1 (Base: 0x08000000, Size: 0x00006d18, Max: 0x00100000, ABSOLUTE)

    Execution Region ER_IROM1 (Exec base: 0x08000000, Load base: 0x08000000, Size: 0x00006be4, Max: 0x00100000, ABSOLUTE)

    Exec Addr    Load Addr    Size         Type   Attr      Idx    E Section Name        Object

    0x08000000   0x08000000   0x00000188   Data   RO            3    RESET               startup_stm32f407xx.o
    0x08000188   0x08000188   0x00000000   Code   RO         1385  * .ARM.Collect$$$$00000000  mc_w.l(entry.o)
    0x08000188   0x08000188   0x00000004   Code   RO         1730    .ARM.Collect$$$$00000001  mc_w.l(entry2.o)
    0x0800018c   0x0800018c   0x00000004   Code   RO         1733    .ARM.Collect$$$$00000004  mc_w.l(entry5.o)
    0x08000190   0x08000190   0x00000000   Code   RO         1735    .ARM.Collect$$$$00000008  mc_w.l(entry7b.o)
    0x08000190   0x08000190   0x00000000   Code   RO         1737    .ARM.Collect$$$$0000000A  mc_w.l(entry8b.o)
    0x08000190   0x08000190   0x00000008   Code   RO         1738    .ARM.Collect$$$$0000000B  mc_w.l(entry9a.o)
    0x08000198   0x08000198   0x00000000   Code   RO         1740    .ARM.Collect$$$$0000000D  mc_w.l(entry10a.o)
    0x08000198   0x08000198   0x00000000   Code   RO         1742    .ARM.Collect$$$$0000000F  mc_w.l(entry11a.o)
    0x08000198   0x08000198   0x00000004   Code   RO         1731    .ARM.Collect$$$$00002712  mc_w.l(entry2.o)
    0x0800019c   0x0800019c   0x00000024   Code   RO            4    .text               startup_stm32f407xx.o
    0x080001c0   0x080001c0   0x00000062   Code   RO         1392    .text               mc_w.l(uldiv.o)
    0x08000222   0x08000222   0x0000014e   Code   RO         1689    .text               mf_w.l(dadd.o)
    0x08000370   0x08000370   0x000000e4   Code   RO         1691    .text               mf_w.l(dmul.o)
    0x08000454   0x08000454   0x000000de   Code   RO         1693    .text               mf_w.l(ddiv.o)
    0x08000532   0x08000532   0x00000036   Code   RO         1695    .text               mf_w.l(dcmplt.o)
    0x08000568   0x08000568   0x00000022   Code   RO         1697    .text               mf_w.l(dflti.o)
    0x0800058a   0x0800058a   0x0000003e   Code   RO         1699    .text               mf_w.l(dfixi.o)
    0x080005c8   0x080005c8   0x00000026   Code   RO         1701    .text               mf_w.l(f2d.o)
    0x080005ee   0x080005ee   0x00000038   Code   RO         1703    .text               mf_w.l(d2f.o)
    0x08000626   0x08000626   0x0000002c   Code   RO         1754    .text               mc_w.l(uidiv.o)
    0x08000652   0x08000652   0x0000001e   Code   RO         1756    .text               mc_w.l(llshl.o)
    0x08000670   0x08000670   0x00000020   Code   RO         1758    .text               mc_w.l(llushr.o)
    0x08000690   0x08000690   0x00000024   Code   RO         1760    .text               mc_w.l(llsshr.o)
    0x080006b4   0x080006b4   0x00000000   Code   RO         1775    .text               mc_w.l(iusefp.o)
    0x080006b4   0x080006b4   0x0000006e   Code   RO         1776    .text               mf_w.l(fepilogue.o)
    0x08000722   0x08000722   0x000000ba   Code   RO         1778    .text               mf_w.l(depilogue.o)
    0x080007dc   0x080007dc   0x00000030   Code   RO         1782    .text               mf_w.l(dfixul.o)
    0x0800080c   0x0800080c   0x00000030   Code   RO         1784    .text               mf_w.l(cdrcmple.o)
    0x0800083c   0x0800083c   0x00000024   Code   RO         1796    .text               mc_w.l(init.o)
    0x08000860   0x08000860   0x0000001a   Code   RO         1798    .text               mf_w.l(dfltui.o)
    0x0800087a   0x0800087a   0x00000002   PAD
    0x0800087c   0x0800087c   0x00000002   Code   RO          135    .text.BusFault_Handler  stm32f4xx_it.o
    0x0800087e   0x0800087e   0x00000002   PAD
    0x08000880   0x08000880   0x0000000c   Code   RO          147    .text.CAN1_RX0_IRQHandler  stm32f4xx_it.o
    0x0800088c   0x0800088c   0x000000a0   Code   RO           55    .text.CAN_Filter_Init  can.o
    0x0800092c   0x0800092c   0x00000002   Code   RO          141    .text.DebugMon_Handler  stm32f4xx_it.o
    0x0800092e   0x0800092e   0x00000002   PAD
    0x08000930   0x08000930   0x00000056   Code   RO           72    .text.Delay_ms      tim.o
    0x08000986   0x08000986   0x00000002   PAD
    0x08000988   0x08000988   0x00000044   Code   RO           70    .text.Delay_us      tim.o
    0x080009cc   0x080009cc   0x0000000a   Code   RO           15    .text.Error_Handler  main.o
    0x080009d6   0x080009d6   0x00000002   PAD
    0x080009d8   0x080009d8   0x00000146   Code   RO          406    .text.HAL_ADC_ConfigChannel  stm32f4xx_hal_adc.o
    0x08000b1e   0x08000b1e   0x00000002   PAD
    0x08000b20   0x08000b20   0x00000004   Code   RO          410    .text.HAL_ADC_GetState  stm32f4xx_hal_adc.o
    0x08000b24   0x08000b24   0x00000006   Code   RO          402    .text.HAL_ADC_GetValue  stm32f4xx_hal_adc.o
    0x08000b2a   0x08000b2a   0x00000002   PAD
    0x08000b2c   0x08000b2c   0x0000015e   Code   RO          364    .text.HAL_ADC_Init  stm32f4xx_hal_adc.o
    0x08000c8a   0x08000c8a   0x00000002   PAD
    0x08000c8c   0x08000c8c   0x000000b0   Code   RO           36    .text.HAL_ADC_MspInit  adc.o
    0x08000d3c   0x08000d3c   0x000000fc   Code   RO          376    .text.HAL_ADC_PollForConversion  stm32f4xx_hal_adc.o
    0x08000e38   0x08000e38   0x00000156   Code   RO          372    .text.HAL_ADC_Start  stm32f4xx_hal_adc.o
    0x08000f8e   0x08000f8e   0x00000002   PAD
    0x08000f90   0x08000f90   0x0000002e   Code   RO          874    .text.HAL_CAN_ActivateNotification  stm32f4xx_hal_can.o
    0x08000fbe   0x08000fbe   0x00000002   PAD
    0x08000fc0   0x08000fc0   0x000000c0   Code   RO          860    .text.HAL_CAN_AddTxMessage  stm32f4xx_hal_can.o
    0x08001080   0x08001080   0x000000de   Code   RO          850    .text.HAL_CAN_ConfigFilter  stm32f4xx_hal_can.o
    0x0800115e   0x0800115e   0x00000002   PAD
    0x08001160   0x08001160   0x00000002   Code   RO          904    .text.HAL_CAN_ErrorCallback  stm32f4xx_hal_can.o
    0x08001162   0x08001162   0x00000002   PAD
    0x08001164   0x08001164   0x0000011e   Code   RO          870    .text.HAL_CAN_GetRxMessage  stm32f4xx_hal_can.o
    0x08001282   0x08001282   0x00000002   PAD
    0x08001284   0x08001284   0x0000025e   Code   RO          878    .text.HAL_CAN_IRQHandler  stm32f4xx_hal_can.o
    0x080014e2   0x080014e2   0x00000002   PAD
    0x080014e4   0x080014e4   0x000000f4   Code   RO          840    .text.HAL_CAN_Init  stm32f4xx_hal_can.o
    0x080015d8   0x080015d8   0x0000007c   Code   RO           51    .text.HAL_CAN_MspInit  can.o
    0x08001654   0x08001654   0x00000002   Code   RO          892    .text.HAL_CAN_RxFifo0FullCallback  stm32f4xx_hal_can.o
    0x08001656   0x08001656   0x00000002   PAD
    0x08001658   0x08001658   0x000000f8   Code   RO           57    .text.HAL_CAN_RxFifo0MsgPendingCallback  can.o
    0x08001750   0x08001750   0x00000002   Code   RO          896    .text.HAL_CAN_RxFifo1FullCallback  stm32f4xx_hal_can.o
    0x08001752   0x08001752   0x00000002   PAD
    0x08001754   0x08001754   0x00000002   Code   RO          898    .text.HAL_CAN_RxFifo1MsgPendingCallback  stm32f4xx_hal_can.o
    0x08001756   0x08001756   0x00000002   PAD
    0x08001758   0x08001758   0x00000002   Code   RO          900    .text.HAL_CAN_SleepCallback  stm32f4xx_hal_can.o
    0x0800175a   0x0800175a   0x00000002   PAD
    0x0800175c   0x0800175c   0x0000005a   Code   RO          852    .text.HAL_CAN_Start  stm32f4xx_hal_can.o
    0x080017b6   0x080017b6   0x00000002   PAD
    0x080017b8   0x080017b8   0x00000002   Code   RO          882    .text.HAL_CAN_TxMailbox0AbortCallback  stm32f4xx_hal_can.o
    0x080017ba   0x080017ba   0x00000002   PAD
    0x080017bc   0x080017bc   0x00000002   Code   RO          880    .text.HAL_CAN_TxMailbox0CompleteCallback  stm32f4xx_hal_can.o
    0x080017be   0x080017be   0x00000002   PAD
    0x080017c0   0x080017c0   0x00000002   Code   RO          886    .text.HAL_CAN_TxMailbox1AbortCallback  stm32f4xx_hal_can.o
    0x080017c2   0x080017c2   0x00000002   PAD
    0x080017c4   0x080017c4   0x00000002   Code   RO          884    .text.HAL_CAN_TxMailbox1CompleteCallback  stm32f4xx_hal_can.o
    0x080017c6   0x080017c6   0x00000002   PAD
    0x080017c8   0x080017c8   0x00000002   Code   RO          890    .text.HAL_CAN_TxMailbox2AbortCallback  stm32f4xx_hal_can.o
    0x080017ca   0x080017ca   0x00000002   PAD
    0x080017cc   0x080017cc   0x00000002   Code   RO          888    .text.HAL_CAN_TxMailbox2CompleteCallback  stm32f4xx_hal_can.o
    0x080017ce   0x080017ce   0x00000002   PAD
    0x080017d0   0x080017d0   0x00000002   Code   RO          902    .text.HAL_CAN_WakeUpFromRxMsgCallback  stm32f4xx_hal_can.o
    0x080017d2   0x080017d2   0x00000002   PAD
    0x080017d4   0x080017d4   0x0000008e   Code   RO          617    .text.HAL_DMA_Abort  stm32f4xx_hal_dma.o
    0x08001862   0x08001862   0x00000002   PAD
    0x08001864   0x08001864   0x00000024   Code   RO          619    .text.HAL_DMA_Abort_IT  stm32f4xx_hal_dma.o
    0x08001888   0x08001888   0x00000028   Code   RO          770    .text.HAL_Delay     stm32f4xx_hal.o
    0x080018b0   0x080018b0   0x000001a6   Code   RO          571    .text.HAL_GPIO_Init  stm32f4xx_hal_gpio.o
    0x08001a56   0x08001a56   0x00000002   PAD
    0x08001a58   0x08001a58   0x0000000c   Code   RO          762    .text.HAL_GetTick   stm32f4xx_hal.o
    0x08001a64   0x08001a64   0x0000001a   Code   RO          760    .text.HAL_IncTick   stm32f4xx_hal.o
    0x08001a7e   0x08001a7e   0x00000002   PAD
    0x08001a80   0x08001a80   0x00000036   Code   RO          750    .text.HAL_Init      stm32f4xx_hal.o
    0x08001ab6   0x08001ab6   0x00000002   PAD
    0x08001ab8   0x08001ab8   0x00000048   Code   RO          752    .text.HAL_InitTick  stm32f4xx_hal.o
    0x08001b00   0x08001b00   0x00000038   Code   RO          164    .text.HAL_MspInit   stm32f4xx_hal_msp.o
    0x08001b38   0x08001b38   0x00000026   Code   RO          708    .text.HAL_NVIC_EnableIRQ  stm32f4xx_hal_cortex.o
    0x08001b5e   0x08001b5e   0x00000002   PAD
    0x08001b60   0x08001b60   0x00000056   Code   RO          706    .text.HAL_NVIC_SetPriority  stm32f4xx_hal_cortex.o
    0x08001bb6   0x08001bb6   0x00000002   PAD
    0x08001bb8   0x08001bb8   0x00000020   Code   RO          704    .text.HAL_NVIC_SetPriorityGrouping  stm32f4xx_hal_cortex.o
    0x08001bd8   0x08001bd8   0x00000160   Code   RO          465    .text.HAL_RCC_ClockConfig  stm32f4xx_hal_rcc.o
    0x08001d38   0x08001d38   0x00000026   Code   RO          477    .text.HAL_RCC_GetPCLK1Freq  stm32f4xx_hal_rcc.o
    0x08001d5e   0x08001d5e   0x00000002   PAD
    0x08001d60   0x08001d60   0x00000026   Code   RO          479    .text.HAL_RCC_GetPCLK2Freq  stm32f4xx_hal_rcc.o
    0x08001d86   0x08001d86   0x00000002   PAD
    0x08001d88   0x08001d88   0x0000006a   Code   RO          467    .text.HAL_RCC_GetSysClockFreq  stm32f4xx_hal_rcc.o
    0x08001df2   0x08001df2   0x00000002   PAD
    0x08001df4   0x08001df4   0x00000374   Code   RO          463    .text.HAL_RCC_OscConfig  stm32f4xx_hal_rcc.o
    0x08002168   0x08002168   0x0000002c   Code   RO          716    .text.HAL_SYSTICK_Config  stm32f4xx_hal_cortex.o
    0x08002194   0x08002194   0x00000002   Code   RO         1225    .text.HAL_TIMEx_BreakCallback  stm32f4xx_hal_tim_ex.o
    0x08002196   0x08002196   0x00000002   PAD
    0x08002198   0x08002198   0x00000002   Code   RO         1221    .text.HAL_TIMEx_CommutCallback  stm32f4xx_hal_tim_ex.o
    0x0800219a   0x0800219a   0x00000002   PAD
    0x0800219c   0x0800219c   0x000000b6   Code   RO         1215    .text.HAL_TIMEx_MasterConfigSynchronization  stm32f4xx_hal_tim_ex.o
    0x08002252   0x08002252   0x00000002   PAD
    0x08002254   0x08002254   0x0000005a   Code   RO          920    .text.HAL_TIM_Base_Init  stm32f4xx_hal_tim.o
    0x080022ae   0x080022ae   0x00000002   PAD
    0x080022b0   0x080022b0   0x000000ae   Code   RO           80    .text.HAL_TIM_Base_MspInit  tim.o
    0x0800235e   0x0800235e   0x00000002   PAD
    0x08002360   0x08002360   0x000000a2   Code   RO          930    .text.HAL_TIM_Base_Start  stm32f4xx_hal_tim.o
    0x08002402   0x08002402   0x00000002   PAD
    0x08002404   0x08002404   0x00000034   Code   RO          932    .text.HAL_TIM_Base_Stop  stm32f4xx_hal_tim.o
    0x08002438   0x08002438   0x0000003c   Code   RO          936    .text.HAL_TIM_Base_Stop_IT  stm32f4xx_hal_tim.o
    0x08002474   0x08002474   0x0000019c   Code   RO         1100    .text.HAL_TIM_ConfigClockSource  stm32f4xx_hal_tim.o
    0x08002610   0x08002610   0x00000002   Code   RO         1056    .text.HAL_TIM_IC_CaptureCallback  stm32f4xx_hal_tim.o
    0x08002612   0x08002612   0x00000002   PAD
    0x08002614   0x08002614   0x00000170   Code   RO         1054    .text.HAL_TIM_IRQHandler  stm32f4xx_hal_tim.o
    0x08002784   0x08002784   0x00000002   Code   RO         1058    .text.HAL_TIM_OC_DelayElapsedCallback  stm32f4xx_hal_tim.o
    0x08002786   0x08002786   0x00000002   PAD
    0x08002788   0x08002788   0x00000002   Code   RO         1060    .text.HAL_TIM_PWM_PulseFinishedCallback  stm32f4xx_hal_tim.o
    0x0800278a   0x0800278a   0x00000002   PAD
    0x0800278c   0x0800278c   0x0000006e   Code   RO           84    .text.HAL_TIM_PeriodElapsedCallback  tim.o
    0x080027fa   0x080027fa   0x00000002   PAD
    0x080027fc   0x080027fc   0x00000002   Code   RO         1064    .text.HAL_TIM_TriggerCallback  stm32f4xx_hal_tim.o
    0x080027fe   0x080027fe   0x00000002   PAD
    0x08002800   0x08002800   0x00000002   Code   RO         1323    .text.HAL_UARTEx_RxEventCallback  stm32f4xx_hal_uart.o
    0x08002802   0x08002802   0x00000002   PAD
    0x08002804   0x08002804   0x00000002   Code   RO         1321    .text.HAL_UART_ErrorCallback  stm32f4xx_hal_uart.o
    0x08002806   0x08002806   0x00000002   PAD
    0x08002808   0x08002808   0x00000564   Code   RO         1315    .text.HAL_UART_IRQHandler  stm32f4xx_hal_uart.o
    0x08002d6c   0x08002d6c   0x0000005e   Code   RO         1239    .text.HAL_UART_Init  stm32f4xx_hal_uart.o
    0x08002dca   0x08002dca   0x00000002   PAD
    0x08002dcc   0x08002dcc   0x000000d8   Code   RO          105    .text.HAL_UART_MspInit  usart.o
    0x08002ea4   0x08002ea4   0x0000005e   Code   RO         1261    .text.HAL_UART_Receive_IT  stm32f4xx_hal_uart.o
    0x08002f02   0x08002f02   0x00000002   PAD
    0x08002f04   0x08002f04   0x0000005c   Code   RO          109    .text.HAL_UART_RxCpltCallback  usart.o
    0x08002f60   0x08002f60   0x00000286   Code   RO         1255    .text.HAL_UART_Transmit  stm32f4xx_hal_uart.o
    0x080031e6   0x080031e6   0x00000002   PAD
    0x080031e8   0x080031e8   0x00000002   Code   RO         1325    .text.HAL_UART_TxCpltCallback  stm32f4xx_hal_uart.o
    0x080031ea   0x080031ea   0x00000002   PAD
    0x080031ec   0x080031ec   0x00000002   Code   RO          131    .text.HardFault_Handler  stm32f4xx_it.o
    0x080031ee   0x080031ee   0x00000002   PAD
    0x080031f0   0x080031f0   0x00000c14   Code   RO          338    .text.L_Pres_filter_1  sensors_reading.o
    0x08003e04   0x08003e04   0x000000a4   Code   RO          350    .text.LinearActuator_compensation_LOW  sensors_reading.o
    0x08003ea8   0x08003ea8   0x000000b8   Code   RO          249    .text.LinearActuator_read_CurrentandSpeed  ids830can.o
    0x08003f60   0x08003f60   0x00000090   Code   RO          247    .text.LinearActuator_read_position  ids830can.o
    0x08003ff0   0x08003ff0   0x00000114   Code   RO          245    .text.LinearActuator_startRun_maxspeed_position  ids830can.o
    0x08004104   0x08004104   0x000000e6   Code   RO           34    .text.MX_ADC1_Init  adc.o
    0x080041ea   0x080041ea   0x00000002   PAD
    0x080041ec   0x080041ec   0x00000048   Code   RO           49    .text.MX_CAN1_Init  can.o
    0x08004234   0x08004234   0x00000060   Code   RO           26    .text.MX_GPIO_Init  gpio.o
    0x08004294   0x08004294   0x00000072   Code   RO           74    .text.MX_TIM2_Init  tim.o
    0x08004306   0x08004306   0x00000002   PAD
    0x08004308   0x08004308   0x00000074   Code   RO           76    .text.MX_TIM3_Init  tim.o
    0x0800437c   0x0800437c   0x00000076   Code   RO           78    .text.MX_TIM4_Init  tim.o
    0x080043f2   0x080043f2   0x00000002   PAD
    0x080043f4   0x080043f4   0x0000003c   Code   RO          101    .text.MX_USART1_UART_Init  usart.o
    0x08004430   0x08004430   0x0000003c   Code   RO          103    .text.MX_USART3_UART_Init  usart.o
    0x0800446c   0x0800446c   0x00000002   Code   RO          133    .text.MemManage_Handler  stm32f4xx_it.o
    0x0800446e   0x0800446e   0x00000002   PAD
    0x08004470   0x08004470   0x00000002   Code   RO          129    .text.NMI_Handler   stm32f4xx_it.o
    0x08004472   0x08004472   0x00000002   PAD
    0x08004474   0x08004474   0x00000002   Code   RO          143    .text.PendSV_Handler  stm32f4xx_it.o
    0x08004476   0x08004476   0x00000002   PAD
    0x08004478   0x08004478   0x00000002   Code   RO          139    .text.SVC_Handler   stm32f4xx_it.o
    0x0800447a   0x0800447a   0x00000002   PAD
    0x0800447c   0x0800447c   0x00000004   Code   RO          145    .text.SysTick_Handler  stm32f4xx_it.o
    0x08004480   0x08004480   0x000000b0   Code   RO           13    .text.SystemClock_Config  main.o
    0x08004530   0x08004530   0x00000012   Code   RO         1359    .text.SystemInit    system_stm32f4xx.o
    0x08004542   0x08004542   0x00000002   PAD
    0x08004544   0x08004544   0x0000000c   Code   RO          149    .text.TIM2_IRQHandler  stm32f4xx_it.o
    0x08004550   0x08004550   0x0000000c   Code   RO          151    .text.TIM4_IRQHandler  stm32f4xx_it.o
    0x0800455c   0x0800455c   0x0000013c   Code   RO          924    .text.TIM_Base_SetConfig  stm32f4xx_hal_tim.o
    0x08004698   0x08004698   0x0000000c   Code   RO         1319    .text.UART_DMAAbortOnError  stm32f4xx_hal_uart.o
    0x080046a4   0x080046a4   0x000000fe   Code   RO         1317    .text.UART_Receive_IT  stm32f4xx_hal_uart.o
    0x080047a2   0x080047a2   0x00000002   PAD
    0x080047a4   0x080047a4   0x000000ee   Code   RO         1243    .text.UART_SetConfig  stm32f4xx_hal_uart.o
    0x08004892   0x08004892   0x00000002   PAD
    0x08004894   0x08004894   0x0000000c   Code   RO          153    .text.USART1_IRQHandler  stm32f4xx_it.o
    0x080048a0   0x080048a0   0x00000024   Code   RO          155    .text.USART3_IRQHandler  stm32f4xx_it.o
    0x080048c4   0x080048c4   0x00000002   Code   RO          137    .text.UsageFault_Handler  stm32f4xx_it.o
    0x080048c6   0x080048c6   0x00000002   PAD
    0x080048c8   0x080048c8   0x0000014c   Code   RO          306    .text.angle_close_loop_with_speed  lkmoto.o
    0x08004a14   0x08004a14   0x00000120   Code   RO          260    .text.can_send      lkmoto.o
    0x08004b34   0x08004b34   0x00000004   PAD
    0x08004b38   0x08004b38   0x00000160   Code   RO          322    .text.driv_ans_singlejoint  lkmoto.o
    0x08004c98   0x08004c98   0x00000194   Code   RO          209    .text.fourier_series_traj  fourier_series_traj_exciting.o
    0x08004e2c   0x08004e2c   0x00000020   Code   RO           97    .text.fputc         usart.o
    0x08004e4c   0x08004e4c   0x00000034   Code   RO          342    .text.ids830_compensation_PID_Init  sensors_reading.o
    0x08004e80   0x08004e80   0x0000006a   Code   RO           11    .text.main          main.o
    0x08004eea   0x08004eea   0x00000006   PAD
    0x08004ef0   0x08004ef0   0x00000130   Code   RO          336    .text.pressure_SensorReading  sensors_reading.o
    0x08005020   0x08005020   0x00000120   Code   RO          280    .text.read_angle    lkmoto.o
    0x08005140   0x08005140   0x00000478   Code   RO          213    .text.run_fourier_series_traj  fourier_series_traj_exciting.o
    0x080055b8   0x080055b8   0x00000020   Code   RO         1633    i.__0printf         mc_w.l(printfa.o)
    0x080055d8   0x080055d8   0x00000030   Code   RO         1792    i.__ARM_fpclassify  m_wm.l(fpclassify.o)
    0x08005608   0x08005608   0x000000c8   Code   RO         1373    i.__hardfp_cos      m_wm.l(cos.o)
    0x080056d0   0x080056d0   0x000000c8   Code   RO         1379    i.__hardfp_sin      m_wm.l(sin.o)
    0x08005798   0x08005798   0x00000438   Code   RO         1722    i.__ieee754_rem_pio2  m_wm.l(rred.o)
    0x08005bd0   0x08005bd0   0x00000170   Code   RO         1705    i.__kernel_cos      m_wm.l(cos_i.o)
    0x08005d40   0x08005d40   0x000000f8   Code   RO         1794    i.__kernel_poly     m_wm.l(poly.o)
    0x08005e38   0x08005e38   0x00000130   Code   RO         1727    i.__kernel_sin      m_wm.l(sin_i.o)
    0x08005f68   0x08005f68   0x00000014   Code   RO         1709    i.__mathlib_dbl_infnan  m_wm.l(dunder.o)
    0x08005f7c   0x08005f7c   0x00000004   PAD
    0x08005f80   0x08005f80   0x00000020   Code   RO         1711    i.__mathlib_dbl_invalid  m_wm.l(dunder.o)
    0x08005fa0   0x08005fa0   0x00000020   Code   RO         1714    i.__mathlib_dbl_underflow  m_wm.l(dunder.o)
    0x08005fc0   0x08005fc0   0x0000000e   Code   RO         1802    i.__scatterload_copy  mc_w.l(handlers.o)
    0x08005fce   0x08005fce   0x00000002   Code   RO         1803    i.__scatterload_null  mc_w.l(handlers.o)
    0x08005fd0   0x08005fd0   0x0000000e   Code   RO         1804    i.__scatterload_zeroinit  mc_w.l(handlers.o)
    0x08005fde   0x08005fde   0x00000002   PAD
    0x08005fe0   0x08005fe0   0x0000000c   Code   RO         1770    i.__set_errno       mc_w.l(errno.o)
    0x08005fec   0x08005fec   0x00000184   Code   RO         1640    i._fp_digits        mc_w.l(printfa.o)
    0x08006170   0x08006170   0x000006dc   Code   RO         1641    i._printf_core      mc_w.l(printfa.o)
    0x0800684c   0x0800684c   0x00000024   Code   RO         1642    i._printf_post_padding  mc_w.l(printfa.o)
    0x08006870   0x08006870   0x0000002e   Code   RO         1643    i._printf_pre_padding  mc_w.l(printfa.o)
    0x0800689e   0x0800689e   0x00000018   Code   RO         1788    i.fabs              m_wm.l(fabs.o)
    0x080068b6   0x080068b6   0x00000002   PAD
    0x080068b8   0x080068b8   0x00000024   Code   RO         1388    i.puts              mc_w.l(puts.o)
    0x080068dc   0x080068dc   0x00000004   PAD
    0x080068e0   0x080068e0   0x00000030   Data   RO         1706    .constdata          m_wm.l(cos_i.o)
    0x08006910   0x08006910   0x000000cc   Data   RO         1724    .constdata          m_wm.l(rred.o)
    0x080069dc   0x080069dc   0x00000004   PAD
    0x080069e0   0x080069e0   0x00000028   Data   RO         1728    .constdata          m_wm.l(sin_i.o)
    0x08006a08   0x08006a08   0x00000010   Data   RO         1364    .rodata.AHBPrescTable  system_stm32f4xx.o
    0x08006a18   0x08006a18   0x00000008   Data   RO         1365    .rodata.APBPrescTable  system_stm32f4xx.o
    0x08006a20   0x08006a20   0x00000182   Data   RO          220    .rodata.str1.1      fourier_series_traj_exciting.o
    0x08006ba2   0x08006ba2   0x0000000d   Data   RO          325    .rodata.str1.1      lkmoto.o
    0x08006baf   0x08006baf   0x00000014   Data   RO          354    .rodata.str1.1      sensors_reading.o
    0x08006bc3   0x08006bc3   0x00000001   PAD
    0x08006bc4   0x08006bc4   0x00000020   Data   RO         1801    Region$$Table       anon$$obj.o


    Execution Region RW_IRAM1 (Exec base: 0x20000000, Load base: 0x08006be8, Size: 0x00000c48, Max: 0x0001c000, ABSOLUTE)

    Exec Addr    Load Addr    Size         Type   Attr      Idx    E Section Name        Object

    0x20000000   0x08006be8   0x00000004   Data   RW         1744    .data               mc_w.l(stdout.o)
    0x20000004   0x08006bec   0x00000004   Data   RW         1771    .data               mc_w.l(errno.o)
    0x20000008   0x08006bf0   0x0000000c   Data   RW          221    .data..L_MergedGlobals  fourier_series_traj_exciting.o
    0x20000014   0x08006bfc   0x00000008   Data   RW          805    .data..L_MergedGlobals  stm32f4xx_hal.o
    0x2000001c   0x08006c04   0x00000004   Data   RW         1363    .data.SystemCoreClock  system_stm32f4xx.o
    0x20000020   0x08006c08   0x00000004   Data   RW          353    .data.ids830_pid    sensors_reading.o
    0x20000024   0x08006c0c   0x0000010c   Data   RW          217    .data.traj_param    fourier_series_traj_exciting.o
    0x20000130        -       0x00000050   Zero   RW           61    .bss..L_MergedGlobals  can.o
    0x20000180        -       0x00000004   Zero   RW          120    .bss..L_MergedGlobals  usart.o
    0x20000184        -       0x00000020   Zero   RW          251    .bss..L_MergedGlobals  ids830can.o
    0x200001a4        -       0x0000006c   Zero   RW          326    .bss..L_MergedGlobals  lkmoto.o
    0x20000210        -       0x00000050   Zero   RW          355    .bss..L_MergedGlobals  sensors_reading.o
    0x20000260        -       0x00000038   Zero   RW          327    .bss..L_MergedGlobals.14  lkmoto.o
    0x20000298        -       0x00000078   Zero   RW          222    .bss..L_MergedGlobals.4  fourier_series_traj_exciting.o
    0x20000310        -       0x00000320   Zero   RW          117    .bss.USART3_RX_BUF  usart.o
    0x20000630        -       0x00000004   Zero   RW          324    .bss.can_send.txMailBox  lkmoto.o
    0x20000634        -       0x0000001c   Zero   RW           59    .bss.hCAN1_RxHeader  can.o
    0x20000650        -       0x00000018   Zero   RW           60    .bss.hCAN1_TxHeader  can.o
    0x20000668        -       0x00000048   Zero   RW           40    .bss.hadc1          adc.o
    0x200006b0        -       0x00000048   Zero   RW           87    .bss.htim2          tim.o
    0x200006f8        -       0x00000048   Zero   RW           86    .bss.htim3          tim.o
    0x20000740        -       0x00000048   Zero   RW           88    .bss.htim4          tim.o
    0x20000788        -       0x00000044   Zero   RW          115    .bss.huart1         usart.o
    0x200007cc        -       0x00000044   Zero   RW          116    .bss.huart3         usart.o
    0x20000810        -       0x00000034   Zero   RW          352    .bss.pid            sensors_reading.o
    0x20000844        -       0x00000004   Zero   RW          804    .bss.uwTick         stm32f4xx_hal.o
    0x20000848        -       0x00000400   Zero   RW            1    STACK               startup_stm32f407xx.o


    Execution Region RW_IRAM2 (Exec base: 0x2001c000, Load base: 0x08006d18, Size: 0x00000000, Max: 0x00004000, ABSOLUTE)

    **** No section assigned to this execution region ****


==============================================================================

Image component sizes


      Code (inc. data)   RO Data    RW Data    ZI Data      Debug   Object Name

       406          0          0          0         72       5246   adc.o
       604         52          0          0        132       7707   can.o
      1548         38        386        280        120      96254   fourier_series_traj_exciting.o
        96          0          0          0          0       1487   gpio.o
       604         48          0          0         32       9342   ids830can.o
      1260        166         13          0        168      13209   lkmoto.o
       292          0          0          0          0       2869   main.o
      3612         48         20          4        132       9443   sensors_reading.o
        36          8        392          0       1024        840   startup_stm32f407xx.o
       204          0          0          8          4       7299   stm32f4xx_hal.o
      1280          0          0          0          0      11919   stm32f4xx_hal_adc.o
      1710          6          0          0          0      13837   stm32f4xx_hal_can.o
       200          0          0          0          0      10529   stm32f4xx_hal_cortex.o
       178          0          0          0          0      10603   stm32f4xx_hal_dma.o
       422          0          0          0          0       5262   stm32f4xx_hal_gpio.o
        56          0          0          0          0       1461   stm32f4xx_hal_msp.o
      1418          0          0          0          0       7365   stm32f4xx_hal_rcc.o
      1468          0          0          0          0      55040   stm32f4xx_hal_tim.o
       186          0          0          0          0      21245   stm32f4xx_hal_tim_ex.o
      2724          0          0          0          0      31722   stm32f4xx_hal_uart.o
       104          0          0          0          0       7796   stm32f4xx_it.o
        18          0         24          4          0       2652   system_stm32f4xx.o
       786          0          0          0        216       8747   tim.o
       460          0          0          0        940       9873   usart.o

    ----------------------------------------------------------------------
     19808        370        868        296       2840     351747   Object Totals
         0          0         32          0          0          0   (incl. Generated)
       136          4          1          0          0          0   (incl. Padding)

    ----------------------------------------------------------------------

      Code (inc. data)   RO Data    RW Data    ZI Data      Debug   Library Member Name

       200         20          0          0          0        164   cos.o
       368         46         48          0          0        200   cos_i.o
        84         16          0          0          0        372   dunder.o
        24          0          0          0          0        124   fabs.o
        48          0          0          0          0        124   fpclassify.o
       248          0          0          0          0        152   poly.o
      1080        142        204          0          0        188   rred.o
       200         20          0          0          0        164   sin.o
       304         24         40          0          0        208   sin_i.o
         0          0          0          0          0          0   entry.o
         0          0          0          0          0          0   entry10a.o
         0          0          0          0          0          0   entry11a.o
         8          4          0          0          0          0   entry2.o
         4          0          0          0          0          0   entry5.o
         0          0          0          0          0          0   entry7b.o
         0          0          0          0          0          0   entry8b.o
         8          4          0          0          0          0   entry9a.o
        12          6          0          4          0         68   errno.o
        30          0          0          0          0          0   handlers.o
        36          8          0          0          0         68   init.o
         0          0          0          0          0          0   iusefp.o
        30          0          0          0          0         68   llshl.o
        36          0          0          0          0         68   llsshr.o
        32          0          0          0          0         68   llushr.o
      2258         90          0          0          0        452   printfa.o
        36          6          0          0          0         80   puts.o
         0          0          0          4          0          0   stdout.o
        44          0          0          0          0         80   uidiv.o
        98          0          0          0          0         92   uldiv.o
        48          0          0          0          0         68   cdrcmple.o
        56          0          0          0          0         88   d2f.o
       334          0          0          0          0        148   dadd.o
        54          0          0          0          0         80   dcmplt.o
       222          0          0          0          0        100   ddiv.o
       186          0          0          0          0        176   depilogue.o
        62          0          0          0          0         80   dfixi.o
        48          0          0          0          0         68   dfixul.o
        34          0          0          0          0         76   dflti.o
        26          0          0          0          0         76   dfltui.o
       228          0          0          0          0         96   dmul.o
        38          0          0          0          0         68   f2d.o
       110          0          0          0          0        168   fepilogue.o

    ----------------------------------------------------------------------
      6648        390        296          8          0       4032   Library Totals
        14          4          4          0          0          0   (incl. Padding)

    ----------------------------------------------------------------------

      Code (inc. data)   RO Data    RW Data    ZI Data      Debug   Library Name

      2556        268        292          0          0       1696   m_wm.l
      2632        118          0          8          0       1044   mc_w.l
      1446          0          0          0          0       1292   mf_w.l

    ----------------------------------------------------------------------
      6648        390        296          8          0       4032   Library Totals

    ----------------------------------------------------------------------

==============================================================================


      Code (inc. data)   RO Data    RW Data    ZI Data      Debug   

     26456        760       1164        304       2840     353347   Grand Totals
     26456        760       1164        304       2840     353347   ELF Image Totals
     26456        760       1164        304          0          0   ROM Totals

==============================================================================

    Total RO  Size (Code + RO Data)                27620 (  26.97kB)
    Total RW  Size (RW Data + ZI Data)              3144 (   3.07kB)
    Total ROM Size (Code + RO Data + RW Data)      27924 (  27.27kB)

==============================================================================

