<html>
<body>
<pre>
<h1>µVision Build Log</h1>
<h2>Tool Versions:</h2>
IDE-Version: ¦ÌVision V5.38.0.0
Copyright (C) 2022 ARM Ltd and ARM Germany GmbH. All rights reserved.
License Information: 11 111, 11, LIC=UJWP0-B981D-AR8XW-Q1CFK-MR373-KZXMQ
 
Tool Versions:
Toolchain:       MDK-ARM Plus  Version: 5.38.0.0
Toolchain Path:  D:\APPs\Keil_v5\ARM\ARMCLANG\Bin
C Compiler:      ArmClang.exe V6.19
Assembler:       Armasm.exe V6.19
Linker/Locator:  ArmLink.exe V6.19
Library Manager: ArmAr.exe V6.19
Hex Converter:   FromElf.exe V6.19
CPU DLL:         SARMCM3.DLL V5.38.0.0
Dialog DLL:      DCM.DLL V1.17.5.0
Target DLL:      CMSIS_AGDI.dll V1.33.15.0
Dialog DLL:      TCM.DLL V1.56.4.0
 
<h2>Project:</h2>
e:\git_repo\my_repo\Ske_FollowControl_F4_RTOS\MDK-ARM\Ske_FollowControl_F4_RTOS.uvprojx
Project File Date:  12/26/2023

<h2>Output:</h2>
*** Using Compiler 'V6.19', folder: 'D:\APPs\Keil_v5\ARM\ARMCLANG\Bin'
Build target 'Ske_FollowControl_F4_RTOS'
../Core/Src/Sensors_reading.c(224): warning: using floating point absolute value function 'fabs' when argument is of integer type [-Wabsolute-value]
                LinearActuator_startRun_maxspeed_position(1, -2+current_position, 5*fabs(-5)/0.05);
                                                                                    ^
../Core/Src/Sensors_reading.c(224): note: use function 'abs' instead
                LinearActuator_startRun_maxspeed_position(1, -2+current_position, 5*fabs(-5)/0.05);
                                                                                    ^~~~
                                                                                    abs
../Core/Src/Sensors_reading.c(224): note: include the header <stdlib.h> or explicitly provide a declaration for 'abs'
../Core/Src/Sensors_reading.c(241): warning: using floating point absolute value function 'fabs' when argument is of integer type [-Wabsolute-value]
                LinearActuator_startRun_maxspeed_position(1, 1+current_position, 5*fabs(5)/0.05);
                                                                                   ^
../Core/Src/Sensors_reading.c(241): note: use function 'abs' instead
                LinearActuator_startRun_maxspeed_position(1, 1+current_position, 5*fabs(5)/0.05);
                                                                                   ^~~~
                                                                                   abs
../Core/Src/Sensors_reading.c(241): note: include the header <stdlib.h> or explicitly provide a declaration for 'abs'
2 warnings generated.
compiling Sensors_reading.c...
linking...
Program Size: Code=26456 RO-data=1164 RW-data=304 ZI-data=2840  
FromELF: creating hex file...
"Ske_FollowControl_F4_RTOS\Ske_FollowControl_F4_RTOS.axf" - 0 Error(s), 2 Warning(s).

<h2>Software Packages used:</h2>

Package Vendor: ARM
                http://www.keil.com/pack/ARM.CMSIS.5.9.0.pack
                ARM.CMSIS.5.9.0
                CMSIS (Common Microcontroller Software Interface Standard)
   * Component: CORE Version: 5.6.0

Package Vendor: Keil
                https://www.keil.com/pack/Keil.STM32F4xx_DFP.2.17.1.pack
                Keil.STM32F4xx_DFP.2.17.1
                STMicroelectronics STM32F4 Series Device Support, Drivers and Examples

<h2>Collection of Component include folders:</h2>
  ./RTE/_Ske_FollowControl_F4_RTOS
  D:/APPdata/Arm/Packs/ARM/CMSIS/5.9.0/CMSIS/Core/Include
  D:/APPdata/Arm/Packs/Keil/STM32F4xx_DFP/2.17.1/Drivers/CMSIS/Device/ST/STM32F4xx/Include

<h2>Collection of Component Files used:</h2>

   * Component: ARM::CMSIS:CORE:5.6.0
      Include file:  CMSIS/Core/Include/tz_context.h
Build Time Elapsed:  00:00:01
</pre>
</body>
</html>
